/usr/bin/git
/usr/bin/flock

=== Fast local check: cbattlegear-studious-train @ 9f0e55114b6dedb815d21086c48dcc77b5dda7c2 ===
Waiting for shared local Gradle lane (other workstreams may be running)...
Importing new local Git objects...
Previous HEAD position was 9edad240fe [WP-302] Integrate exact serialized Nav-only producer support
HEAD is now at 9f0e55114b [WP-302] Bind native test inputs after variant task registration
Materialized 3891 tracked inputs from immutable HEAD blobs
Retained exact installed reservation bytes for relocated hook regressions
Local reports: /home/cbattagler/meshcoreone-work/local-checks/run-kWo91q7U

===== FAST LOCAL: assemble =====
Executing: /home/cbattagler/meshcoreone-work/local-checks/repos/ef5b4cfe42514537/android/gradlew -p /home/cbattagler/meshcoreone-work/local-checks/repos/ef5b4cfe42514537/android :app:assembleDebug --console=plain --dependency-verification strict --build-cache --no-parallel --max-workers=4 -PscaffoldTestHeap=512m
> Task :build-logic:convention:checkKotlinGradlePluginConfigurationErrors SKIPPED
> Task :build-logic:convention:compileKotlin UP-TO-DATE
> Task :build-logic:convention:compileJava NO-SOURCE
> Task :build-logic:convention:pluginDescriptors UP-TO-DATE
> Task :build-logic:convention:processResources UP-TO-DATE
> Task :build-logic:convention:classes UP-TO-DATE
> Task :build-logic:convention:jar UP-TO-DATE

> Configure project :app
w: file:///home/cbattagler/meshcoreone-work/local-checks/repos/ef5b4cfe42514537/android/app/build.gradle.kts:55:39: 'fun srcDir(srcDir: Any): Any' is deprecated. Use `directories` mutable set instead.
w: file:///home/cbattagler/meshcoreone-work/local-checks/repos/ef5b4cfe42514537/android/app/build.gradle.kts:110:43: 'fun <U : Task> RegisteringDomainObjectDelegateProviderWithTypeAndAction<out TaskContainer, U>.provideDelegate(receiver: Any?, property: KProperty<*>): ExistingDomainObjectDelegate<TaskProvider<U>>' is deprecated. Use 'val task = tasks.register<Type>(name) { }' instead. See the Gradle 9.6 upgrading guide.
w: file:///home/cbattagler/meshcoreone-work/local-checks/repos/ef5b4cfe42514537/android/app/build.gradle.kts:110:43: 'fun <T : Any, C : PolymorphicDomainObjectContainer<T>, U : T> C.registering(type: KClass<U>, action: U.() -> Unit): RegisteringDomainObjectDelegateProviderWithTypeAndAction<out C, U>' is deprecated. Use 'val element = register<Type>(name) { }' instead. See the Gradle 9.6 upgrading guide.
w: file:///home/cbattagler/meshcoreone-work/local-checks/repos/ef5b4cfe42514537/android/app/build.gradle.kts:110:43: 'fun <T> ExistingDomainObjectDelegate<out T>.getValue(receiver: Any?, property: KProperty<*>): T' is deprecated. Use the named() API instead. See the Gradle 9.6 upgrading guide.
w: file:///home/cbattagler/meshcoreone-work/local-checks/repos/ef5b4cfe42514537/android/app/build.gradle.kts:117:41: 'fun <U : Task> RegisteringDomainObjectDelegateProviderWithTypeAndAction<out TaskContainer, U>.provideDelegate(receiver: Any?, property: KProperty<*>): ExistingDomainObjectDelegate<TaskProvider<U>>' is deprecated. Use 'val task = tasks.register<Type>(name) { }' instead. See the Gradle 9.6 upgrading guide.
w: file:///home/cbattagler/meshcoreone-work/local-checks/repos/ef5b4cfe42514537/android/app/build.gradle.kts:117:41: 'fun <T : Any, C : PolymorphicDomainObjectContainer<T>, U : T> C.registering(type: KClass<U>, action: U.() -> Unit): RegisteringDomainObjectDelegateProviderWithTypeAndAction<out C, U>' is deprecated. Use 'val element = register<Type>(name) { }' instead. See the Gradle 9.6 upgrading guide.
w: file:///home/cbattagler/meshcoreone-work/local-checks/repos/ef5b4cfe42514537/android/app/build.gradle.kts:117:41: 'fun <T> ExistingDomainObjectDelegate<out T>.getValue(receiver: Any?, property: KProperty<*>): T' is deprecated. Use the named() API instead. See the Gradle 9.6 upgrading guide.
[=========                              ] 25%                                   
WARNING: platform-tools package is not installed.
Add android.sync.suppressAgpWarnings=MISSING_SDK_PACKAGE to the gradle.properties file to suppress this warning.

> Task :app:preBuild UP-TO-DATE
> Task :app:preDebugBuild UP-TO-DATE
> Task :app:mergeDebugNativeDebugMetadata NO-SOURCE
> Task :core:contracts:checkKotlinGradlePluginConfigurationErrors SKIPPED
> Task :core:model:checkKotlinGradlePluginConfigurationErrors SKIPPED
> Task :core:protocol:checkKotlinGradlePluginConfigurationErrors SKIPPED
> Task :core:protocol:compileKotlin UP-TO-DATE
> Task :core:protocol:compileJava NO-SOURCE
> Task :core:contracts:processResources NO-SOURCE
> Task :core:model:processResources NO-SOURCE
> Task :core:protocol:processResources NO-SOURCE
> Task :core:protocol:classes UP-TO-DATE
> Task :core:protocol:jar
> Task :core:runtime:checkKotlinGradlePluginConfigurationErrors SKIPPED
> Task :core:runtime:processResources NO-SOURCE
> Task :core:services:checkKotlinGradlePluginConfigurationErrors SKIPPED
> Task :core:services:processResources NO-SOURCE
> Task :app:generateDebugResources UP-TO-DATE
> Task :app:packageDebugResources UP-TO-DATE
> Task :core:ble:preBuild UP-TO-DATE
> Task :core:ble:preDebugBuild UP-TO-DATE
> Task :core:ble:processDebugNavigationResources UP-TO-DATE
> Task :core:connectivity:preBuild UP-TO-DATE
> Task :core:connectivity:preDebugBuild UP-TO-DATE
> Task :core:connectivity:processDebugNavigationResources UP-TO-DATE
> Task :core:data:preBuild UP-TO-DATE
> Task :core:data:preDebugBuild UP-TO-DATE
> Task :core:data:processDebugNavigationResources UP-TO-DATE
> Task :core:database:preBuild UP-TO-DATE
> Task :core:database:preDebugBuild UP-TO-DATE
> Task :core:database:processDebugNavigationResources UP-TO-DATE

> Task :core:datastore:verifyPreferenceNotices
{
  "result": "exact-notice-inputs-verified",
  "notices": 5,
  "normalized_windows_checkout_paths": [],
  "scope": "only exact source notice byte/hash preservation; not an APK, legal or hardware result"
}

> Task :core:datastore:preBuild
> Task :core:datastore:preDebugBuild
> Task :core:datastore:processDebugNavigationResources UP-TO-DATE

> Task :core:designsystem:verifyThemeConversion
.....................
----------------------------------------------------------------------
Ran 21 tests in 5.771s

OK
{"color_assets": 44, "converter_cases": {"discovered": 21, "errors": 0, "failed": 0, "passed": 21, "skipped": 0}, "generated_outputs": 23, "primary_inputs": 89, "recovery_locales": 12, "result": "passed", "themes": 10}

> Task :core:designsystem:verifyThemeNotices
....
----------------------------------------------------------------------
Ran 4 tests in 0.021s

OK
{"notices": [{"bytes": 35149, "path": "assets/licenses/WP-301/GPL-3.0-app.txt", "sha256": "3972dc9744f6499f0f9b2dbf76696f2ae7ad8af9b23dde66d6af86c9dfb36986"}, {"bytes": 1067, "path": "assets/licenses/WP-301/Catppuccin-MIT.txt", "sha256": "814096d2c34cc216c624738a49356f32b7237733b4f7edb0685f4e50ef5074ba"}, {"bytes": 1100, "path": "assets/licenses/WP-301/Nord-MIT.txt", "sha256": "50651dcbffd506bb790bb026d1ba2cbb6fcdd74d0879680443b46c957120e39d"}, {"bytes": 1073, "path": "assets/licenses/WP-301/Solarized-MIT.txt", "sha256": "cf523d5258de35becb9d985b962057965921f94790a741daa1a74e0ead8cfc29"}], "result": "passed", "scope": "exact frozen notice bytes only"}

> Task :core:designsystem:preBuild
> Task :core:designsystem:preDebugBuild
> Task :core:designsystem:processDebugNavigationResources UP-TO-DATE

> Task :core:l10n:verifyL10nConversion
...............................................................E....
> Task :core:model:compileKotlin
w: file:///home/cbattagler/meshcoreone-work/local-checks/repos/ef5b4cfe42514537/android/core/model/src/main/kotlin/com/meshcoreone/android/core/model/DiagnosticDTOs.kt:14:29 Non-public primary constructor is exposed via the generated 'copy()' method of the 'data' class.

The generated 'copy()' will change its visibility in future releases.

To suppress the warning do one of the following:
- Annotate the data class with the '@ConsistentCopyVisibility' annotation.
- Use the '-Xconsistent-data-class-copy-visibility' compiler flag.
- Annotate the data class with the '@ExposedCopyVisibility' annotation 
  (Discouraged, but can be used to keep binary compatibility).

To learn more, see the documentation of the '@ConsistentCopyVisibility' and '@ExposedCopyVisibility' annotations.

This will become an error in language version 2.5. See https://youtrack.jetbrains.com/issue/KT-11914.
w: file:///home/cbattagler/meshcoreone-work/local-checks/repos/ef5b4cfe42514537/android/core/model/src/main/kotlin/com/meshcoreone/android/core/model/ProtocolValues.kt:92:27 Non-public primary constructor is exposed via the generated 'copy()' method of the 'data' class.

The generated 'copy()' will change its visibility in future releases.

To suppress the warning do one of the following:
- Annotate the data class with the '@ConsistentCopyVisibility' annotation.
- Use the '-Xconsistent-data-class-copy-visibility' compiler flag.
- Annotate the data class with the '@ExposedCopyVisibility' annotation 
  (Discouraged, but can be used to keep binary compatibility).

To learn more, see the documentation of the '@ConsistentCopyVisibility' and '@ExposedCopyVisibility' annotations.

This will become an error in language version 2.5. See https://youtrack.jetbrains.com/issue/KT-11914.

> Task :core:l10n:verifyL10nConversion
......
======================================================================
ERROR: test_generated_headers_pass_the_actual_trusted_traceability_validator (test_l10n_convert.SourcePipelineTest.test_generated_headers_pass_the_actual_trusted_traceability_validator)
----------------------------------------------------------------------
Traceback (most recent call last):
  File "/home/cbattagler/meshcoreone-work/local-checks/repos/ef5b4cfe42514537/docs/android/localization/test_l10n_convert.py", line 339, in test_generated_headers_pass_the_actual_trusted_traceability_validator
    mapped = {entry["implementation"]: entry for entry in port_map(load_manifest(c.REPOSITORY))}
                                                          ^^^^^^^^^^^^^^^^^^^^^^^^^^^^^^^^^^^^^
  File "/home/cbattagler/meshcoreone-work/local-checks/repos/ef5b4cfe42514537/tools/android-port/portmap.py", line 41, in port_map
    raise PortError(f"Invalid Android-only owner/write path: {relative}")
controller.errors.PortError: Invalid Android-only owner/write path: android/app/src/main/kotlin/com/meshcoreone/android/MainActivity.kt

----------------------------------------------------------------------
Ran 74 tests in 9.335s

FAILED (errors=1)
FAIL: converter self-tests: failed/error/skipped/incomplete assertions

> Task :core:l10n:verifyL10nConversion FAILED

[Incubating] Problems report is available at: file:///home/cbattagler/meshcoreone-work/local-checks/repos/ef5b4cfe42514537/android/build/reports/problems/problems-report.html

FAILURE: Build failed with an exception.

* What went wrong:
Execution failed for task ':core:l10n:verifyL10nConversion' (registered in build file 'core/l10n/build.gradle.kts').
> Process 'command 'python'' finished with non-zero exit value 2

* Try:
> Run with --stacktrace option to get the stack trace.
> Run with --info or --debug option to get more log output.
> Run with --scan to get full insights from a Build Scan (powered by Develocity).
> Get more help at https://help.gradle.org.

Deprecated Gradle features were used in this build, making it incompatible with Gradle 10.

You can use '--warning-mode all' to show the individual deprecation warnings and determine if they come from your own scripts or plugins.

For more on this, please refer to https://docs.gradle.org/9.8.0/userguide/command_line_interface.html#sec:command_line_warnings in the Gradle documentation.

BUILD FAILED in 25s
19 actionable tasks: 6 executed, 13 up-to-date
Traceback (most recent call last):
  File "/mnt/c/Users/camer/AppData/Local/Temp/meshcore-local-oew_7msr/control/fast.py", line 113, in <module>
    main()
  File "/mnt/c/Users/camer/AppData/Local/Temp/meshcore-local-oew_7msr/control/fast.py", line 80, in main
    execute([str(args.repo / "android" / "gradlew"), "-p", str(project),
  File "/mnt/c/Users/camer/AppData/Local/Temp/meshcore-local-oew_7msr/control/fast.py", line 22, in execute
    raise subprocess.CalledProcessError(status, command)
subprocess.CalledProcessError: Command '['/home/cbattagler/meshcoreone-work/local-checks/repos/ef5b4cfe42514537/android/gradlew', '-p', '/home/cbattagler/meshcoreone-work/local-checks/repos/ef5b4cfe42514537/android', ':app:assembleDebug', '--console=plain', '--dependency-verification', 'strict', '--build-cache', '--no-parallel', '--max-workers=4', '-PscaffoldTestHeap=512m']' returned non-zero exit status 1.
BLOCKED: Command '['C:\\Windows\\system32\\wsl.exe', '--distribution', 'Ubuntu-22.04', '--', 'bash', '/mnt/c/Users/camer/AppData/Local/Temp/meshcore-local-oew_7msr/control/run.sh', '/mnt/c/Users/camer/AppData/Local/Temp/meshcore-local-oew_7msr/candidate.bundle', '9f0e55114b6dedb815d21086c48dcc77b5dda7c2', 'ef5b4cfe42514537', '/mnt/c/Users/camer/AppData/Local/Temp/meshcore-local-oew_7msr/control', 'assemble', '']' returned non-zero exit status 1.
