/usr/bin/git
/usr/bin/flock

=== Fast local check: cbattlegear-studious-train @ 9edad240fe623c1c5d1139e38c08c01bfb020869 ===
Waiting for shared local Gradle lane (other workstreams may be running)...
Importing new local Git objects...
Previous HEAD position was 5507d4041 [WP-302] Correct additive Nav3 coordinates without advancing incumbent pins
HEAD is now at 9edad240f [WP-302] Integrate exact serialized Nav-only producer support
Materialized 3890 tracked inputs from immutable HEAD blobs
Retained exact installed reservation bytes for relocated hook regressions
Local reports: /home/cbattagler/meshcoreone-work/local-checks/run-omg8hn2K

===== FAST LOCAL: preflight =====
Executing /home/cbattagler/meshcoreone-work/venv312/bin/python /home/cbattagler/meshcoreone-work/local-checks/repos/ef5b4cfe42514537/android/scaffold/check_environment.py
===== PASS: preflight =====

===== FAST LOCAL: assemble =====
Executing: /home/cbattagler/meshcoreone-work/local-checks/repos/ef5b4cfe42514537/android/gradlew -p /home/cbattagler/meshcoreone-work/local-checks/repos/ef5b4cfe42514537/android :app:assembleDebug --console=plain --dependency-verification strict --build-cache --no-parallel --max-workers=4 -PscaffoldTestHeap=512m
> Task :build-logic:convention:checkKotlinGradlePluginConfigurationErrors SKIPPED
> Task :build-logic:convention:compileKotlin UP-TO-DATE
> Task :build-logic:convention:compileJava NO-SOURCE
> Task :build-logic:convention:pluginDescriptors UP-TO-DATE
> Task :build-logic:convention:processResources UP-TO-DATE
> Task :build-logic:convention:classes UP-TO-DATE
> Task :build-logic:convention:jar UP-TO-DATE

> Configure project :app
w: file:///home/cbattagler/meshcoreone-work/local-checks/repos/ef5b4cfe42514537/android/app/build.gradle.kts:55:39: 'fun srcDir(srcDir: Any): Any' is deprecated. Use `directories` mutable set instead.
w: file:///home/cbattagler/meshcoreone-work/local-checks/repos/ef5b4cfe42514537/android/app/build.gradle.kts:110:43: 'fun <U : Task> RegisteringDomainObjectDelegateProviderWithTypeAndAction<out TaskContainer, U>.provideDelegate(receiver: Any?, property: KProperty<*>): ExistingDomainObjectDelegate<TaskProvider<U>>' is deprecated. Use 'val task = tasks.register<Type>(name) { }' instead. See the Gradle 9.6 upgrading guide.
w: file:///home/cbattagler/meshcoreone-work/local-checks/repos/ef5b4cfe42514537/android/app/build.gradle.kts:110:43: 'fun <T : Any, C : PolymorphicDomainObjectContainer<T>, U : T> C.registering(type: KClass<U>, action: U.() -> Unit): RegisteringDomainObjectDelegateProviderWithTypeAndAction<out C, U>' is deprecated. Use 'val element = register<Type>(name) { }' instead. See the Gradle 9.6 upgrading guide.
w: file:///home/cbattagler/meshcoreone-work/local-checks/repos/ef5b4cfe42514537/android/app/build.gradle.kts:110:43: 'fun <T> ExistingDomainObjectDelegate<out T>.getValue(receiver: Any?, property: KProperty<*>): T' is deprecated. Use the named() API instead. See the Gradle 9.6 upgrading guide.
w: file:///home/cbattagler/meshcoreone-work/local-checks/repos/ef5b4cfe42514537/android/app/build.gradle.kts:117:41: 'fun <U : Task> RegisteringDomainObjectDelegateProviderWithTypeAndAction<out TaskContainer, U>.provideDelegate(receiver: Any?, property: KProperty<*>): ExistingDomainObjectDelegate<TaskProvider<U>>' is deprecated. Use 'val task = tasks.register<Type>(name) { }' instead. See the Gradle 9.6 upgrading guide.
w: file:///home/cbattagler/meshcoreone-work/local-checks/repos/ef5b4cfe42514537/android/app/build.gradle.kts:117:41: 'fun <T : Any, C : PolymorphicDomainObjectContainer<T>, U : T> C.registering(type: KClass<U>, action: U.() -> Unit): RegisteringDomainObjectDelegateProviderWithTypeAndAction<out C, U>' is deprecated. Use 'val element = register<Type>(name) { }' instead. See the Gradle 9.6 upgrading guide.
w: file:///home/cbattagler/meshcoreone-work/local-checks/repos/ef5b4cfe42514537/android/app/build.gradle.kts:117:41: 'fun <T> ExistingDomainObjectDelegate<out T>.getValue(receiver: Any?, property: KProperty<*>): T' is deprecated. Use the named() API instead. See the Gradle 9.6 upgrading guide.

[Incubating] Problems report is available at: file:///home/cbattagler/meshcoreone-work/local-checks/repos/ef5b4cfe42514537/android/build/reports/problems/problems-report.html

FAILURE: Build failed with an exception.

* Where:
Build file '/home/cbattagler/meshcoreone-work/local-checks/repos/ef5b4cfe42514537/android/app/build.gradle.kts' line: 144

* What went wrong:
Task with name 'testDebugUnitTest' not found in project ':app'.

* Try:
> Run with --stacktrace option to get the stack trace.
> Run with --info or --debug option to get more log output.
> Run with --scan to get full insights from a Build Scan (powered by Develocity).
> Get more help at https://help.gradle.org.

Deprecated Gradle features were used in this build, making it incompatible with Gradle 10.

You can use '--warning-mode all' to show the individual deprecation warnings and determine if they come from your own scripts or plugins.

For more on this, please refer to https://docs.gradle.org/9.8.0/userguide/command_line_interface.html#sec:command_line_warnings in the Gradle documentation.

BUILD FAILED in 5s
4 actionable tasks: 4 up-to-date
Traceback (most recent call last):
  File "/mnt/c/Users/camer/AppData/Local/Temp/meshcore-local-d9ks1isz/control/fast.py", line 113, in <module>
    main()
  File "/mnt/c/Users/camer/AppData/Local/Temp/meshcore-local-d9ks1isz/control/fast.py", line 80, in main
    execute([str(args.repo / "android" / "gradlew"), "-p", str(project),
  File "/mnt/c/Users/camer/AppData/Local/Temp/meshcore-local-d9ks1isz/control/fast.py", line 22, in execute
    raise subprocess.CalledProcessError(status, command)
subprocess.CalledProcessError: Command '['/home/cbattagler/meshcoreone-work/local-checks/repos/ef5b4cfe42514537/android/gradlew', '-p', '/home/cbattagler/meshcoreone-work/local-checks/repos/ef5b4cfe42514537/android', ':app:assembleDebug', '--console=plain', '--dependency-verification', 'strict', '--build-cache', '--no-parallel', '--max-workers=4', '-PscaffoldTestHeap=512m']' returned non-zero exit status 1.
BLOCKED: Command '['C:\\Windows\\system32\\wsl.exe', '--distribution', 'Ubuntu-22.04', '--', 'bash', '/mnt/c/Users/camer/AppData/Local/Temp/meshcore-local-d9ks1isz/control/run.sh', '/mnt/c/Users/camer/AppData/Local/Temp/meshcore-local-d9ks1isz/candidate.bundle', '9edad240fe623c1c5d1139e38c08c01bfb020869', 'ef5b4cfe42514537', '/mnt/c/Users/camer/AppData/Local/Temp/meshcore-local-d9ks1isz/control', 'preflight,assemble', '']' returned non-zero exit status 1.
