/usr/bin/git
/usr/bin/flock

=== Fast local check: cbattlegear-studious-train @ a19f571f95916c244b22fda8fe52e1d382811e43 ===
Waiting for shared local Gradle lane (other workstreams may be running)...
Importing new local Git objects...
Previous HEAD position was 9f0e55114b [WP-302] Bind native test inputs after variant task registration
HEAD is now at a19f571f95 [WP-302] Admit the exact approved native navigation scope
Materialized 3898 tracked inputs from immutable HEAD blobs
Retained exact installed reservation bytes for relocated hook regressions
Local reports: /home/cbattagler/meshcoreone-work/local-checks/run-BXmEWA9B

===== FAST LOCAL: python =====
Executing /home/cbattagler/meshcoreone-work/venv312/bin/python /home/cbattagler/meshcoreone-work/local-checks/repos/ef5b4cfe42514537/tools/android-port/controller/validate.py
Executing /home/cbattagler/meshcoreone-work/venv312/bin/python /home/cbattagler/meshcoreone-work/local-checks/repos/ef5b4cfe42514537/tools/android-port/portmap.py
Executing /home/cbattagler/meshcoreone-work/venv312/bin/python /home/cbattagler/meshcoreone-work/local-checks/repos/ef5b4cfe42514537/android/scaffold/sync_notices.py
usage: fast.py [-h] [--audit-writer-scope] [--base-sha BASE_SHA]
               [--output OUTPUT]
fast.py: error: --audit-writer-scope and --base-sha must be requested together
usage: fast.py [-h] [--audit-writer-scope] [--base-sha BASE_SHA]
               [--output OUTPUT]
fast.py: error: --audit-writer-scope and --base-sha must be requested together
usage: fast.py [-h] [--audit-writer-scope] [--base-sha BASE_SHA]
               [--output OUTPUT]
fast.py: error: unrecognized arguments: --write
BLOCKED: Current output must be outside the repository; historical local-evidence.json is immutable
----------------------------------------------------------------------
Ran 234 tests in 30.411s

OK
----------------------------------------------------------------------
Ran 15 tests in 0.104s

OK
{
  "controller": {
    "discovered": 234,
    "run": 234,
    "passed": 234,
    "failed": 0,
    "errors": 0,
    "skipped": 0
  },
  "scaffold": {
    "discovered": 15,
    "run": 15,
    "passed": 15,
    "failed": 0,
    "errors": 0,
    "skipped": 0
  }
}

Executing: /home/cbattagler/meshcoreone-work/venv312/bin/python -m unittest discover -s /mnt/c/Users/camer/AppData/Local/Temp/meshcore-local-blxxdg69/control -p test_*.py -v
test_broken_wsl_is_not_treated_as_ready (test_check.LocalCheckTests.test_broken_wsl_is_not_treated_as_ready) ... ok
test_deletions_and_duplicate_tips (test_check.LocalCheckTests.test_deletions_and_duplicate_tips) ... ok
test_empty_push_has_no_updates (test_check.LocalCheckTests.test_empty_push_has_no_updates) ... ok
test_existing_hook_is_preserved (test_check.LocalCheckTests.test_existing_hook_is_preserved) ... ok
test_hook_runs_every_exact_commit (test_check.LocalCheckTests.test_hook_runs_every_exact_commit) ... 
=== Fast local check: ef5b4cfe42514537 @ aaaaaaaaaaaaaaaaaaaaaaaaaaaaaaaaaaaaaaaa ===

=== Fast local check: ef5b4cfe42514537 @ bbbbbbbbbbbbbbbbbbbbbbbbbbbbbbbbbbbbbbbb ===
ok
test_install_is_repeatable_and_preserves_lf (test_check.LocalCheckTests.test_install_is_repeatable_and_preserves_lf) ... Installed /tmp/tmpwwrsyp_1/pre-push. Shared Git hooks apply to every worktree in this repository.
Installed /tmp/tmpwwrsyp_1/pre-push. Shared Git hooks apply to every worktree in this repository.
ok
test_malformed_push_is_blocked (test_check.LocalCheckTests.test_malformed_push_is_blocked) ... ok
test_missing_wsl_does_not_install (test_check.LocalCheckTests.test_missing_wsl_does_not_install) ... ok
test_multiple_exact_push_tips_not_head (test_check.LocalCheckTests.test_multiple_exact_push_tips_not_head) ... ok
test_nonzero_runner_blocks_push (test_check.LocalCheckTests.test_nonzero_runner_blocks_push) ... 
=== Fast local check: ef5b4cfe42514537 @ HEAD ===
ok
test_overlay_copies_only_changes_and_preserves_staged_deletions (test_check.LocalCheckTests.test_overlay_copies_only_changes_and_preserves_staged_deletions) ... ok
test_partial_hook_or_worktree_hook_is_blocked (test_check.LocalCheckTests.test_partial_hook_or_worktree_hook_is_blocked) ... ok
test_unknown_empty_duplicate_stages_are_blocked (test_check.LocalCheckTests.test_unknown_empty_duplicate_stages_are_blocked) ... ok
test_wsl_path_preserves_spaces_and_drive (test_check.LocalCheckTests.test_wsl_path_preserves_spaces_and_drive) ... ok
test_every_held_controller_state_and_malformed_scope_reject (test_check.ProducerTransferTests.test_every_held_controller_state_and_malformed_scope_reject) ... ok
test_foreign_trigger_mutation_and_second_receipt_mutation_roll_back (test_check.ProducerTransferTests.test_foreign_trigger_mutation_and_second_receipt_mutation_roll_back) ... ok
test_malformed_missing_fields_and_all_binding_fields_reject (test_check.ProducerTransferTests.test_malformed_missing_fields_and_all_binding_fields_reject) ... ok
test_missing_source_or_target_receipt_never_creates_owner (test_check.ProducerTransferTests.test_missing_source_or_target_receipt_never_creates_owner) ... ok
test_only_exact_ordered_three_paths_with_authorization_can_transfer (test_check.ProducerTransferTests.test_only_exact_ordered_three_paths_with_authorization_can_transfer) ... ok
test_original_catalog_binding_accepts_only_exact_reversible_prefix_amendment (test_check.ProducerTransferTests.test_original_catalog_binding_accepts_only_exact_reversible_prefix_amendment) ... ok
test_positive_two_full_receipt_transfer_preserves_identity_bindings_and_foreign_raw (test_check.ProducerTransferTests.test_positive_two_full_receipt_transfer_preserves_identity_bindings_and_foreign_raw) ... ok
test_stale_either_digest_or_full_receipt_rejects_without_writes (test_check.ProducerTransferTests.test_stale_either_digest_or_full_receipt_rejects_without_writes) ... ok
test_third_party_supervised_overlap_is_checked_in_transaction (test_check.ProducerTransferTests.test_third_party_supervised_overlap_is_checked_in_transaction) ... ok
test_wrong_wp_owner_repository_and_same_identity_reject (test_check.ProducerTransferTests.test_wrong_wp_owner_repository_and_same_identity_reject) ... ok
test_additions_must_be_explicit_nonempty_unique_literal_paths (test_check.ReconciliationTests.test_additions_must_be_explicit_nonempty_unique_literal_paths) ... ok
test_all_held_controller_states_block_overlap_in_same_transaction (test_check.ReconciliationTests.test_all_held_controller_states_block_overlap_in_same_transaction) ... ok
test_cli_deliberate_reconcile_checks_actual_identity_and_binding (test_check.ReconciliationTests.test_cli_deliberate_reconcile_checks_actual_identity_and_binding) ... ok
test_digest_must_cover_full_fields_and_be_well_formed (test_check.ReconciliationTests.test_digest_must_cover_full_fields_and_be_well_formed) ... ok
test_every_original_receipt_field_is_required_and_unknown_fields_fail (test_check.ReconciliationTests.test_every_original_receipt_field_is_required_and_unknown_fields_fail) ... ok
test_expected_identity_authorization_paths_and_revisions_cannot_be_forged (test_check.ReconciliationTests.test_expected_identity_authorization_paths_and_revisions_cannot_be_forged) ... ok
test_full_16_to_30_union_preserves_original_identity_binding_and_foreign_raw (test_check.ReconciliationTests.test_full_16_to_30_union_preserves_original_identity_binding_and_foreign_raw) ... ok
test_full_raw_readback_is_captured_inside_the_same_transaction (test_check.ReconciliationTests.test_full_raw_readback_is_captured_inside_the_same_transaction) ... ok
test_live_302_overlap_is_rejected_with_owner_session_branch_and_raw_unchanged (test_check.ReconciliationTests.test_live_302_overlap_is_rejected_with_owner_session_branch_and_raw_unchanged) ... ok
test_malformed_foreign_supervised_and_controller_records_fail_unchanged (test_check.ReconciliationTests.test_malformed_foreign_supervised_and_controller_records_fail_unchanged) ... ok
test_malformed_held_controller_state_json_identity_or_paths_fail_unchanged (test_check.ReconciliationTests.test_malformed_held_controller_state_json_identity_or_paths_fail_unchanged) ... ok
test_malformed_receipt_shapes_and_bindings_fail_without_changes (test_check.ReconciliationTests.test_malformed_receipt_shapes_and_bindings_fail_without_changes) ... ok
test_missing_original_receipt_cannot_create_an_owner (test_check.ReconciliationTests.test_missing_original_receipt_cannot_create_an_owner) ... ok
test_ordinary_claim_scope_and_revision_immutability_are_unchanged (test_check.ReconciliationTests.test_ordinary_claim_scope_and_revision_immutability_are_unchanged) ... ok
test_separate_302_owner_5_to_8_preserves_its_original_binding (test_check.ReconciliationTests.test_separate_302_owner_5_to_8_preserves_its_original_binding) ... ok
test_stale_cas_after_success_changes_no_records (test_check.ReconciliationTests.test_stale_cas_after_success_changes_no_records) ... ok
test_two_concurrent_stale_cas_calls_commit_only_one_full_union (test_check.ReconciliationTests.test_two_concurrent_stale_cas_calls_commit_only_one_full_union) ... ok
test_unexpected_trigger_mutation_rolls_back_every_raw_record (test_check.ReconciliationTests.test_unexpected_trigger_mutation_rolls_back_every_raw_record) ... ok
test_wrong_caller_identity_or_any_of_four_binding_fields_fails (test_check.ReconciliationTests.test_wrong_caller_identity_or_any_of_four_binding_fields_fails) ... ok
test_committed_crlf_checkout_filters_restore_literal_blobs_not_normalized_data (test_check.SnapshotMaterializationTests.test_committed_crlf_checkout_filters_restore_literal_blobs_not_normalized_data) ... ok
test_escaping_tracked_symlink_cannot_reach_original_fixture (test_check.SnapshotMaterializationTests.test_escaping_tracked_symlink_cannot_reach_original_fixture) ... ok
test_leaf_hardlink_cannot_modify_original_outside_snapshot (test_check.SnapshotMaterializationTests.test_leaf_hardlink_cannot_modify_original_outside_snapshot) ... ok
test_new_committed_revision_deletion_rename_space_and_unicode_paths (test_check.SnapshotMaterializationTests.test_new_committed_revision_deletion_rename_space_and_unicode_paths) ... ok
test_overlay_crlf_then_committed_reuse_deletes_only_overlay_tracked_paths (test_check.SnapshotMaterializationTests.test_overlay_crlf_then_committed_reuse_deletes_only_overlay_tracked_paths) ... ok
test_relocated_hook_receives_exact_installed_reservation_code_without_source_writes (test_check.SnapshotMaterializationTests.test_relocated_hook_receives_exact_installed_reservation_code_without_source_writes) ... ok
test_safe_tracked_symlink_preserves_literal_link_blob (test_check.SnapshotMaterializationTests.test_safe_tracked_symlink_preserves_literal_link_blob) ... ok
test_same_head_reuse_repairs_every_tracked_byte_and_mode (test_check.SnapshotMaterializationTests.test_same_head_reuse_repairs_every_tracked_byte_and_mode) ... ok
test_unmanaged_snapshot_is_refused_before_checkout_or_test (test_check.SnapshotMaterializationTests.test_unmanaged_snapshot_is_refused_before_checkout_or_test) ... ok
test_every_held_controller_state_and_malformed_scope_reject (test_check.ValidatorTransferTests.test_every_held_controller_state_and_malformed_scope_reject) ... ok
test_exact_validator_controller_collision_rolls_back (test_check.ValidatorTransferTests.test_exact_validator_controller_collision_rolls_back) ... ok
test_exact_validator_prefix_third_party_collision_rolls_back (test_check.ValidatorTransferTests.test_exact_validator_prefix_third_party_collision_rolls_back) ... ok
test_foreign_trigger_mutation_and_second_receipt_mutation_roll_back (test_check.ValidatorTransferTests.test_foreign_trigger_mutation_and_second_receipt_mutation_roll_back) ... ok
test_malformed_missing_fields_and_all_binding_fields_reject (test_check.ValidatorTransferTests.test_malformed_missing_fields_and_all_binding_fields_reject) ... ok
test_missing_source_or_target_receipt_never_creates_owner (test_check.ValidatorTransferTests.test_missing_source_or_target_receipt_never_creates_owner) ... ok
test_only_exact_ordered_three_paths_with_authorization_can_transfer (test_check.ValidatorTransferTests.test_only_exact_ordered_three_paths_with_authorization_can_transfer) ... ok
test_original_catalog_binding_accepts_only_exact_reversible_prefix_amendment (test_check.ValidatorTransferTests.test_original_catalog_binding_accepts_only_exact_reversible_prefix_amendment) ... ok
test_positive_two_full_receipt_transfer_preserves_identity_bindings_and_foreign_raw (test_check.ValidatorTransferTests.test_positive_two_full_receipt_transfer_preserves_identity_bindings_and_foreign_raw) ... ok
test_stale_either_digest_or_full_receipt_rejects_without_writes (test_check.ValidatorTransferTests.test_stale_either_digest_or_full_receipt_rejects_without_writes) ... ok
test_third_party_supervised_overlap_is_checked_in_transaction (test_check.ValidatorTransferTests.test_third_party_supervised_overlap_is_checked_in_transaction) ... ok
test_wrong_wp_owner_repository_and_same_identity_reject (test_check.ValidatorTransferTests.test_wrong_wp_owner_repository_and_same_identity_reject) ... ok

----------------------------------------------------------------------
Ran 64 tests in 9.034s

OK
===== PASS: python =====

===== FAST LOCAL: assemble =====
Executing: /home/cbattagler/meshcoreone-work/local-checks/repos/ef5b4cfe42514537/android/gradlew -p /home/cbattagler/meshcoreone-work/local-checks/repos/ef5b4cfe42514537/android :app:assembleDebug --console=plain --dependency-verification strict --build-cache --no-parallel --max-workers=4 -PscaffoldTestHeap=512m
> Task :build-logic:convention:checkKotlinGradlePluginConfigurationErrors SKIPPED
> Task :build-logic:convention:compileKotlin UP-TO-DATE
> Task :build-logic:convention:compileJava NO-SOURCE
> Task :build-logic:convention:pluginDescriptors UP-TO-DATE
> Task :build-logic:convention:processResources UP-TO-DATE
> Task :build-logic:convention:classes UP-TO-DATE
> Task :build-logic:convention:jar UP-TO-DATE
[=========                              ] 25%                                   
WARNING: platform-tools package is not installed.
Add android.sync.suppressAgpWarnings=MISSING_SDK_PACKAGE to the gradle.properties file to suppress this warning.
> Task :app:preBuild UP-TO-DATE
> Task :app:preDebugBuild UP-TO-DATE
> Task :app:mergeDebugNativeDebugMetadata NO-SOURCE
> Task :core:contracts:checkKotlinGradlePluginConfigurationErrors SKIPPED
> Task :core:model:checkKotlinGradlePluginConfigurationErrors SKIPPED
> Task :core:protocol:checkKotlinGradlePluginConfigurationErrors SKIPPED
> Task :core:protocol:compileKotlin UP-TO-DATE
> Task :core:protocol:compileJava NO-SOURCE
> Task :core:model:compileKotlin UP-TO-DATE
> Task :core:model:compileJava NO-SOURCE
> Task :core:contracts:processResources NO-SOURCE
> Task :core:model:processResources NO-SOURCE
> Task :core:model:classes UP-TO-DATE
> Task :core:model:jar
> Task :core:protocol:processResources NO-SOURCE
> Task :core:protocol:classes UP-TO-DATE
> Task :core:protocol:jar UP-TO-DATE
> Task :core:runtime:checkKotlinGradlePluginConfigurationErrors SKIPPED
> Task :core:runtime:processResources NO-SOURCE
> Task :core:services:checkKotlinGradlePluginConfigurationErrors SKIPPED
> Task :core:services:processResources NO-SOURCE
> Task :app:generateDebugResources UP-TO-DATE
> Task :app:packageDebugResources UP-TO-DATE
> Task :core:ble:preBuild UP-TO-DATE
> Task :core:ble:preDebugBuild UP-TO-DATE
> Task :core:ble:processDebugNavigationResources UP-TO-DATE
> Task :core:connectivity:preBuild UP-TO-DATE
> Task :core:connectivity:preDebugBuild UP-TO-DATE
> Task :core:connectivity:processDebugNavigationResources UP-TO-DATE
> Task :core:data:preBuild UP-TO-DATE
> Task :core:data:preDebugBuild UP-TO-DATE
> Task :core:data:processDebugNavigationResources UP-TO-DATE
> Task :core:database:preBuild UP-TO-DATE
> Task :core:database:preDebugBuild UP-TO-DATE
> Task :core:database:processDebugNavigationResources UP-TO-DATE

> Task :core:datastore:verifyPreferenceNotices
{
  "result": "exact-notice-inputs-verified",
  "notices": 5,
  "normalized_windows_checkout_paths": [],
  "scope": "only exact source notice byte/hash preservation; not an APK, legal or hardware result"
}

> Task :core:datastore:preBuild
> Task :core:datastore:preDebugBuild
> Task :core:datastore:processDebugNavigationResources UP-TO-DATE

> Task :core:designsystem:verifyThemeConversion
................
> Task :core:contracts:compileKotlin

> Task :core:designsystem:verifyThemeConversion
.....
----------------------------------------------------------------------
Ran 21 tests in 4.940s

OK
{"color_assets": 44, "converter_cases": {"discovered": 21, "errors": 0, "failed": 0, "passed": 21, "skipped": 0}, "generated_outputs": 23, "primary_inputs": 89, "recovery_locales": 12, "result": "passed", "themes": 10}

> Task :core:contracts:compileJava NO-SOURCE
> Task :core:contracts:classes UP-TO-DATE
> Task :core:contracts:jar

> Task :core:designsystem:verifyThemeNotices
....
----------------------------------------------------------------------
Ran 4 tests in 0.030s

OK
{"notices": [{"bytes": 35149, "path": "assets/licenses/WP-301/GPL-3.0-app.txt", "sha256": "3972dc9744f6499f0f9b2dbf76696f2ae7ad8af9b23dde66d6af86c9dfb36986"}, {"bytes": 1067, "path": "assets/licenses/WP-301/Catppuccin-MIT.txt", "sha256": "814096d2c34cc216c624738a49356f32b7237733b4f7edb0685f4e50ef5074ba"}, {"bytes": 1100, "path": "assets/licenses/WP-301/Nord-MIT.txt", "sha256": "50651dcbffd506bb790bb026d1ba2cbb6fcdd74d0879680443b46c957120e39d"}, {"bytes": 1073, "path": "assets/licenses/WP-301/Solarized-MIT.txt", "sha256": "cf523d5258de35becb9d985b962057965921f94790a741daa1a74e0ead8cfc29"}], "result": "passed", "scope": "exact frozen notice bytes only"}

> Task :core:designsystem:preBuild
> Task :core:designsystem:preDebugBuild
> Task :core:designsystem:processDebugNavigationResources UP-TO-DATE
The Daemon will expire after the build after running out of JVM Metaspace.
The project memory settings are likely not configured or are configured to an insufficient value.
The daemon will restart for the next build, which may increase subsequent build times.
These settings can be adjusted by setting 'org.gradle.jvmargs' in 'gradle.properties'.
The currently configured max heap space is '3 GiB' and the configured max metaspace is '1 GiB'.
For more information on how to set these values, please refer to https://docs.gradle.org/9.8.0/userguide/build_environment.html#sec:configuring_jvm_memory in the Gradle documentation.
To disable this warning, set 'org.gradle.daemon.performance.disable-logging=true'.
Daemon will be stopped at the end of the build after running out of JVM Metaspace

> Task :core:l10n:verifyL10nConversion
.......................................................
> Task :core:runtime:compileKotlin

> Task :core:l10n:verifyL10nConversion
...................
----------------------------------------------------------------------
Ran 74 tests in 10.691s

OK
{
  "catalog_localized_records": 77,
  "english_fallback_counts": {
    "de": 0,
    "en": 0,
    "es": 0,
    "fr": 0,
    "it": 7,
    "ko": 0,
    "nl": 0,
    "pl": 0,
    "pt": 0,
    "ru": 0,
    "uk": 0,
    "zh-Hans": 0
  },
  "excluded_keys": 32,
  "generated_files": 63,
  "generated_keys": 2374,
  "input_records": 28903,
  "locales": 12,
  "localization_inputs": 169,
  "plural_keys": 11,
  "python_tests": 74,
  "source_format_adaptations": 1,
  "source_pin": "db14559b39d32322b06477c6ae676112f583db50",
  "string_keys": 2363,
  "subdivision_keys": 59,
  "unique_source_keys": 2406,
  "unsupported_inputs": []
}

> Task :core:runtime:compileJava NO-SOURCE
> Task :core:runtime:classes UP-TO-DATE
> Task :core:runtime:jar
> Task :core:l10n:preBuild
> Task :core:l10n:preDebugBuild
> Task :core:l10n:processDebugNavigationResources
> Task :core:maps:preBuild UP-TO-DATE
> Task :core:maps:preDebugBuild UP-TO-DATE
> Task :core:maps:processDebugNavigationResources FROM-CACHE

> Task :core:ui:verifySharedUiInputs
.......................................
----------------------------------------------------------------------
Ran 39 tests in 0.142s

OK
{"result": "static-accounted-not-executed-not-parity", "accounted_source_families": 130, "accounted_source_scenarios": 158, "declared_native_methods": 204, "pending_producer_families": 0}

> Task :core:ui:preBuild
> Task :core:ui:preDebugBuild
> Task :core:ui:processDebugNavigationResources
> Task :feature:chats:preBuild UP-TO-DATE
> Task :feature:chats:preDebugBuild UP-TO-DATE
> Task :feature:chats:processDebugNavigationResources FROM-CACHE
> Task :feature:map:preBuild UP-TO-DATE
> Task :feature:map:preDebugBuild UP-TO-DATE
> Task :feature:map:processDebugNavigationResources FROM-CACHE
> Task :feature:nodes:preBuild UP-TO-DATE
> Task :feature:nodes:preDebugBuild UP-TO-DATE
> Task :feature:nodes:processDebugNavigationResources FROM-CACHE
> Task :feature:onboarding:preBuild UP-TO-DATE
> Task :feature:onboarding:preDebugBuild UP-TO-DATE
> Task :feature:onboarding:processDebugNavigationResources FROM-CACHE
> Task :feature:remotenodes:preBuild UP-TO-DATE
> Task :feature:remotenodes:preDebugBuild UP-TO-DATE
> Task :feature:remotenodes:processDebugNavigationResources FROM-CACHE
> Task :feature:settings:preBuild UP-TO-DATE
> Task :feature:settings:preDebugBuild UP-TO-DATE
> Task :feature:settings:processDebugNavigationResources FROM-CACHE
> Task :feature:tools:preBuild UP-TO-DATE
> Task :feature:tools:preDebugBuild UP-TO-DATE
> Task :feature:tools:processDebugNavigationResources FROM-CACHE
> Task :platform:notifications:preBuild UP-TO-DATE
> Task :platform:notifications:preDebugBuild UP-TO-DATE
> Task :platform:notifications:processDebugNavigationResources FROM-CACHE
> Task :platform:shortcuts:preBuild UP-TO-DATE
> Task :platform:shortcuts:preDebugBuild UP-TO-DATE
> Task :platform:shortcuts:processDebugNavigationResources FROM-CACHE
> Task :platform:translation:preBuild UP-TO-DATE
> Task :platform:translation:preDebugBuild UP-TO-DATE
> Task :platform:translation:processDebugNavigationResources FROM-CACHE
> Task :platform:widgets:preBuild UP-TO-DATE
> Task :platform:widgets:preDebugBuild UP-TO-DATE
> Task :platform:widgets:processDebugNavigationResources FROM-CACHE
> Task :app:processDebugNavigationResources
> Task :core:ble:generateDebugResources
> Task :core:ble:packageDebugResources
> Task :core:ble:javaPreCompileDebug
> Task :core:connectivity:generateDebugResources FROM-CACHE
> Task :core:ble:parseDebugLocalResources
> Task :core:connectivity:packageDebugResources
> Task :app:parseDebugLocalResources
> Task :core:connectivity:parseDebugLocalResources FROM-CACHE
> Task :core:connectivity:generateDebugRFile
> Task :core:ble:generateDebugRFile
> Task :app:generateDebugRFile
> Task :core:connectivity:javaPreCompileDebug FROM-CACHE
> Task :core:data:generateDebugResources FROM-CACHE
> Task :core:data:packageDebugResources
> Task :core:data:parseDebugLocalResources FROM-CACHE
> Task :core:database:generateDebugResources FROM-CACHE
> Task :core:data:generateDebugRFile
> Task :core:database:packageDebugResources
> Task :core:database:parseDebugLocalResources FROM-CACHE
> Task :core:database:generateDebugRFile
> Task :core:database:javaPreCompileDebug
> Task :core:datastore:generateDebugResources FROM-CACHE
> Task :core:datastore:packageDebugResources
> Task :core:datastore:parseDebugLocalResources FROM-CACHE
> Task :core:datastore:generateDebugRFile

> Task :core:services:compileKotlin
w: file:///home/cbattagler/meshcoreone-work/local-checks/repos/ef5b4cfe42514537/android/core/services/src/main/kotlin/com/meshcoreone/android/core/services/remote/RemoteNodeServiceCLI.kt:182:80 This declaration needs opt-in. Its usage should be marked with '@kotlinx.coroutines.ExperimentalCoroutinesApi' or '@OptIn(kotlinx.coroutines.ExperimentalCoroutinesApi::class)'
w: file:///home/cbattagler/meshcoreone-work/local-checks/repos/ef5b4cfe42514537/android/core/services/src/main/kotlin/com/meshcoreone/android/core/services/remote/RoomServerService.kt:177:56 This is a delicate API and its use requires care. Make sure you fully read and understand documentation of the declaration that is marked as a delicate API.

> Task :core:services:compileJava NO-SOURCE
> Task :core:services:classes UP-TO-DATE

> Task :core:ble:compileDebugKotlin
w: file:///home/cbattagler/meshcoreone-work/local-checks/repos/ef5b4cfe42514537/android/core/ble/src/main/kotlin/com/meshcoreone/android/core/ble/AndroidGattFacade.kt:308:22 This declaration overrides a deprecated member but is not marked as deprecated itself. Add the '@Deprecated' annotation or suppress the diagnostic.

> Task :core:services:jar
> Task :core:datastore:javaPreCompileDebug FROM-CACHE
> Task :core:data:javaPreCompileDebug FROM-CACHE
> Task :core:designsystem:generateDebugResources
> Task :core:designsystem:packageDebugResources
> Task :core:designsystem:parseDebugLocalResources
> Task :core:designsystem:generateDebugRFile
> Task :core:l10n:generateDebugResources
> Task :core:l10n:packageDebugResources
> Task :core:ble:compileDebugJavaWithJavac NO-SOURCE
> Task :core:ble:bundleLibCompileToJarDebug

> Task :core:datastore:compileDebugKotlin
w: file:///home/cbattagler/meshcoreone-work/local-checks/repos/ef5b4cfe42514537/android/core/datastore/src/main/kotlin/com/meshcoreone/android/core/datastore/SecretArchive.kt:111:41 Elvis operator (?:) always returns the left operand of non-nullable type 'String'.

> Task :core:datastore:compileDebugJavaWithJavac NO-SOURCE
> Task :core:datastore:bundleLibCompileToJarDebug
> Task :core:l10n:parseDebugLocalResources
> Task :core:l10n:generateDebugRFile

> Task :core:l10n:compileDebugKotlin
w: file:///home/cbattagler/meshcoreone-work/local-checks/repos/ef5b4cfe42514537/android/core/l10n/src/main/kotlin/com/meshcoreone/android/core/l10n/generated/AppLocalizableStrings.kt:82:119 Redundant call of conversion method.
w: file:///home/cbattagler/meshcoreone-work/local-checks/repos/ef5b4cfe42514537/android/core/l10n/src/main/kotlin/com/meshcoreone/android/core/l10n/generated/WidgetLocalizableStrings.kt:16:93 Redundant call of conversion method.
w: file:///home/cbattagler/meshcoreone-work/local-checks/repos/ef5b4cfe42514537/android/core/l10n/src/main/kotlin/com/meshcoreone/android/core/l10n/generated/WidgetLocalizableStrings.kt:18:102 Redundant call of conversion method.

> Task :core:l10n:javaPreCompileDebug FROM-CACHE
> Task :core:l10n:compileDebugJavaWithJavac NO-SOURCE
> Task :core:l10n:bundleLibCompileToJarDebug
> Task :core:connectivity:compileDebugKotlin
> Task :core:connectivity:compileDebugJavaWithJavac NO-SOURCE
> Task :core:connectivity:bundleLibCompileToJarDebug
> Task :core:designsystem:javaPreCompileDebug FROM-CACHE
> Task :core:maps:generateDebugResources FROM-CACHE
> Task :core:maps:packageDebugResources
> Task :core:maps:parseDebugLocalResources FROM-CACHE
> Task :core:maps:generateDebugRFile
> Task :core:ui:generateDebugResources
> Task :core:ui:packageDebugResources
> Task :core:ui:parseDebugLocalResources
> Task :core:ui:generateDebugRFile
> Task :core:ui:javaPreCompileDebug FROM-CACHE
> Task :core:maps:javaPreCompileDebug FROM-CACHE
> Task :feature:chats:generateDebugResources FROM-CACHE
> Task :feature:chats:packageDebugResources
> Task :feature:chats:parseDebugLocalResources FROM-CACHE
> Task :feature:chats:generateDebugRFile
> Task :feature:chats:javaPreCompileDebug FROM-CACHE
> Task :feature:map:generateDebugResources FROM-CACHE
> Task :feature:map:packageDebugResources
> Task :feature:map:parseDebugLocalResources FROM-CACHE
> Task :feature:map:generateDebugRFile
> Task :feature:map:javaPreCompileDebug FROM-CACHE
> Task :feature:nodes:generateDebugResources FROM-CACHE
> Task :feature:nodes:packageDebugResources
> Task :feature:nodes:parseDebugLocalResources FROM-CACHE
> Task :feature:nodes:generateDebugRFile
> Task :feature:nodes:javaPreCompileDebug FROM-CACHE
> Task :feature:onboarding:generateDebugResources FROM-CACHE
> Task :feature:onboarding:packageDebugResources
> Task :feature:onboarding:parseDebugLocalResources FROM-CACHE
> Task :feature:onboarding:generateDebugRFile
> Task :feature:onboarding:javaPreCompileDebug FROM-CACHE
> Task :feature:remotenodes:generateDebugResources FROM-CACHE
> Task :feature:remotenodes:packageDebugResources
> Task :feature:remotenodes:parseDebugLocalResources FROM-CACHE
> Task :feature:remotenodes:generateDebugRFile
> Task :feature:remotenodes:javaPreCompileDebug FROM-CACHE
> Task :feature:settings:generateDebugResources FROM-CACHE
> Task :feature:settings:packageDebugResources
> Task :feature:settings:parseDebugLocalResources FROM-CACHE
> Task :feature:settings:generateDebugRFile
> Task :feature:settings:javaPreCompileDebug FROM-CACHE
> Task :feature:tools:generateDebugResources FROM-CACHE
> Task :feature:tools:packageDebugResources
> Task :feature:tools:parseDebugLocalResources FROM-CACHE
> Task :feature:tools:generateDebugRFile
> Task :feature:tools:javaPreCompileDebug FROM-CACHE
> Task :platform:notifications:generateDebugResources FROM-CACHE
> Task :platform:notifications:packageDebugResources
> Task :platform:notifications:parseDebugLocalResources FROM-CACHE
> Task :platform:notifications:generateDebugRFile
> Task :platform:notifications:compileDebugKotlin NO-SOURCE
> Task :platform:notifications:javaPreCompileDebug FROM-CACHE
> Task :platform:notifications:compileDebugJavaWithJavac NO-SOURCE
> Task :platform:notifications:bundleLibCompileToJarDebug
> Task :platform:shortcuts:generateDebugResources FROM-CACHE
> Task :platform:shortcuts:packageDebugResources
> Task :platform:shortcuts:parseDebugLocalResources FROM-CACHE
> Task :platform:shortcuts:generateDebugRFile
> Task :platform:shortcuts:compileDebugKotlin NO-SOURCE
> Task :platform:shortcuts:javaPreCompileDebug FROM-CACHE
> Task :platform:shortcuts:compileDebugJavaWithJavac NO-SOURCE
> Task :platform:shortcuts:bundleLibCompileToJarDebug
> Task :platform:translation:generateDebugResources FROM-CACHE
> Task :platform:translation:packageDebugResources
> Task :platform:translation:parseDebugLocalResources FROM-CACHE
> Task :platform:translation:generateDebugRFile
> Task :platform:translation:compileDebugKotlin NO-SOURCE
> Task :platform:translation:javaPreCompileDebug FROM-CACHE
> Task :platform:translation:compileDebugJavaWithJavac NO-SOURCE
> Task :platform:translation:bundleLibCompileToJarDebug
> Task :platform:widgets:generateDebugResources FROM-CACHE
> Task :platform:widgets:packageDebugResources
> Task :platform:widgets:parseDebugLocalResources FROM-CACHE
> Task :platform:widgets:generateDebugRFile
> Task :platform:widgets:javaPreCompileDebug FROM-CACHE
> Task :app:javaPreCompileDebug FROM-CACHE
> Task :app:generateDebugAssets UP-TO-DATE
> Task :core:ble:generateDebugAssets UP-TO-DATE
> Task :core:ble:mergeDebugAssets
> Task :core:connectivity:generateDebugAssets UP-TO-DATE
> Task :core:connectivity:mergeDebugAssets
> Task :core:data:generateDebugAssets UP-TO-DATE
> Task :core:data:mergeDebugAssets
> Task :core:database:generateDebugAssets UP-TO-DATE
> Task :core:database:mergeDebugAssets
> Task :core:datastore:generateDebugAssets UP-TO-DATE
> Task :core:datastore:mergeDebugAssets
> Task :core:designsystem:generateDebugAssets UP-TO-DATE
> Task :core:designsystem:mergeDebugAssets
> Task :core:l10n:generateDebugAssets UP-TO-DATE
> Task :core:l10n:mergeDebugAssets
> Task :core:maps:generateDebugAssets UP-TO-DATE
> Task :core:maps:mergeDebugAssets
> Task :core:ui:generateDebugAssets UP-TO-DATE
> Task :core:ui:mergeDebugAssets
> Task :feature:chats:generateDebugAssets UP-TO-DATE
> Task :feature:chats:mergeDebugAssets
> Task :feature:map:generateDebugAssets UP-TO-DATE
> Task :feature:map:mergeDebugAssets
> Task :feature:nodes:generateDebugAssets UP-TO-DATE
> Task :feature:nodes:mergeDebugAssets
> Task :feature:onboarding:generateDebugAssets UP-TO-DATE
> Task :feature:onboarding:mergeDebugAssets
> Task :feature:remotenodes:generateDebugAssets UP-TO-DATE
> Task :feature:remotenodes:mergeDebugAssets
> Task :feature:settings:generateDebugAssets UP-TO-DATE
> Task :feature:settings:mergeDebugAssets
> Task :feature:tools:generateDebugAssets UP-TO-DATE
> Task :feature:tools:mergeDebugAssets
> Task :platform:notifications:generateDebugAssets UP-TO-DATE
> Task :platform:notifications:mergeDebugAssets
> Task :platform:shortcuts:generateDebugAssets UP-TO-DATE
> Task :platform:shortcuts:mergeDebugAssets
> Task :platform:translation:generateDebugAssets UP-TO-DATE
> Task :platform:translation:mergeDebugAssets
> Task :platform:widgets:generateDebugAssets UP-TO-DATE
> Task :platform:widgets:mergeDebugAssets
> Task :app:mergeDebugAssets
> Task :app:compressDebugAssets
> Task :app:generateDebugGlobalSynthetics
> Task :core:ble:processDebugJavaRes
> Task :core:connectivity:processDebugJavaRes
> Task :core:datastore:processDebugJavaRes
> Task :core:l10n:processDebugJavaRes
> Task :platform:notifications:processDebugJavaRes NO-SOURCE
> Task :platform:shortcuts:processDebugJavaRes NO-SOURCE
> Task :platform:translation:processDebugJavaRes NO-SOURCE

> Task :core:designsystem:compileDebugKotlin
w: file:///home/cbattagler/meshcoreone-work/local-checks/repos/ef5b4cfe42514537/android/core/designsystem/src/main/kotlin/com/meshcoreone/android/core/designsystem/MeshCoreTheme.kt:132:18 'fun announceForAccessibility(p0: CharSequence!): Unit' is deprecated. Deprecated in Java.

> Task :core:designsystem:compileDebugJavaWithJavac NO-SOURCE
> Task :core:designsystem:bundleLibCompileToJarDebug
> Task :app:checkDebugDuplicateClasses
> Task :platform:widgets:compileDebugKotlin NO-SOURCE
> Task :platform:widgets:compileDebugJavaWithJavac NO-SOURCE
> Task :platform:widgets:bundleLibCompileToJarDebug
> Task :core:designsystem:processDebugJavaRes
> Task :platform:widgets:processDebugJavaRes NO-SOURCE
> Task :app:desugarDebugFileDependencies

> Task :core:ui:compileDebugKotlin
w: file:///home/cbattagler/meshcoreone-work/local-checks/repos/ef5b4cfe42514537/android/core/ui/src/main/kotlin/com/meshcoreone/android/core/ui/UiErrorMapper.kt:84:44 Java type mismatch: inferred type is 'T? (of class TypedUiErrorAdapter<T : Throwable>)', but 'T (of class TypedUiErrorAdapter<T : Throwable>)' was expected.

> Task :core:database:kspDebugKotlin
> Task :app:mergeExtDexDebug
> Task :core:ui:compileDebugJavaWithJavac NO-SOURCE
> Task :core:ui:processDebugJavaRes
> Task :core:ui:bundleLibCompileToJarDebug
> Task :core:maps:compileDebugKotlin NO-SOURCE
> Task :core:maps:compileDebugJavaWithJavac NO-SOURCE
> Task :core:maps:bundleLibCompileToJarDebug
> Task :core:ui:bundleLibRuntimeToDirDebug
> Task :feature:chats:compileDebugKotlin
> Task :feature:chats:compileDebugJavaWithJavac NO-SOURCE
> Task :feature:chats:bundleLibCompileToJarDebug
> Task :feature:map:compileDebugKotlin
> Task :feature:map:compileDebugJavaWithJavac NO-SOURCE
> Task :feature:map:bundleLibCompileToJarDebug
> Task :feature:nodes:compileDebugKotlin
> Task :feature:nodes:compileDebugJavaWithJavac NO-SOURCE
> Task :feature:nodes:bundleLibCompileToJarDebug
> Task :feature:onboarding:compileDebugKotlin
> Task :feature:remotenodes:compileDebugKotlin
> Task :feature:onboarding:compileDebugJavaWithJavac NO-SOURCE
> Task :feature:onboarding:bundleLibCompileToJarDebug
> Task :feature:remotenodes:compileDebugJavaWithJavac NO-SOURCE
> Task :feature:remotenodes:bundleLibCompileToJarDebug
> Task :feature:settings:compileDebugKotlin
> Task :feature:settings:compileDebugJavaWithJavac NO-SOURCE
> Task :feature:settings:bundleLibCompileToJarDebug
> Task :core:maps:processDebugJavaRes NO-SOURCE
> Task :feature:chats:processDebugJavaRes
> Task :feature:map:processDebugJavaRes
> Task :feature:nodes:processDebugJavaRes
> Task :feature:onboarding:processDebugJavaRes
> Task :feature:remotenodes:processDebugJavaRes
> Task :feature:settings:processDebugJavaRes
> Task :core:maps:bundleLibRuntimeToDirDebug
> Task :feature:onboarding:bundleLibRuntimeToDirDebug
> Task :feature:chats:bundleLibRuntimeToDirDebug
> Task :feature:nodes:bundleLibRuntimeToDirDebug
> Task :feature:tools:compileDebugKotlin
> Task :feature:remotenodes:bundleLibRuntimeToDirDebug
> Task :feature:tools:compileDebugJavaWithJavac NO-SOURCE
> Task :feature:tools:bundleLibCompileToJarDebug
> Task :feature:tools:processDebugJavaRes
> Task :feature:map:bundleLibRuntimeToDirDebug
> Task :feature:tools:bundleLibRuntimeToDirDebug
> Task :feature:settings:bundleLibRuntimeToDirDebug
> Task :platform:widgets:bundleLibRuntimeToDirDebug
> Task :core:designsystem:bundleLibRuntimeToDirDebug
> Task :core:datastore:bundleLibRuntimeToDirDebug
> Task :core:ble:bundleLibRuntimeToDirDebug
> Task :core:connectivity:bundleLibRuntimeToDirDebug
> Task :platform:notifications:bundleLibRuntimeToDirDebug
> Task :platform:shortcuts:bundleLibRuntimeToDirDebug
> Task :platform:translation:bundleLibRuntimeToDirDebug
> Task :core:l10n:bundleLibRuntimeToDirDebug
> Task :core:ble:writeDebugAarMetadata
> Task :core:connectivity:writeDebugAarMetadata
> Task :core:data:writeDebugAarMetadata
> Task :core:database:writeDebugAarMetadata
> Task :core:datastore:writeDebugAarMetadata
> Task :core:designsystem:writeDebugAarMetadata
> Task :core:l10n:writeDebugAarMetadata
> Task :core:maps:writeDebugAarMetadata
> Task :core:ui:writeDebugAarMetadata
> Task :feature:chats:writeDebugAarMetadata
> Task :feature:map:writeDebugAarMetadata
> Task :feature:nodes:writeDebugAarMetadata
> Task :feature:onboarding:writeDebugAarMetadata
> Task :feature:remotenodes:writeDebugAarMetadata
> Task :feature:settings:writeDebugAarMetadata
> Task :feature:tools:writeDebugAarMetadata
> Task :platform:notifications:writeDebugAarMetadata
> Task :platform:shortcuts:writeDebugAarMetadata
> Task :platform:translation:writeDebugAarMetadata
> Task :platform:widgets:writeDebugAarMetadata
> Task :app:mapDebugSourceSetPaths
> Task :app:checkDebugAarMetadata
> Task :app:compileDebugNavigationResources
> Task :app:createDebugCompatibleScreenManifests
> Task :app:extractDeepLinksDebug
> Task :core:ble:extractDeepLinksDebug
> Task :core:connectivity:extractDeepLinksDebug FROM-CACHE
> Task :core:ble:processDebugManifest
> Task :core:connectivity:processDebugManifest
> Task :core:data:extractDeepLinksDebug FROM-CACHE
> Task :core:database:extractDeepLinksDebug FROM-CACHE
> Task :core:data:processDebugManifest
> Task :core:datastore:extractDeepLinksDebug FROM-CACHE
> Task :core:database:processDebugManifest
> Task :core:designsystem:extractDeepLinksDebug FROM-CACHE
> Task :core:datastore:processDebugManifest
> Task :core:designsystem:processDebugManifest
> Task :core:l10n:extractDeepLinksDebug FROM-CACHE
> Task :core:maps:extractDeepLinksDebug FROM-CACHE
> Task :core:l10n:processDebugManifest
> Task :core:ui:extractDeepLinksDebug FROM-CACHE
> Task :core:maps:processDebugManifest
> Task :feature:chats:extractDeepLinksDebug FROM-CACHE
> Task :core:ui:processDebugManifest
> Task :feature:map:extractDeepLinksDebug FROM-CACHE
> Task :feature:chats:processDebugManifest
> Task :feature:nodes:extractDeepLinksDebug FROM-CACHE
> Task :feature:map:processDebugManifest
> Task :feature:onboarding:extractDeepLinksDebug FROM-CACHE
> Task :feature:nodes:processDebugManifest
> Task :feature:remotenodes:extractDeepLinksDebug FROM-CACHE
> Task :feature:onboarding:processDebugManifest
> Task :feature:settings:extractDeepLinksDebug FROM-CACHE
> Task :feature:remotenodes:processDebugManifest
> Task :feature:tools:extractDeepLinksDebug FROM-CACHE
> Task :feature:settings:processDebugManifest
> Task :platform:notifications:extractDeepLinksDebug FROM-CACHE
> Task :feature:tools:processDebugManifest
> Task :platform:shortcuts:extractDeepLinksDebug FROM-CACHE
> Task :platform:notifications:processDebugManifest
> Task :platform:translation:extractDeepLinksDebug FROM-CACHE
> Task :platform:shortcuts:processDebugManifest
> Task :platform:widgets:extractDeepLinksDebug FROM-CACHE
> Task :platform:translation:processDebugManifest
> Task :platform:widgets:processDebugManifest
> Task :core:ble:mapDebugSourceSetPaths
> Task :core:database:compileDebugKotlin
> Task :app:processDebugMainManifest
> Task :core:database:compileDebugJavaWithJavac NO-SOURCE
> Task :core:database:copyRoomSchemas NO-SOURCE
> Task :core:database:processDebugJavaRes
> Task :core:database:bundleLibCompileToJarDebug
> Task :app:mergeDebugResources
> Task :core:database:bundleLibRuntimeToDirDebug
> Task :app:processDebugManifest
> Task :app:processDebugManifestForPackage
> Task :core:ble:compileDebugLibraryResources
> Task :core:connectivity:mapDebugSourceSetPaths
> Task :core:connectivity:compileDebugLibraryResources FROM-CACHE
> Task :core:data:mapDebugSourceSetPaths
> Task :core:data:compileDebugLibraryResources FROM-CACHE
> Task :core:database:mapDebugSourceSetPaths
> Task :core:database:compileDebugLibraryResources FROM-CACHE
> Task :core:datastore:mapDebugSourceSetPaths
> Task :core:datastore:compileDebugLibraryResources FROM-CACHE
> Task :core:designsystem:mapDebugSourceSetPaths
> Task :core:l10n:mapDebugSourceSetPaths
> Task :core:designsystem:compileDebugLibraryResources
> Task :core:l10n:compileDebugLibraryResources
> Task :core:maps:mapDebugSourceSetPaths
> Task :core:maps:compileDebugLibraryResources FROM-CACHE
> Task :core:ui:mapDebugSourceSetPaths
> Task :core:ui:compileDebugLibraryResources
> Task :feature:chats:mapDebugSourceSetPaths
> Task :feature:chats:compileDebugLibraryResources FROM-CACHE
> Task :feature:map:mapDebugSourceSetPaths
> Task :feature:map:compileDebugLibraryResources FROM-CACHE
> Task :feature:nodes:mapDebugSourceSetPaths
> Task :feature:nodes:compileDebugLibraryResources FROM-CACHE
> Task :feature:onboarding:mapDebugSourceSetPaths
> Task :feature:onboarding:compileDebugLibraryResources FROM-CACHE
> Task :feature:remotenodes:mapDebugSourceSetPaths
> Task :feature:remotenodes:compileDebugLibraryResources FROM-CACHE
> Task :feature:settings:mapDebugSourceSetPaths
> Task :feature:settings:compileDebugLibraryResources FROM-CACHE
> Task :feature:tools:mapDebugSourceSetPaths
> Task :feature:tools:compileDebugLibraryResources FROM-CACHE
> Task :platform:notifications:mapDebugSourceSetPaths
> Task :platform:notifications:compileDebugLibraryResources FROM-CACHE
> Task :platform:shortcuts:mapDebugSourceSetPaths
> Task :platform:shortcuts:compileDebugLibraryResources FROM-CACHE
> Task :platform:translation:mapDebugSourceSetPaths
> Task :platform:translation:compileDebugLibraryResources FROM-CACHE
> Task :platform:widgets:mapDebugSourceSetPaths
> Task :platform:widgets:compileDebugLibraryResources FROM-CACHE
> Task :app:mergeDebugJniLibFolders
> Task :core:ble:mergeDebugJniLibFolders
> Task :core:ble:mergeDebugNativeLibs NO-SOURCE
> Task :core:ble:copyDebugJniLibsProjectOnly
> Task :core:connectivity:mergeDebugJniLibFolders
> Task :core:connectivity:mergeDebugNativeLibs NO-SOURCE
> Task :core:connectivity:copyDebugJniLibsProjectOnly
> Task :core:data:mergeDebugJniLibFolders
> Task :core:data:mergeDebugNativeLibs NO-SOURCE
> Task :core:data:copyDebugJniLibsProjectOnly
> Task :core:database:mergeDebugJniLibFolders
> Task :core:database:mergeDebugNativeLibs NO-SOURCE
> Task :core:database:copyDebugJniLibsProjectOnly
> Task :core:datastore:mergeDebugJniLibFolders
> Task :core:datastore:mergeDebugNativeLibs NO-SOURCE
> Task :core:datastore:copyDebugJniLibsProjectOnly
> Task :core:designsystem:mergeDebugJniLibFolders
> Task :core:designsystem:mergeDebugNativeLibs NO-SOURCE
> Task :core:designsystem:copyDebugJniLibsProjectOnly
> Task :core:l10n:mergeDebugJniLibFolders
> Task :core:l10n:mergeDebugNativeLibs NO-SOURCE
> Task :core:l10n:copyDebugJniLibsProjectOnly
> Task :core:maps:mergeDebugJniLibFolders
> Task :core:maps:mergeDebugNativeLibs NO-SOURCE
> Task :core:maps:copyDebugJniLibsProjectOnly
> Task :core:ui:mergeDebugJniLibFolders
> Task :core:ui:mergeDebugNativeLibs NO-SOURCE
> Task :core:ui:copyDebugJniLibsProjectOnly
> Task :feature:chats:mergeDebugJniLibFolders
> Task :feature:chats:mergeDebugNativeLibs NO-SOURCE
> Task :feature:chats:copyDebugJniLibsProjectOnly
> Task :feature:map:mergeDebugJniLibFolders
> Task :feature:map:mergeDebugNativeLibs NO-SOURCE
> Task :feature:map:copyDebugJniLibsProjectOnly
> Task :feature:nodes:mergeDebugJniLibFolders
> Task :feature:nodes:mergeDebugNativeLibs NO-SOURCE
> Task :feature:nodes:copyDebugJniLibsProjectOnly
> Task :feature:onboarding:mergeDebugJniLibFolders
> Task :feature:onboarding:mergeDebugNativeLibs NO-SOURCE
> Task :feature:onboarding:copyDebugJniLibsProjectOnly
> Task :feature:remotenodes:mergeDebugJniLibFolders
> Task :feature:remotenodes:mergeDebugNativeLibs NO-SOURCE
> Task :feature:remotenodes:copyDebugJniLibsProjectOnly
> Task :feature:settings:mergeDebugJniLibFolders
> Task :feature:settings:mergeDebugNativeLibs NO-SOURCE
> Task :feature:settings:copyDebugJniLibsProjectOnly
> Task :feature:tools:mergeDebugJniLibFolders
> Task :feature:tools:mergeDebugNativeLibs NO-SOURCE
> Task :feature:tools:copyDebugJniLibsProjectOnly
> Task :platform:notifications:mergeDebugJniLibFolders
> Task :platform:notifications:mergeDebugNativeLibs NO-SOURCE
> Task :platform:notifications:copyDebugJniLibsProjectOnly
> Task :platform:shortcuts:mergeDebugJniLibFolders
> Task :platform:shortcuts:mergeDebugNativeLibs NO-SOURCE
> Task :platform:shortcuts:copyDebugJniLibsProjectOnly
> Task :platform:translation:mergeDebugJniLibFolders
> Task :platform:translation:mergeDebugNativeLibs NO-SOURCE
> Task :platform:translation:copyDebugJniLibsProjectOnly
> Task :platform:widgets:mergeDebugJniLibFolders
> Task :platform:widgets:mergeDebugNativeLibs NO-SOURCE
> Task :platform:widgets:copyDebugJniLibsProjectOnly
> Task :app:mergeDebugNativeLibs

> Task :app:stripDebugDebugSymbols
Unable to strip the following libraries, packaging them as they are: libandroidx.graphics.path.so, libdatastore_shared_counter.so. Run with --info option to learn more.

> Task :app:validateSigningDebug
> Task :app:writeDebugAppMetadata
> Task :app:writeDebugSigningConfigVersions
> Task :app:processDebugResources
> Task :core:data:compileDebugKotlin
> Task :core:data:compileDebugJavaWithJavac NO-SOURCE
> Task :core:data:processDebugJavaRes
> Task :core:data:bundleLibCompileToJarDebug
> Task :core:data:bundleLibRuntimeToDirDebug

> Task :app:compileDebugKotlin
w: file:///home/cbattagler/meshcoreone-work/local-checks/repos/ef5b4cfe42514537/android/app/src/main/kotlin/com/meshcoreone/android/app/navigation/NativeNavigationShell.kt:315:56 'fun currentWindowAdaptiveInfo(supportLargeAndXLargeWidth: Boolean = ...): WindowAdaptiveInfo' is deprecated. Please use V2 version of this function to support L and XL width size classes.

> Task :app:compileDebugJavaWithJavac NO-SOURCE
> Task :app:processDebugJavaRes
> Task :app:mergeLibDexDebug
> Task :app:dexBuilderDebug
> Task :app:mergeProjectDexDebug
> Task :app:mergeDebugJavaResource
> Task :app:packageDebug
> Task :app:createDebugApkListingFileRedirect
> Task :app:assembleDebug

[Incubating] Problems report is available at: file:///home/cbattagler/meshcoreone-work/local-checks/repos/ef5b4cfe42514537/android/build/reports/problems/problems-report.html

Deprecated Gradle features were used in this build, making it incompatible with Gradle 10.

You can use '--warning-mode all' to show the individual deprecation warnings and determine if they come from your own scripts or plugins.

For more on this, please refer to https://docs.gradle.org/9.8.0/userguide/command_line_interface.html#sec:command_line_warnings in the Gradle documentation.

BUILD SUCCESSFUL in 1m 40s
406 actionable tasks: 293 executed, 98 from cache, 15 up-to-date
Consider enabling configuration cache to speed up this build: https://docs.gradle.org/9.8.0/userguide/configuration_cache_enabling.html
===== PASS: assemble =====
{
  "commit": "a19f571f95916c244b22fda8fe52e1d382811e43",
  "tree": "2072d2a6bde746f15a12be491be6fb7502a24f02",
  "stages": [
    "python",
    "assemble"
  ],
  "elapsed_seconds": 142.76,
  "scope": "Local pre-push check; not hosted/cold-cache, hardware, signing or human-gate evidence"
}
FAST LOCAL CHECK PASSED. No second cold local run is required.
