navigation3-runtime-1.1.0-sources.jar sha256=2959e7f504c93451888c94b9607f19d95bdd0ece352a7d6cc33c3a3211e65c70
REVIEW commonMain/androidx/navigation3/runtime/NavEntry.kt
41: public class NavEntry<T : Any>(
64: public fun Content() {
REVIEW commonMain/androidx/navigation3/runtime/NavEntryDecorator.kt
85: public open class NavEntryDecorator<T : Any>(
86: internal val onPop: (key: Any) -> Unit = {},
87: internal val decorate: @Composable (entry: NavEntry<T>) -> Unit,
navigation3-ui-1.1.0-sources.jar sha256=ad364e0b64307169bcdf40a27004d75e5d0799e6c59ee57f4d4e63452aaa8e0b
REVIEW commonMain/androidx/navigation3/ui/NavDisplay.kt
189: public fun predictivePopTransitionSpec(
249: public fun <T : Any> NavDisplay(
333: public fun <T : Any> NavDisplay(
344: sceneStrategies: List<SceneStrategy<T>> = listOf(SinglePaneSceneStrategy()),
436: public fun <T : Any> NavDisplay(
517: public fun <T : Any> NavDisplay(
521: sceneStrategies: List<SceneStrategy<T>> = listOf(SinglePaneSceneStrategy()),
Traceback (most recent call last):
603: public fun <T : Any> NavDisplay(
REVIEW commonMain/androidx/navigation3/scene/Scene.kt
43: public interface Scene<T : Any> {
51: public val key: Any
76: public val entries: List<NavEntry<T>>
87: public val previousEntries: List<NavEntry<T>>
95: public val content: @Composable () -> Unit
REVIEW commonMain/androidx/navigation3/scene/SceneStrategy.kt
68: public fun SceneStrategyScope<T>.calculateScene(entries: List<NavEntry<T>>): Scene<T>?
86: calculateScene(entries)
90: calculateScene(entries)
  File "<stdin>", line 13, in <module>
AssertionError: ('SceneStrategyScope.kt', [])
