navigation3-runtime-1.1.0.module sha256=b7cea1c842f561b80b76fa42bf8f3e2e55664d9f47df3bf24893114066fa6967 compose=1.9.5
navigation3-runtime-1.1.0.pom sha256=4ca85fbb6a2ca66b7a7549d0111b681d78f72b1c96cdf4c3a1700436fc658d70 compose=1.9.5
navigation3-runtime-android-1.1.0.module sha256=704f585e13ad5962236b36efee2456eea7f8cff1836acd0062e8e8b103bf51ab compose=1.9.5
navigation3-runtime-android-1.1.0.pom sha256=3b3dc1ef3dfaa8a926d03c75381985ec8b1210a1464cacb7eeab96e69bec8ed7 compose=1.9.5
navigation3-ui-1.1.0.module sha256=6892e679ef32c3a65ced3c69250ad31ee6dfbca6c59524e9df5d6a4b742575c2 compose=1.10.0
navigation3-ui-1.1.0.pom sha256=72b8c9cdbd872f4f94f3969e541aa6f9fea905570c727ad726f0fe8eb32c4df0 compose=1.10.0
navigation3-ui-android-1.1.0.module sha256=3ff1e50b26708374daaf835aef7e4cc403220e0e4bdb7bde03563b01e0710d00 compose=1.10.0
navigation3-ui-android-1.1.0.pom sha256=9d9eb5e1600bd150c33f51ac66615237605000963f4805a6e02544b6c7fd4be3 compose=1.10.0
navigation3-ui-android-1.2.0.module sha256=6df7c967a6481cd109fcab88111aa833def6f92cb4df02c9c337867b190af184 compose=1.10.0
navigation3-ui-android-1.2.0.pom sha256=81f66d56b43d9cfc396fa00e5cbabd7ad155ec6f6c96e2db762af2de86035d9d compose=1.10.0,1.11.2
navigationevent-compose-1.0.2.module sha256=a44b15fe38b694a81b3317e25ee204ea4fceba8f9f83eb842a09a4beef8f2998 compose=1.9.2
navigationevent-compose-1.0.2.pom sha256=0a584cb25afe0de10b8ade9a0d514f7af53a2469f32300a7629ace160638e308 compose=1.9.2
navigationevent-compose-1.1.1.module sha256=9911c7abc222d6b21a987b649a2c9a4e67f154a43133b3261d57b59e8b9761a9 compose=1.11.0-rc01
navigationevent-compose-1.1.1.pom sha256=04277d9d7100e736a91b777a1beb98c4b5c5912795f5fbec51a8c6fb33a75a8d compose=1.11.0-rc01
navigationevent-compose-android-1.0.2.module sha256=b2c0c9389144e661ac0e732fb26da1f782a15d6ba575ab8b11c721a7d81d81a2 compose=1.9.2
navigationevent-compose-android-1.0.2.pom sha256=1f880fadcc77d281ebb1cbca9a7d4cf242d81a89afd334feebb4d43135b326c5 compose=1.9.2
navigationevent-compose-android-1.1.1.module sha256=bfcb45e5b079b6c69628b1e8827190f974df0e92893256d00dc9819d84538ce4 compose=1.11.0-rc01
navigationevent-compose-android-1.1.1.pom sha256=b2abb117d0ef481087a4477d3b9e2ae4ba89e3127238780f8603b57c27acb2c6 compose=1.11.0-rc01
PASS:18 retained raw publications parsed and exact direct requirements asserted; all incumbent catalog entries unchanged; corrected catalog Nav3 runtime/UI1.1.0.
LIMIT:actual selected graph, binary admission, Kotlin compilation and native executions remain unverified.
