Traceback (most recent call last):
navigation3-runtime-1.1.0-sources.jar sha256=2959e7f504c93451888c94b9607f19d95bdd0ece352a7d6cc33c3a3211e65c70
REVIEW commonMain/androidx/navigation3/runtime/NavEntry.kt
ASSERTED: public class NavEntry<T : Any>
ASSERTED: contentKey: Any
ASSERTED: metadata: Map<String, Any>
ASSERTED: public fun Content()
REVIEW commonMain/androidx/navigation3/runtime/NavEntryDecorator.kt
ASSERTED: public open class NavEntryDecorator<T : Any>
ASSERTED: onPop: (key: Any) -> Unit
ASSERTED: decorate: @Composable (entry: NavEntry<T>) -> Unit
navigation3-ui-1.1.0-sources.jar sha256=ad364e0b64307169bcdf40a27004d75e5d0799e6c59ee57f4d4e63452aaa8e0b
REVIEW commonMain/androidx/navigation3/ui/NavDisplay.kt
ASSERTED: public fun predictivePopTransitionSpec(
ASSERTED: sceneStrategies: List<SceneStrategy<T>>
ASSERTED: entryProvider: (key: T) -> NavEntry<T>
REVIEW commonMain/androidx/navigation3/scene/Scene.kt
ASSERTED: public interface Scene<T : Any>
ASSERTED: public val key: Any
ASSERTED: public val entries: List<NavEntry<T>>
ASSERTED: public val previousEntries: List<NavEntry<T>>
ASSERTED: public val content: @Composable () -> Unit
REVIEW commonMain/androidx/navigation3/scene/SceneStrategy.kt
  File "<stdin>", line 22, in <module>
AssertionError: ('SceneStrategy.kt', 'public class SceneStrategyScope<T : Any>')
