/usr/bin/git
/usr/bin/flock

=== Fast local check: cbattlegear-studious-train @ 5507d4041ea7535b7b758d419894eb15eede92c9 ===
Waiting for shared local Gradle lane (other workstreams may be running)...
Importing new local Git objects...
Previous HEAD position was bd59980e7 [WP-302] Preserve recovery, cleanup selection and Back cancellation state
HEAD is now at 5507d4041 [WP-302] Correct additive Nav3 coordinates without advancing incumbent pins
Materialized 3885 tracked inputs from immutable HEAD blobs
Retained exact installed reservation bytes for relocated hook regressions
Local reports: /home/cbattagler/meshcoreone-work/local-checks/run-e26bnifB

===== FAST LOCAL: python =====
Executing /home/cbattagler/meshcoreone-work/venv312/bin/python /home/cbattagler/meshcoreone-work/local-checks/repos/ef5b4cfe42514537/tools/android-port/controller/validate.py
Executing /home/cbattagler/meshcoreone-work/venv312/bin/python /home/cbattagler/meshcoreone-work/local-checks/repos/ef5b4cfe42514537/tools/android-port/portmap.py
BLOCKED: Invalid Android-only owner/write path: android/app/src/main/kotlin/com/meshcoreone/android/MainActivity.kt

Traceback (most recent call last):
  File "/mnt/c/Users/camer/AppData/Local/Temp/meshcore-local-ktoeqp39/control/fast.py", line 113, in <module>
    main()
  File "/mnt/c/Users/camer/AppData/Local/Temp/meshcore-local-ktoeqp39/control/fast.py", line 54, in main
    ci.python_checks(args.output)
  File "/home/cbattagler/meshcoreone-work/local-checks/repos/ef5b4cfe42514537/tools/android-port/controller/ci.py", line 246, in python_checks
    execute([sys.executable, str(REPO / "tools" / "android-port" / "portmap.py")],
  File "/home/cbattagler/meshcoreone-work/local-checks/repos/ef5b4cfe42514537/tools/android-port/controller/ci.py", line 126, in execute
    raise PortError(f"Declared command failed with exit {result.returncode}; log: {log.name}")
controller.errors.PortError: Declared command failed with exit 2; log: traceability.log
BLOCKED: Command '['C:\\Windows\\system32\\wsl.exe', '--distribution', 'Ubuntu-22.04', '--', 'bash', '/mnt/c/Users/camer/AppData/Local/Temp/meshcore-local-ktoeqp39/control/run.sh', '/mnt/c/Users/camer/AppData/Local/Temp/meshcore-local-ktoeqp39/candidate.bundle', '5507d4041ea7535b7b758d419894eb15eede92c9', 'ef5b4cfe42514537', '/mnt/c/Users/camer/AppData/Local/Temp/meshcore-local-ktoeqp39/control', 'python,preflight,verify,standalone,assemble,lint,inspect', '']' returned non-zero exit status 1.
