/usr/bin/git
/usr/bin/flock

=== Fast local check: cbattlegear-studious-train @ f22299c1cac5b1d9b08a21cc23dcf70e4d105910 ===
Waiting for shared local Gradle lane (other workstreams may be running)...
Importing new local Git objects...
Previous HEAD position was 0f7443fcd9 [WP-302] Contain the RTL heading within its actual app-bar text width
HEAD is now at f22299c1ca [WP-302] Admit selected runtime POMs and preserve scaled unread badges
Materialized 4120 tracked inputs from immutable HEAD blobs
Retained exact installed reservation bytes for relocated hook regressions
Local reports: /home/cbattagler/meshcoreone-work/local-checks/run-6Zk6NMcJ

===== FAST LOCAL: python =====
Executing /home/cbattagler/meshcoreone-work/venv312/bin/python /home/cbattagler/meshcoreone-work/local-checks/repos/ef5b4cfe42514537/tools/android-port/controller/validate.py
Executing /home/cbattagler/meshcoreone-work/venv312/bin/python /home/cbattagler/meshcoreone-work/local-checks/repos/ef5b4cfe42514537/tools/android-port/portmap.py
Executing /home/cbattagler/meshcoreone-work/venv312/bin/python /home/cbattagler/meshcoreone-work/local-checks/repos/ef5b4cfe42514537/android/scaffold/sync_notices.py
usage: fast.py [-h] [--audit-writer-scope] [--base-sha BASE_SHA]
               [--output OUTPUT]
fast.py: error: --audit-writer-scope and --base-sha must be requested together
usage: fast.py [-h] [--audit-writer-scope] [--base-sha BASE_SHA]
               [--output OUTPUT]
fast.py: error: --audit-writer-scope and --base-sha must be requested together
usage: fast.py [-h] [--audit-writer-scope] [--base-sha BASE_SHA]
               [--output OUTPUT]
fast.py: error: unrecognized arguments: --write
BLOCKED: Current output must be outside the repository; historical local-evidence.json is immutable
----------------------------------------------------------------------
Ran 234 tests in 32.575s

OK
----------------------------------------------------------------------
Ran 15 tests in 0.108s

OK
{
  "controller": {
    "discovered": 234,
    "run": 234,
    "passed": 234,
    "failed": 0,
    "errors": 0,
    "skipped": 0
  },
  "scaffold": {
    "discovered": 15,
    "run": 15,
    "passed": 15,
    "failed": 0,
    "errors": 0,
    "skipped": 0
  }
}

Executing: /home/cbattagler/meshcoreone-work/venv312/bin/python -m unittest discover -s /mnt/c/Users/camer/AppData/Local/Temp/meshcore-local-mw2948y7/control -p test_*.py -v
test_broken_wsl_is_not_treated_as_ready (test_check.LocalCheckTests.test_broken_wsl_is_not_treated_as_ready) ... ok
test_deletions_and_duplicate_tips (test_check.LocalCheckTests.test_deletions_and_duplicate_tips) ... ok
test_empty_push_has_no_updates (test_check.LocalCheckTests.test_empty_push_has_no_updates) ... ok
test_existing_hook_is_preserved (test_check.LocalCheckTests.test_existing_hook_is_preserved) ... ok
test_hook_runs_every_exact_commit (test_check.LocalCheckTests.test_hook_runs_every_exact_commit) ... 
=== Fast local check: ef5b4cfe42514537 @ aaaaaaaaaaaaaaaaaaaaaaaaaaaaaaaaaaaaaaaa ===

=== Fast local check: ef5b4cfe42514537 @ bbbbbbbbbbbbbbbbbbbbbbbbbbbbbbbbbbbbbbbb ===
ok
test_install_is_repeatable_and_preserves_lf (test_check.LocalCheckTests.test_install_is_repeatable_and_preserves_lf) ... Installed /tmp/tmppy6ztgxg/pre-push. Shared Git hooks apply to every worktree in this repository.
Installed /tmp/tmppy6ztgxg/pre-push. Shared Git hooks apply to every worktree in this repository.
ok
test_malformed_push_is_blocked (test_check.LocalCheckTests.test_malformed_push_is_blocked) ... ok
test_missing_wsl_does_not_install (test_check.LocalCheckTests.test_missing_wsl_does_not_install) ... ok
test_multiple_exact_push_tips_not_head (test_check.LocalCheckTests.test_multiple_exact_push_tips_not_head) ... ok
test_nonzero_runner_blocks_push (test_check.LocalCheckTests.test_nonzero_runner_blocks_push) ... 
=== Fast local check: ef5b4cfe42514537 @ HEAD ===
ok
test_overlay_copies_only_changes_and_preserves_staged_deletions (test_check.LocalCheckTests.test_overlay_copies_only_changes_and_preserves_staged_deletions) ... ok
test_partial_hook_or_worktree_hook_is_blocked (test_check.LocalCheckTests.test_partial_hook_or_worktree_hook_is_blocked) ... ok
test_unknown_empty_duplicate_stages_are_blocked (test_check.LocalCheckTests.test_unknown_empty_duplicate_stages_are_blocked) ... ok
test_wsl_path_preserves_spaces_and_drive (test_check.LocalCheckTests.test_wsl_path_preserves_spaces_and_drive) ... ok
test_every_held_controller_state_and_malformed_scope_reject (test_check.ProducerTransferTests.test_every_held_controller_state_and_malformed_scope_reject) ... ok
test_foreign_trigger_mutation_and_second_receipt_mutation_roll_back (test_check.ProducerTransferTests.test_foreign_trigger_mutation_and_second_receipt_mutation_roll_back) ... ok
test_malformed_missing_fields_and_all_binding_fields_reject (test_check.ProducerTransferTests.test_malformed_missing_fields_and_all_binding_fields_reject) ... ok
test_missing_source_or_target_receipt_never_creates_owner (test_check.ProducerTransferTests.test_missing_source_or_target_receipt_never_creates_owner) ... ok
test_only_exact_ordered_three_paths_with_authorization_can_transfer (test_check.ProducerTransferTests.test_only_exact_ordered_three_paths_with_authorization_can_transfer) ... ok
test_original_catalog_binding_accepts_only_exact_reversible_prefix_amendment (test_check.ProducerTransferTests.test_original_catalog_binding_accepts_only_exact_reversible_prefix_amendment) ... ok
test_positive_two_full_receipt_transfer_preserves_identity_bindings_and_foreign_raw (test_check.ProducerTransferTests.test_positive_two_full_receipt_transfer_preserves_identity_bindings_and_foreign_raw) ... ok
test_stale_either_digest_or_full_receipt_rejects_without_writes (test_check.ProducerTransferTests.test_stale_either_digest_or_full_receipt_rejects_without_writes) ... ok
test_third_party_supervised_overlap_is_checked_in_transaction (test_check.ProducerTransferTests.test_third_party_supervised_overlap_is_checked_in_transaction) ... ok
test_wrong_wp_owner_repository_and_same_identity_reject (test_check.ProducerTransferTests.test_wrong_wp_owner_repository_and_same_identity_reject) ... ok
test_additions_must_be_explicit_nonempty_unique_literal_paths (test_check.ReconciliationTests.test_additions_must_be_explicit_nonempty_unique_literal_paths) ... ok
test_all_held_controller_states_block_overlap_in_same_transaction (test_check.ReconciliationTests.test_all_held_controller_states_block_overlap_in_same_transaction) ... ok
test_cli_deliberate_reconcile_checks_actual_identity_and_binding (test_check.ReconciliationTests.test_cli_deliberate_reconcile_checks_actual_identity_and_binding) ... ok
test_digest_must_cover_full_fields_and_be_well_formed (test_check.ReconciliationTests.test_digest_must_cover_full_fields_and_be_well_formed) ... ok
test_every_original_receipt_field_is_required_and_unknown_fields_fail (test_check.ReconciliationTests.test_every_original_receipt_field_is_required_and_unknown_fields_fail) ... ok
test_expected_identity_authorization_paths_and_revisions_cannot_be_forged (test_check.ReconciliationTests.test_expected_identity_authorization_paths_and_revisions_cannot_be_forged) ... ok
test_full_16_to_30_union_preserves_original_identity_binding_and_foreign_raw (test_check.ReconciliationTests.test_full_16_to_30_union_preserves_original_identity_binding_and_foreign_raw) ... ok
test_full_raw_readback_is_captured_inside_the_same_transaction (test_check.ReconciliationTests.test_full_raw_readback_is_captured_inside_the_same_transaction) ... ok
test_live_302_overlap_is_rejected_with_owner_session_branch_and_raw_unchanged (test_check.ReconciliationTests.test_live_302_overlap_is_rejected_with_owner_session_branch_and_raw_unchanged) ... ok
test_malformed_foreign_supervised_and_controller_records_fail_unchanged (test_check.ReconciliationTests.test_malformed_foreign_supervised_and_controller_records_fail_unchanged) ... ok
test_malformed_held_controller_state_json_identity_or_paths_fail_unchanged (test_check.ReconciliationTests.test_malformed_held_controller_state_json_identity_or_paths_fail_unchanged) ... ok
test_malformed_receipt_shapes_and_bindings_fail_without_changes (test_check.ReconciliationTests.test_malformed_receipt_shapes_and_bindings_fail_without_changes) ... ok
test_missing_original_receipt_cannot_create_an_owner (test_check.ReconciliationTests.test_missing_original_receipt_cannot_create_an_owner) ... ok
test_ordinary_claim_scope_and_revision_immutability_are_unchanged (test_check.ReconciliationTests.test_ordinary_claim_scope_and_revision_immutability_are_unchanged) ... ok
test_separate_302_owner_5_to_8_preserves_its_original_binding (test_check.ReconciliationTests.test_separate_302_owner_5_to_8_preserves_its_original_binding) ... ok
test_stale_cas_after_success_changes_no_records (test_check.ReconciliationTests.test_stale_cas_after_success_changes_no_records) ... ok
test_two_concurrent_stale_cas_calls_commit_only_one_full_union (test_check.ReconciliationTests.test_two_concurrent_stale_cas_calls_commit_only_one_full_union) ... ok
test_unexpected_trigger_mutation_rolls_back_every_raw_record (test_check.ReconciliationTests.test_unexpected_trigger_mutation_rolls_back_every_raw_record) ... ok
test_wrong_caller_identity_or_any_of_four_binding_fields_fails (test_check.ReconciliationTests.test_wrong_caller_identity_or_any_of_four_binding_fields_fails) ... ok
test_every_held_controller_state_and_malformed_scope_reject (test_check.ReturnAppTransferTests.test_every_held_controller_state_and_malformed_scope_reject) ... ok
test_foreign_trigger_mutation_and_second_receipt_mutation_roll_back (test_check.ReturnAppTransferTests.test_foreign_trigger_mutation_and_second_receipt_mutation_roll_back) ... ok
test_malformed_missing_fields_and_all_binding_fields_reject (test_check.ReturnAppTransferTests.test_malformed_missing_fields_and_all_binding_fields_reject) ... ok
test_missing_source_or_target_receipt_never_creates_owner (test_check.ReturnAppTransferTests.test_missing_source_or_target_receipt_never_creates_owner) ... ok
test_only_exact_ordered_three_paths_with_authorization_can_transfer (test_check.ReturnAppTransferTests.test_only_exact_ordered_three_paths_with_authorization_can_transfer) ... ok
test_original_catalog_binding_accepts_only_exact_reversible_prefix_amendment (test_check.ReturnAppTransferTests.test_original_catalog_binding_accepts_only_exact_reversible_prefix_amendment) ... ok
test_positive_two_full_receipt_transfer_preserves_identity_bindings_and_foreign_raw (test_check.ReturnAppTransferTests.test_positive_two_full_receipt_transfer_preserves_identity_bindings_and_foreign_raw) ... ok
test_return_cli_rejects_receiver_actor_wrong_source_branch_or_worktree_before_writes (test_check.ReturnAppTransferTests.test_return_cli_rejects_receiver_actor_wrong_source_branch_or_worktree_before_writes) ... ok
test_stale_either_digest_or_full_receipt_rejects_without_writes (test_check.ReturnAppTransferTests.test_stale_either_digest_or_full_receipt_rejects_without_writes) ... ok
test_third_party_supervised_overlap_is_checked_in_transaction (test_check.ReturnAppTransferTests.test_third_party_supervised_overlap_is_checked_in_transaction) ... ok
test_wrong_wp_owner_repository_and_same_identity_reject (test_check.ReturnAppTransferTests.test_wrong_wp_owner_repository_and_same_identity_reject) ... ok
test_every_held_controller_state_and_malformed_scope_reject (test_check.ReturnValidatorTransferTests.test_every_held_controller_state_and_malformed_scope_reject) ... ok
test_foreign_trigger_mutation_and_second_receipt_mutation_roll_back (test_check.ReturnValidatorTransferTests.test_foreign_trigger_mutation_and_second_receipt_mutation_roll_back) ... ok
test_malformed_missing_fields_and_all_binding_fields_reject (test_check.ReturnValidatorTransferTests.test_malformed_missing_fields_and_all_binding_fields_reject) ... ok
test_missing_source_or_target_receipt_never_creates_owner (test_check.ReturnValidatorTransferTests.test_missing_source_or_target_receipt_never_creates_owner) ... ok
test_only_exact_ordered_three_paths_with_authorization_can_transfer (test_check.ReturnValidatorTransferTests.test_only_exact_ordered_three_paths_with_authorization_can_transfer) ... ok
test_original_catalog_binding_accepts_only_exact_reversible_prefix_amendment (test_check.ReturnValidatorTransferTests.test_original_catalog_binding_accepts_only_exact_reversible_prefix_amendment) ... ok
test_positive_two_full_receipt_transfer_preserves_identity_bindings_and_foreign_raw (test_check.ReturnValidatorTransferTests.test_positive_two_full_receipt_transfer_preserves_identity_bindings_and_foreign_raw) ... ok
test_return_cli_rejects_receiver_actor_wrong_source_branch_or_worktree_before_writes (test_check.ReturnValidatorTransferTests.test_return_cli_rejects_receiver_actor_wrong_source_branch_or_worktree_before_writes) ... ok
test_stale_either_digest_or_full_receipt_rejects_without_writes (test_check.ReturnValidatorTransferTests.test_stale_either_digest_or_full_receipt_rejects_without_writes) ... ok
test_third_party_supervised_overlap_is_checked_in_transaction (test_check.ReturnValidatorTransferTests.test_third_party_supervised_overlap_is_checked_in_transaction) ... ok
test_wrong_wp_owner_repository_and_same_identity_reject (test_check.ReturnValidatorTransferTests.test_wrong_wp_owner_repository_and_same_identity_reject) ... ok
test_committed_crlf_checkout_filters_restore_literal_blobs_not_normalized_data (test_check.SnapshotMaterializationTests.test_committed_crlf_checkout_filters_restore_literal_blobs_not_normalized_data) ... ok
test_escaping_tracked_symlink_cannot_reach_original_fixture (test_check.SnapshotMaterializationTests.test_escaping_tracked_symlink_cannot_reach_original_fixture) ... ok
test_leaf_hardlink_cannot_modify_original_outside_snapshot (test_check.SnapshotMaterializationTests.test_leaf_hardlink_cannot_modify_original_outside_snapshot) ... ok
test_new_committed_revision_deletion_rename_space_and_unicode_paths (test_check.SnapshotMaterializationTests.test_new_committed_revision_deletion_rename_space_and_unicode_paths) ... ok
test_overlay_crlf_then_committed_reuse_deletes_only_overlay_tracked_paths (test_check.SnapshotMaterializationTests.test_overlay_crlf_then_committed_reuse_deletes_only_overlay_tracked_paths) ... ok
test_relocated_hook_receives_exact_installed_reservation_code_without_source_writes (test_check.SnapshotMaterializationTests.test_relocated_hook_receives_exact_installed_reservation_code_without_source_writes) ... ok
test_safe_tracked_symlink_preserves_literal_link_blob (test_check.SnapshotMaterializationTests.test_safe_tracked_symlink_preserves_literal_link_blob) ... ok
test_same_head_reuse_repairs_every_tracked_byte_and_mode (test_check.SnapshotMaterializationTests.test_same_head_reuse_repairs_every_tracked_byte_and_mode) ... ok
test_unmanaged_snapshot_is_refused_before_checkout_or_test (test_check.SnapshotMaterializationTests.test_unmanaged_snapshot_is_refused_before_checkout_or_test) ... ok
test_every_held_controller_state_and_malformed_scope_reject (test_check.ValidatorTransferTests.test_every_held_controller_state_and_malformed_scope_reject) ... ok
test_exact_validator_controller_collision_rolls_back (test_check.ValidatorTransferTests.test_exact_validator_controller_collision_rolls_back) ... ok
test_exact_validator_prefix_third_party_collision_rolls_back (test_check.ValidatorTransferTests.test_exact_validator_prefix_third_party_collision_rolls_back) ... ok
test_foreign_trigger_mutation_and_second_receipt_mutation_roll_back (test_check.ValidatorTransferTests.test_foreign_trigger_mutation_and_second_receipt_mutation_roll_back) ... ok
test_malformed_missing_fields_and_all_binding_fields_reject (test_check.ValidatorTransferTests.test_malformed_missing_fields_and_all_binding_fields_reject) ... ok
test_missing_source_or_target_receipt_never_creates_owner (test_check.ValidatorTransferTests.test_missing_source_or_target_receipt_never_creates_owner) ... ok
test_only_exact_ordered_three_paths_with_authorization_can_transfer (test_check.ValidatorTransferTests.test_only_exact_ordered_three_paths_with_authorization_can_transfer) ... ok
test_original_catalog_binding_accepts_only_exact_reversible_prefix_amendment (test_check.ValidatorTransferTests.test_original_catalog_binding_accepts_only_exact_reversible_prefix_amendment) ... ok
test_positive_two_full_receipt_transfer_preserves_identity_bindings_and_foreign_raw (test_check.ValidatorTransferTests.test_positive_two_full_receipt_transfer_preserves_identity_bindings_and_foreign_raw) ... ok
test_stale_either_digest_or_full_receipt_rejects_without_writes (test_check.ValidatorTransferTests.test_stale_either_digest_or_full_receipt_rejects_without_writes) ... ok
test_third_party_supervised_overlap_is_checked_in_transaction (test_check.ValidatorTransferTests.test_third_party_supervised_overlap_is_checked_in_transaction) ... ok
test_wrong_wp_owner_repository_and_same_identity_reject (test_check.ValidatorTransferTests.test_wrong_wp_owner_repository_and_same_identity_reject) ... ok

----------------------------------------------------------------------
Ran 86 tests in 13.936s

OK
===== PASS: python =====

===== FAST LOCAL: preflight =====
Executing /home/cbattagler/meshcoreone-work/venv312/bin/python /home/cbattagler/meshcoreone-work/local-checks/repos/ef5b4cfe42514537/android/scaffold/check_environment.py
===== PASS: preflight =====

===== FAST LOCAL: verify =====
Executing: /home/cbattagler/meshcoreone-work/local-checks/repos/ef5b4cfe42514537/android/gradlew -p /home/cbattagler/meshcoreone-work/local-checks/repos/ef5b4cfe42514537/android verifyScaffoldTests verifyRoomSchema validateModuleGraph runtimeDependencyInventory resolveScaffoldDependencies --console=plain --dependency-verification strict --build-cache --no-parallel --max-workers=4 -PscaffoldTestHeap=512m -Pwp301EvidenceDirectory=/home/cbattagler/meshcoreone-work/local-checks/run-6Zk6NMcJ/wp301-native -Pwp207EvidenceDirectory=/home/cbattagler/meshcoreone-work/local-checks/run-6Zk6NMcJ/wp207-native -PmeshCliEvidenceDirectory=/home/cbattagler/meshcoreone-work/local-checks/run-6Zk6NMcJ/wp109 -PmeshCliInvocationFile=/home/cbattagler/meshcoreone-work/local-checks/run-6Zk6NMcJ/wp109-invocation.json -Pwp208LocalEvidenceDirectory=/home/cbattagler/meshcoreone-work/local-checks/run-6Zk6NMcJ/wp208-native -Pwp208LocalExpectedHead=f22299c1cac5b1d9b08a21cc23dcf70e4d105910
> Task :build-logic:convention:checkKotlinGradlePluginConfigurationErrors SKIPPED
> Task :build-logic:convention:compileKotlin UP-TO-DATE
> Task :build-logic:convention:compileJava NO-SOURCE
> Task :build-logic:convention:pluginDescriptors UP-TO-DATE
> Task :build-logic:convention:processResources UP-TO-DATE
> Task :build-logic:convention:classes UP-TO-DATE
> Task :build-logic:convention:jar UP-TO-DATE
[=========                              ] 25%                                   
WARNING: platform-tools package is not installed.
Add android.sync.suppressAgpWarnings=MISSING_SDK_PACKAGE to the gradle.properties file to suppress this warning.
> Task :core:contracts:checkKotlinGradlePluginConfigurationErrors SKIPPED
> Task :core:model:checkKotlinGradlePluginConfigurationErrors SKIPPED
> Task :core:protocol:checkKotlinGradlePluginConfigurationErrors SKIPPED
> Task :build-logic:convention:compileTestKotlin UP-TO-DATE
> Task :build-logic:convention:compileTestJava NO-SOURCE
> Task :core:protocol:compileKotlin UP-TO-DATE
> Task :core:protocol:compileJava NO-SOURCE
> Task :build-logic:convention:pluginUnderTestMetadata UP-TO-DATE
> Task :build-logic:convention:processTestResources NO-SOURCE
> Task :build-logic:convention:testClasses UP-TO-DATE
> Task :core:model:compileKotlin UP-TO-DATE
> Task :core:model:compileJava NO-SOURCE
> Task :core:contracts:compileKotlin UP-TO-DATE
> Task :core:contracts:compileJava NO-SOURCE
> Task :core:runtime:checkKotlinGradlePluginConfigurationErrors SKIPPED
> Task :build-logic:convention:test UP-TO-DATE
> Task :core:runtime:compileKotlin UP-TO-DATE
> Task :core:runtime:compileJava NO-SOURCE
> Task :core:runtime:processResources NO-SOURCE
> Task :core:runtime:classes UP-TO-DATE
> Task :core:runtime:jar UP-TO-DATE
> Task :core:services:checkKotlinGradlePluginConfigurationErrors SKIPPED
> Task :core:services:compileKotlin UP-TO-DATE
> Task :core:services:compileJava NO-SOURCE
> Task :core:services:processResources NO-SOURCE
> Task :core:services:classes UP-TO-DATE
> Task :core:services:jar UP-TO-DATE
> Task :core:contracts:processResources NO-SOURCE
> Task :core:contracts:classes UP-TO-DATE
> Task :core:contracts:jar UP-TO-DATE
> Task :core:model:processResources NO-SOURCE
> Task :core:model:classes UP-TO-DATE
> Task :core:model:jar UP-TO-DATE
> Task :core:protocol:processResources NO-SOURCE
> Task :core:protocol:classes UP-TO-DATE
> Task :core:protocol:jar UP-TO-DATE
> Task :app:preBuild UP-TO-DATE
> Task :app:preDebugBuild UP-TO-DATE
> Task :app:generateDebugResources UP-TO-DATE
> Task :app:packageDebugResources UP-TO-DATE
> Task :core:ble:preBuild UP-TO-DATE
> Task :core:ble:preDebugBuild UP-TO-DATE
> Task :core:ble:processDebugNavigationResources UP-TO-DATE
> Task :core:connectivity:preBuild UP-TO-DATE
> Task :core:connectivity:preDebugBuild UP-TO-DATE
> Task :core:connectivity:processDebugNavigationResources UP-TO-DATE
> Task :core:data:preBuild UP-TO-DATE
> Task :core:data:preDebugBuild UP-TO-DATE
> Task :core:data:processDebugNavigationResources UP-TO-DATE
> Task :core:database:preBuild UP-TO-DATE
> Task :core:database:preDebugBuild UP-TO-DATE
> Task :core:database:processDebugNavigationResources UP-TO-DATE

> Task :core:datastore:verifyPreferenceNotices
{
  "result": "exact-notice-inputs-verified",
  "notices": 5,
  "normalized_windows_checkout_paths": [],
  "scope": "only exact source notice byte/hash preservation; not an APK, legal or hardware result"
}

> Task :core:datastore:preBuild
> Task :core:datastore:preDebugBuild
> Task :core:datastore:processDebugNavigationResources UP-TO-DATE

> Task :core:designsystem:verifyThemeConversion
.....................
----------------------------------------------------------------------
Ran 21 tests in 3.457s

OK
{"color_assets": 44, "converter_cases": {"discovered": 21, "errors": 0, "failed": 0, "passed": 21, "skipped": 0}, "generated_outputs": 23, "primary_inputs": 89, "recovery_locales": 12, "result": "passed", "themes": 10}

> Task :core:designsystem:verifyThemeNotices
....
----------------------------------------------------------------------
Ran 4 tests in 0.015s

OK
{"notices": [{"bytes": 35149, "path": "assets/licenses/WP-301/GPL-3.0-app.txt", "sha256": "3972dc9744f6499f0f9b2dbf76696f2ae7ad8af9b23dde66d6af86c9dfb36986"}, {"bytes": 1067, "path": "assets/licenses/WP-301/Catppuccin-MIT.txt", "sha256": "814096d2c34cc216c624738a49356f32b7237733b4f7edb0685f4e50ef5074ba"}, {"bytes": 1100, "path": "assets/licenses/WP-301/Nord-MIT.txt", "sha256": "50651dcbffd506bb790bb026d1ba2cbb6fcdd74d0879680443b46c957120e39d"}, {"bytes": 1073, "path": "assets/licenses/WP-301/Solarized-MIT.txt", "sha256": "cf523d5258de35becb9d985b962057965921f94790a741daa1a74e0ead8cfc29"}], "result": "passed", "scope": "exact frozen notice bytes only"}

> Task :core:designsystem:preBuild
> Task :core:designsystem:preDebugBuild
> Task :core:designsystem:processDebugNavigationResources UP-TO-DATE

> Task :core:l10n:verifyL10nConversion
..........................................................................
----------------------------------------------------------------------
Ran 74 tests in 8.245s

OK
{
  "catalog_localized_records": 77,
  "english_fallback_counts": {
    "de": 0,
    "en": 0,
    "es": 0,
    "fr": 0,
    "it": 7,
    "ko": 0,
    "nl": 0,
    "pl": 0,
    "pt": 0,
    "ru": 0,
    "uk": 0,
    "zh-Hans": 0
  },
  "excluded_keys": 32,
  "generated_files": 63,
  "generated_keys": 2374,
  "input_records": 28903,
  "locales": 12,
  "localization_inputs": 169,
  "plural_keys": 11,
  "python_tests": 74,
  "source_format_adaptations": 1,
  "source_pin": "db14559b39d32322b06477c6ae676112f583db50",
  "string_keys": 2363,
  "subdivision_keys": 59,
  "unique_source_keys": 2406,
  "unsupported_inputs": []
}

> Task :core:l10n:preBuild
> Task :core:l10n:preDebugBuild
> Task :core:l10n:processDebugNavigationResources UP-TO-DATE
> Task :core:maps:preBuild UP-TO-DATE
> Task :core:maps:preDebugBuild UP-TO-DATE
> Task :core:maps:processDebugNavigationResources UP-TO-DATE

> Task :core:ui:verifySharedUiInputs
.......................................
----------------------------------------------------------------------
Ran 39 tests in 0.085s

OK
{"result": "static-accounted-not-executed-not-parity", "accounted_source_families": 130, "accounted_source_scenarios": 158, "declared_native_methods": 204, "pending_producer_families": 0}

> Task :core:ui:preBuild
> Task :core:ui:preDebugBuild
> Task :core:ui:processDebugNavigationResources UP-TO-DATE
> Task :feature:chats:preBuild UP-TO-DATE
> Task :feature:chats:preDebugBuild UP-TO-DATE
> Task :feature:chats:processDebugNavigationResources UP-TO-DATE
> Task :feature:map:preBuild UP-TO-DATE
> Task :feature:map:preDebugBuild UP-TO-DATE
> Task :feature:map:processDebugNavigationResources UP-TO-DATE
> Task :feature:nodes:preBuild UP-TO-DATE
> Task :feature:nodes:preDebugBuild UP-TO-DATE
> Task :feature:nodes:processDebugNavigationResources UP-TO-DATE
> Task :feature:onboarding:preBuild UP-TO-DATE
> Task :feature:onboarding:preDebugBuild UP-TO-DATE
> Task :feature:onboarding:processDebugNavigationResources UP-TO-DATE
> Task :feature:remotenodes:preBuild UP-TO-DATE
> Task :feature:remotenodes:preDebugBuild UP-TO-DATE
> Task :feature:remotenodes:processDebugNavigationResources UP-TO-DATE
> Task :feature:settings:preBuild UP-TO-DATE
> Task :feature:settings:preDebugBuild UP-TO-DATE
> Task :feature:settings:processDebugNavigationResources UP-TO-DATE
> Task :feature:tools:preBuild UP-TO-DATE
> Task :feature:tools:preDebugBuild UP-TO-DATE
> Task :feature:tools:processDebugNavigationResources UP-TO-DATE
> Task :platform:notifications:preBuild UP-TO-DATE
> Task :platform:notifications:preDebugBuild UP-TO-DATE
> Task :platform:notifications:processDebugNavigationResources UP-TO-DATE
> Task :platform:shortcuts:preBuild UP-TO-DATE
> Task :platform:shortcuts:preDebugBuild UP-TO-DATE
> Task :platform:shortcuts:processDebugNavigationResources UP-TO-DATE
> Task :platform:translation:preBuild UP-TO-DATE
> Task :platform:translation:preDebugBuild UP-TO-DATE
> Task :platform:translation:processDebugNavigationResources UP-TO-DATE
> Task :platform:widgets:preBuild UP-TO-DATE
> Task :platform:widgets:preDebugBuild UP-TO-DATE
> Task :platform:widgets:processDebugNavigationResources UP-TO-DATE
> Task :app:processDebugNavigationResources UP-TO-DATE
> Task :app:parseDebugLocalResources UP-TO-DATE
> Task :app:generateDebugRFile UP-TO-DATE
> Task :core:ble:generateDebugResources UP-TO-DATE
> Task :core:ble:packageDebugResources UP-TO-DATE
> Task :core:ble:parseDebugLocalResources UP-TO-DATE
> Task :core:ble:generateDebugRFile UP-TO-DATE
> Task :core:ble:compileDebugKotlin UP-TO-DATE
> Task :core:ble:javaPreCompileDebug UP-TO-DATE
> Task :core:ble:compileDebugJavaWithJavac NO-SOURCE
> Task :core:ble:bundleLibCompileToJarDebug UP-TO-DATE
> Task :core:connectivity:generateDebugResources UP-TO-DATE
> Task :core:connectivity:packageDebugResources UP-TO-DATE
> Task :core:connectivity:parseDebugLocalResources UP-TO-DATE
> Task :core:connectivity:generateDebugRFile UP-TO-DATE
> Task :core:connectivity:compileDebugKotlin UP-TO-DATE
> Task :core:connectivity:javaPreCompileDebug UP-TO-DATE
> Task :core:connectivity:compileDebugJavaWithJavac NO-SOURCE
> Task :core:connectivity:bundleLibCompileToJarDebug UP-TO-DATE
> Task :core:data:generateDebugResources UP-TO-DATE
> Task :core:data:packageDebugResources UP-TO-DATE
> Task :core:data:parseDebugLocalResources UP-TO-DATE
> Task :core:data:generateDebugRFile UP-TO-DATE
> Task :core:database:generateDebugResources UP-TO-DATE
> Task :core:database:packageDebugResources UP-TO-DATE
> Task :core:database:parseDebugLocalResources UP-TO-DATE
> Task :core:database:generateDebugRFile UP-TO-DATE
> Task :core:database:kspDebugKotlin UP-TO-DATE
> Task :core:database:compileDebugKotlin UP-TO-DATE
> Task :core:database:javaPreCompileDebug UP-TO-DATE
> Task :core:database:compileDebugJavaWithJavac NO-SOURCE
> Task :core:database:bundleLibCompileToJarDebug UP-TO-DATE
> Task :core:database:preDebugUnitTestBuild UP-TO-DATE
> Task :core:database:writeDebugAarMetadata UP-TO-DATE
> Task :core:database:checkDebugUnitTestAarMetadata UP-TO-DATE
> Task :core:database:mapDebugSourceSetPaths UP-TO-DATE
> Task :core:database:compileDebugLibraryResources UP-TO-DATE
> Task :core:database:mapDebugUnitTestSourceSetPaths UP-TO-DATE
> Task :core:database:generateDebugUnitTestResources UP-TO-DATE
> Task :core:database:mergeDebugUnitTestResources UP-TO-DATE
> Task :core:database:extractDeepLinksDebug UP-TO-DATE
> Task :core:database:processDebugManifest UP-TO-DATE
> Task :core:database:mergeDebugUnitTestManifest UP-TO-DATE
> Task :core:database:processDebugUnitTestManifest UP-TO-DATE
> Task :core:database:processDebugUnitTestResources UP-TO-DATE
> Task :core:database:kspDebugUnitTestKotlin UP-TO-DATE
> Task :core:database:compileDebugUnitTestKotlin UP-TO-DATE
> Task :core:database:javaPreCompileDebugUnitTest UP-TO-DATE
> Task :core:database:compileDebugUnitTestJavaWithJavac NO-SOURCE
> Task :core:database:copyRoomSchemas NO-SOURCE
> Task :core:datastore:generateDebugResources UP-TO-DATE
> Task :core:datastore:packageDebugResources UP-TO-DATE
> Task :core:datastore:parseDebugLocalResources UP-TO-DATE
> Task :core:datastore:generateDebugRFile UP-TO-DATE
> Task :core:datastore:compileDebugKotlin UP-TO-DATE
> Task :core:datastore:javaPreCompileDebug UP-TO-DATE
> Task :core:datastore:compileDebugJavaWithJavac NO-SOURCE
> Task :core:datastore:bundleLibCompileToJarDebug UP-TO-DATE
> Task :core:data:compileDebugKotlin UP-TO-DATE
> Task :core:data:javaPreCompileDebug UP-TO-DATE
> Task :core:data:compileDebugJavaWithJavac NO-SOURCE
> Task :core:data:bundleLibCompileToJarDebug UP-TO-DATE
> Task :core:designsystem:generateDebugResources UP-TO-DATE
> Task :core:designsystem:packageDebugResources UP-TO-DATE
> Task :core:designsystem:parseDebugLocalResources UP-TO-DATE
> Task :core:designsystem:generateDebugRFile UP-TO-DATE
> Task :core:l10n:generateDebugResources UP-TO-DATE
> Task :core:l10n:packageDebugResources UP-TO-DATE
> Task :core:l10n:parseDebugLocalResources UP-TO-DATE
> Task :core:l10n:generateDebugRFile UP-TO-DATE
> Task :core:l10n:compileDebugKotlin UP-TO-DATE
> Task :core:l10n:javaPreCompileDebug UP-TO-DATE
> Task :core:l10n:compileDebugJavaWithJavac NO-SOURCE
> Task :core:l10n:bundleLibCompileToJarDebug UP-TO-DATE
> Task :core:designsystem:compileDebugKotlin UP-TO-DATE
> Task :core:designsystem:javaPreCompileDebug UP-TO-DATE
> Task :core:designsystem:compileDebugJavaWithJavac NO-SOURCE
> Task :core:designsystem:bundleLibCompileToJarDebug UP-TO-DATE
> Task :core:maps:generateDebugResources UP-TO-DATE
> Task :core:maps:packageDebugResources UP-TO-DATE
> Task :core:maps:parseDebugLocalResources UP-TO-DATE
> Task :core:maps:generateDebugRFile UP-TO-DATE
> Task :core:ui:generateDebugResources UP-TO-DATE
> Task :core:ui:packageDebugResources UP-TO-DATE
> Task :core:ui:parseDebugLocalResources UP-TO-DATE
> Task :core:ui:generateDebugRFile UP-TO-DATE
> Task :core:ui:compileDebugKotlin UP-TO-DATE
> Task :core:ui:javaPreCompileDebug UP-TO-DATE
> Task :core:ui:compileDebugJavaWithJavac NO-SOURCE
> Task :core:ui:bundleLibCompileToJarDebug UP-TO-DATE
> Task :core:maps:compileDebugKotlin NO-SOURCE
> Task :core:maps:javaPreCompileDebug UP-TO-DATE
> Task :core:maps:compileDebugJavaWithJavac NO-SOURCE
> Task :core:maps:bundleLibCompileToJarDebug UP-TO-DATE
> Task :feature:chats:generateDebugResources UP-TO-DATE
> Task :feature:chats:packageDebugResources UP-TO-DATE
> Task :feature:chats:parseDebugLocalResources UP-TO-DATE
> Task :feature:chats:generateDebugRFile UP-TO-DATE
> Task :feature:chats:compileDebugKotlin UP-TO-DATE
> Task :feature:chats:javaPreCompileDebug UP-TO-DATE
> Task :feature:chats:compileDebugJavaWithJavac NO-SOURCE
> Task :feature:chats:bundleLibCompileToJarDebug UP-TO-DATE
> Task :feature:map:generateDebugResources UP-TO-DATE
> Task :feature:map:packageDebugResources UP-TO-DATE
> Task :feature:map:parseDebugLocalResources UP-TO-DATE
> Task :feature:map:generateDebugRFile UP-TO-DATE
> Task :feature:map:compileDebugKotlin UP-TO-DATE
> Task :feature:map:javaPreCompileDebug UP-TO-DATE
> Task :feature:map:compileDebugJavaWithJavac NO-SOURCE
> Task :feature:map:bundleLibCompileToJarDebug UP-TO-DATE
> Task :feature:nodes:generateDebugResources UP-TO-DATE
> Task :feature:nodes:packageDebugResources UP-TO-DATE
> Task :feature:nodes:parseDebugLocalResources UP-TO-DATE
> Task :feature:nodes:generateDebugRFile UP-TO-DATE
> Task :feature:nodes:compileDebugKotlin UP-TO-DATE
> Task :feature:nodes:javaPreCompileDebug UP-TO-DATE
> Task :feature:nodes:compileDebugJavaWithJavac NO-SOURCE
> Task :feature:nodes:bundleLibCompileToJarDebug UP-TO-DATE
> Task :feature:onboarding:generateDebugResources UP-TO-DATE
> Task :feature:onboarding:packageDebugResources UP-TO-DATE
> Task :feature:onboarding:parseDebugLocalResources UP-TO-DATE
> Task :feature:onboarding:generateDebugRFile UP-TO-DATE
> Task :feature:onboarding:compileDebugKotlin UP-TO-DATE
> Task :feature:onboarding:javaPreCompileDebug UP-TO-DATE
> Task :feature:onboarding:compileDebugJavaWithJavac NO-SOURCE
> Task :feature:onboarding:bundleLibCompileToJarDebug UP-TO-DATE
> Task :feature:remotenodes:generateDebugResources UP-TO-DATE
> Task :feature:remotenodes:packageDebugResources UP-TO-DATE
> Task :feature:remotenodes:parseDebugLocalResources UP-TO-DATE
> Task :feature:remotenodes:generateDebugRFile UP-TO-DATE
> Task :feature:remotenodes:compileDebugKotlin UP-TO-DATE
> Task :feature:remotenodes:javaPreCompileDebug UP-TO-DATE
> Task :feature:remotenodes:compileDebugJavaWithJavac NO-SOURCE
> Task :feature:remotenodes:bundleLibCompileToJarDebug UP-TO-DATE
> Task :feature:settings:generateDebugResources UP-TO-DATE
> Task :feature:settings:packageDebugResources UP-TO-DATE
> Task :feature:settings:parseDebugLocalResources UP-TO-DATE
> Task :feature:settings:generateDebugRFile UP-TO-DATE
> Task :feature:settings:compileDebugKotlin UP-TO-DATE
> Task :feature:settings:javaPreCompileDebug UP-TO-DATE
> Task :feature:settings:compileDebugJavaWithJavac NO-SOURCE
> Task :feature:settings:bundleLibCompileToJarDebug UP-TO-DATE
> Task :feature:tools:generateDebugResources UP-TO-DATE
> Task :feature:tools:packageDebugResources UP-TO-DATE
> Task :feature:tools:parseDebugLocalResources UP-TO-DATE
> Task :feature:tools:generateDebugRFile UP-TO-DATE
> Task :feature:tools:compileDebugKotlin UP-TO-DATE
> Task :feature:tools:javaPreCompileDebug UP-TO-DATE
> Task :feature:tools:compileDebugJavaWithJavac NO-SOURCE
> Task :feature:tools:bundleLibCompileToJarDebug UP-TO-DATE
> Task :platform:notifications:generateDebugResources UP-TO-DATE
> Task :platform:notifications:packageDebugResources UP-TO-DATE
> Task :platform:notifications:parseDebugLocalResources UP-TO-DATE
> Task :platform:notifications:generateDebugRFile UP-TO-DATE
> Task :platform:notifications:compileDebugKotlin NO-SOURCE
> Task :platform:notifications:javaPreCompileDebug UP-TO-DATE
> Task :platform:notifications:compileDebugJavaWithJavac NO-SOURCE
> Task :platform:notifications:bundleLibCompileToJarDebug UP-TO-DATE
> Task :platform:shortcuts:generateDebugResources UP-TO-DATE
> Task :platform:shortcuts:packageDebugResources UP-TO-DATE
> Task :platform:shortcuts:parseDebugLocalResources UP-TO-DATE
> Task :platform:shortcuts:generateDebugRFile UP-TO-DATE
> Task :platform:shortcuts:compileDebugKotlin NO-SOURCE
> Task :platform:shortcuts:javaPreCompileDebug UP-TO-DATE
> Task :platform:shortcuts:compileDebugJavaWithJavac NO-SOURCE
> Task :platform:shortcuts:bundleLibCompileToJarDebug UP-TO-DATE
> Task :platform:translation:generateDebugResources UP-TO-DATE
> Task :platform:translation:packageDebugResources UP-TO-DATE
> Task :platform:translation:parseDebugLocalResources UP-TO-DATE
> Task :platform:translation:generateDebugRFile UP-TO-DATE
> Task :platform:translation:compileDebugKotlin NO-SOURCE
> Task :platform:translation:javaPreCompileDebug UP-TO-DATE
> Task :platform:translation:compileDebugJavaWithJavac NO-SOURCE
> Task :platform:translation:bundleLibCompileToJarDebug UP-TO-DATE
> Task :platform:widgets:generateDebugResources UP-TO-DATE
> Task :platform:widgets:packageDebugResources UP-TO-DATE
> Task :platform:widgets:parseDebugLocalResources UP-TO-DATE
> Task :platform:widgets:generateDebugRFile UP-TO-DATE
> Task :platform:widgets:compileDebugKotlin NO-SOURCE
> Task :platform:widgets:javaPreCompileDebug UP-TO-DATE
> Task :platform:widgets:compileDebugJavaWithJavac NO-SOURCE
> Task :platform:widgets:bundleLibCompileToJarDebug UP-TO-DATE
> Task :app:javaPreCompileDebug UP-TO-DATE
> Task :core:ble:writeDebugAarMetadata UP-TO-DATE
> Task :core:connectivity:writeDebugAarMetadata UP-TO-DATE
> Task :core:data:writeDebugAarMetadata UP-TO-DATE
> Task :core:datastore:writeDebugAarMetadata UP-TO-DATE
> Task :core:designsystem:writeDebugAarMetadata UP-TO-DATE
> Task :core:l10n:writeDebugAarMetadata UP-TO-DATE
> Task :core:maps:writeDebugAarMetadata UP-TO-DATE
> Task :core:ui:writeDebugAarMetadata UP-TO-DATE
> Task :feature:chats:writeDebugAarMetadata UP-TO-DATE
> Task :feature:map:writeDebugAarMetadata UP-TO-DATE
> Task :feature:nodes:writeDebugAarMetadata UP-TO-DATE
> Task :feature:onboarding:writeDebugAarMetadata UP-TO-DATE
> Task :feature:remotenodes:writeDebugAarMetadata UP-TO-DATE
> Task :feature:settings:writeDebugAarMetadata UP-TO-DATE
> Task :feature:tools:writeDebugAarMetadata UP-TO-DATE
> Task :platform:notifications:writeDebugAarMetadata UP-TO-DATE
> Task :platform:shortcuts:writeDebugAarMetadata UP-TO-DATE
> Task :platform:translation:writeDebugAarMetadata UP-TO-DATE
> Task :platform:widgets:writeDebugAarMetadata UP-TO-DATE
> Task :app:checkDebugAarMetadata UP-TO-DATE
> Task :app:mapDebugSourceSetPaths UP-TO-DATE
> Task :app:compileDebugNavigationResources UP-TO-DATE
> Task :app:mergeDebugResources UP-TO-DATE
> Task :app:createDebugCompatibleScreenManifests UP-TO-DATE
> Task :app:extractDeepLinksDebug UP-TO-DATE
> Task :core:ble:extractDeepLinksDebug UP-TO-DATE
> Task :core:ble:processDebugManifest UP-TO-DATE
> Task :core:connectivity:extractDeepLinksDebug UP-TO-DATE
> Task :core:connectivity:processDebugManifest UP-TO-DATE
> Task :core:data:extractDeepLinksDebug UP-TO-DATE
> Task :core:data:processDebugManifest UP-TO-DATE
> Task :core:datastore:extractDeepLinksDebug UP-TO-DATE
> Task :core:datastore:processDebugManifest UP-TO-DATE
> Task :core:designsystem:extractDeepLinksDebug UP-TO-DATE
> Task :core:designsystem:processDebugManifest UP-TO-DATE
> Task :core:l10n:extractDeepLinksDebug UP-TO-DATE
> Task :core:l10n:processDebugManifest UP-TO-DATE
> Task :core:maps:extractDeepLinksDebug UP-TO-DATE
> Task :core:maps:processDebugManifest UP-TO-DATE
> Task :core:ui:extractDeepLinksDebug UP-TO-DATE
> Task :core:ui:processDebugManifest UP-TO-DATE
> Task :feature:chats:extractDeepLinksDebug UP-TO-DATE
> Task :feature:chats:processDebugManifest UP-TO-DATE
> Task :feature:map:extractDeepLinksDebug UP-TO-DATE
> Task :feature:map:processDebugManifest UP-TO-DATE
> Task :feature:nodes:extractDeepLinksDebug UP-TO-DATE
> Task :feature:nodes:processDebugManifest UP-TO-DATE
> Task :feature:onboarding:extractDeepLinksDebug UP-TO-DATE
> Task :feature:onboarding:processDebugManifest UP-TO-DATE
> Task :feature:remotenodes:extractDeepLinksDebug UP-TO-DATE
> Task :feature:remotenodes:processDebugManifest UP-TO-DATE
> Task :feature:settings:extractDeepLinksDebug UP-TO-DATE
> Task :feature:settings:processDebugManifest UP-TO-DATE
> Task :feature:tools:extractDeepLinksDebug UP-TO-DATE
> Task :feature:tools:processDebugManifest UP-TO-DATE
> Task :platform:notifications:extractDeepLinksDebug UP-TO-DATE
> Task :platform:notifications:processDebugManifest UP-TO-DATE
> Task :platform:shortcuts:extractDeepLinksDebug UP-TO-DATE
> Task :platform:shortcuts:processDebugManifest UP-TO-DATE
> Task :platform:translation:extractDeepLinksDebug UP-TO-DATE
> Task :platform:translation:processDebugManifest UP-TO-DATE
> Task :platform:widgets:extractDeepLinksDebug UP-TO-DATE
> Task :platform:widgets:processDebugManifest UP-TO-DATE
> Task :app:processDebugMainManifest UP-TO-DATE
> Task :app:processDebugManifest UP-TO-DATE
> Task :app:processDebugManifestForPackage UP-TO-DATE
> Task :core:ble:mapDebugSourceSetPaths UP-TO-DATE
> Task :core:ble:compileDebugLibraryResources UP-TO-DATE
> Task :core:connectivity:mapDebugSourceSetPaths UP-TO-DATE
> Task :core:connectivity:compileDebugLibraryResources UP-TO-DATE
> Task :core:data:mapDebugSourceSetPaths UP-TO-DATE
> Task :core:data:compileDebugLibraryResources UP-TO-DATE
> Task :core:datastore:mapDebugSourceSetPaths UP-TO-DATE
> Task :core:datastore:compileDebugLibraryResources UP-TO-DATE
> Task :core:designsystem:mapDebugSourceSetPaths UP-TO-DATE
> Task :core:designsystem:compileDebugLibraryResources UP-TO-DATE
> Task :core:l10n:mapDebugSourceSetPaths UP-TO-DATE
> Task :core:l10n:compileDebugLibraryResources UP-TO-DATE
> Task :core:maps:mapDebugSourceSetPaths UP-TO-DATE
> Task :core:maps:compileDebugLibraryResources UP-TO-DATE
> Task :core:ui:mapDebugSourceSetPaths UP-TO-DATE
> Task :core:ui:compileDebugLibraryResources UP-TO-DATE
> Task :feature:chats:mapDebugSourceSetPaths UP-TO-DATE
> Task :feature:chats:compileDebugLibraryResources UP-TO-DATE
> Task :feature:map:mapDebugSourceSetPaths UP-TO-DATE
> Task :feature:map:compileDebugLibraryResources UP-TO-DATE
> Task :feature:nodes:mapDebugSourceSetPaths UP-TO-DATE
> Task :feature:nodes:compileDebugLibraryResources UP-TO-DATE
> Task :feature:onboarding:mapDebugSourceSetPaths UP-TO-DATE
> Task :feature:onboarding:compileDebugLibraryResources UP-TO-DATE
> Task :feature:remotenodes:mapDebugSourceSetPaths UP-TO-DATE
> Task :feature:remotenodes:compileDebugLibraryResources UP-TO-DATE
> Task :feature:settings:mapDebugSourceSetPaths UP-TO-DATE
> Task :feature:settings:compileDebugLibraryResources UP-TO-DATE
> Task :feature:tools:mapDebugSourceSetPaths UP-TO-DATE
> Task :feature:tools:compileDebugLibraryResources UP-TO-DATE
> Task :platform:notifications:mapDebugSourceSetPaths UP-TO-DATE
> Task :platform:notifications:compileDebugLibraryResources UP-TO-DATE
> Task :platform:shortcuts:mapDebugSourceSetPaths UP-TO-DATE
> Task :platform:shortcuts:compileDebugLibraryResources UP-TO-DATE
> Task :platform:translation:mapDebugSourceSetPaths UP-TO-DATE
> Task :platform:translation:compileDebugLibraryResources UP-TO-DATE
> Task :platform:widgets:mapDebugSourceSetPaths UP-TO-DATE
> Task :platform:widgets:compileDebugLibraryResources UP-TO-DATE
> Task :app:processDebugResources UP-TO-DATE
> Task :app:preDebugUnitTestBuild UP-TO-DATE
> Task :app:javaPreCompileDebugUnitTest UP-TO-DATE
> Task :app:generateDebugAssets UP-TO-DATE
> Task :core:ble:generateDebugAssets UP-TO-DATE
> Task :core:ble:mergeDebugAssets UP-TO-DATE
> Task :core:connectivity:generateDebugAssets UP-TO-DATE
> Task :core:connectivity:mergeDebugAssets UP-TO-DATE
> Task :core:data:generateDebugAssets UP-TO-DATE
> Task :core:data:mergeDebugAssets UP-TO-DATE
> Task :core:database:generateDebugAssets UP-TO-DATE
> Task :core:database:mergeDebugAssets UP-TO-DATE
> Task :core:datastore:generateDebugAssets UP-TO-DATE
> Task :core:datastore:mergeDebugAssets UP-TO-DATE
> Task :core:designsystem:generateDebugAssets UP-TO-DATE
> Task :core:designsystem:mergeDebugAssets UP-TO-DATE
> Task :core:l10n:generateDebugAssets UP-TO-DATE
> Task :core:l10n:mergeDebugAssets UP-TO-DATE
> Task :core:maps:generateDebugAssets UP-TO-DATE
> Task :core:maps:mergeDebugAssets UP-TO-DATE
> Task :core:ui:generateDebugAssets UP-TO-DATE
> Task :core:ui:mergeDebugAssets UP-TO-DATE
> Task :feature:chats:generateDebugAssets UP-TO-DATE
> Task :feature:chats:mergeDebugAssets UP-TO-DATE
> Task :feature:map:generateDebugAssets UP-TO-DATE
> Task :feature:map:mergeDebugAssets UP-TO-DATE
> Task :feature:nodes:generateDebugAssets UP-TO-DATE
> Task :feature:nodes:mergeDebugAssets UP-TO-DATE
> Task :feature:onboarding:generateDebugAssets UP-TO-DATE
> Task :feature:onboarding:mergeDebugAssets UP-TO-DATE
> Task :feature:remotenodes:generateDebugAssets UP-TO-DATE
> Task :feature:remotenodes:mergeDebugAssets UP-TO-DATE
> Task :feature:settings:generateDebugAssets UP-TO-DATE
> Task :feature:settings:mergeDebugAssets UP-TO-DATE
> Task :feature:tools:generateDebugAssets UP-TO-DATE
> Task :feature:tools:mergeDebugAssets UP-TO-DATE
> Task :platform:notifications:generateDebugAssets UP-TO-DATE
> Task :platform:notifications:mergeDebugAssets UP-TO-DATE
> Task :platform:shortcuts:generateDebugAssets UP-TO-DATE
> Task :platform:shortcuts:mergeDebugAssets UP-TO-DATE
> Task :platform:translation:generateDebugAssets UP-TO-DATE
> Task :platform:translation:mergeDebugAssets UP-TO-DATE
> Task :platform:widgets:generateDebugAssets UP-TO-DATE
> Task :platform:widgets:mergeDebugAssets UP-TO-DATE
> Task :app:mergeDebugAssets UP-TO-DATE
> Task :app:packageDebugUnitTestForUnitTest UP-TO-DATE
> Task :app:mergeDebugUnitTestManifest UP-TO-DATE
> Task :app:processDebugUnitTestManifest UP-TO-DATE
> Task :app:generateDebugUnitTestConfig UP-TO-DATE

> Task :app:compileDebugKotlin
w: file:///home/cbattagler/meshcoreone-work/local-checks/repos/ef5b4cfe42514537/android/app/src/main/kotlin/com/meshcoreone/android/app/navigation/NativeNavigationShell.kt:337:56 'fun currentWindowAdaptiveInfo(supportLargeAndXLargeWidth: Boolean = ...): WindowAdaptiveInfo' is deprecated. Please use V2 version of this function to support L and XL width size classes.

> Task :app:prepareWp302NavigationInputs
{"head": "f22299c1cac5b1d9b08a21cc23dcf70e4d105910", "nonce": "4a62ded1-f6b6-43a0-bd53-bd2a39c02177", "result": "bound-not-executed"}

> Task :app:compileDebugJavaWithJavac NO-SOURCE
> Task :app:processDebugJavaRes UP-TO-DATE
> Task :core:ble:bundleLibRuntimeToJarDebug UP-TO-DATE
> Task :core:ble:processDebugJavaRes UP-TO-DATE
> Task :core:connectivity:bundleLibRuntimeToJarDebug UP-TO-DATE
> Task :core:connectivity:processDebugJavaRes UP-TO-DATE
> Task :core:data:bundleLibRuntimeToJarDebug UP-TO-DATE
> Task :core:data:processDebugJavaRes UP-TO-DATE
> Task :core:database:bundleLibRuntimeToJarDebug UP-TO-DATE
> Task :app:bundleDebugClassesToRuntimeJar
> Task :app:bundleDebugClassesToCompileJar
> Task :core:database:processDebugJavaRes UP-TO-DATE
> Task :core:datastore:bundleLibRuntimeToJarDebug UP-TO-DATE
> Task :core:datastore:processDebugJavaRes UP-TO-DATE
> Task :core:designsystem:bundleLibRuntimeToJarDebug UP-TO-DATE
> Task :core:designsystem:prepareThemePlatformSdks UP-TO-DATE
> Task :core:designsystem:processDebugJavaRes UP-TO-DATE
> Task :core:l10n:bundleLibRuntimeToJarDebug UP-TO-DATE
> Task :core:l10n:processDebugJavaRes UP-TO-DATE
> Task :core:maps:bundleLibRuntimeToJarDebug UP-TO-DATE
> Task :core:maps:processDebugJavaRes NO-SOURCE
> Task :core:ui:bundleLibRuntimeToJarDebug UP-TO-DATE
> Task :core:ui:processDebugJavaRes UP-TO-DATE
> Task :feature:chats:bundleLibRuntimeToJarDebug UP-TO-DATE
> Task :feature:chats:processDebugJavaRes UP-TO-DATE
> Task :feature:map:bundleLibRuntimeToJarDebug UP-TO-DATE
> Task :feature:map:processDebugJavaRes UP-TO-DATE
> Task :feature:nodes:bundleLibRuntimeToJarDebug UP-TO-DATE
> Task :feature:nodes:processDebugJavaRes UP-TO-DATE
> Task :feature:onboarding:bundleLibRuntimeToJarDebug UP-TO-DATE
> Task :feature:onboarding:processDebugJavaRes UP-TO-DATE
> Task :feature:remotenodes:bundleLibRuntimeToJarDebug UP-TO-DATE
> Task :feature:remotenodes:processDebugJavaRes UP-TO-DATE
> Task :feature:settings:bundleLibRuntimeToJarDebug UP-TO-DATE
> Task :feature:settings:processDebugJavaRes UP-TO-DATE
> Task :feature:tools:bundleLibRuntimeToJarDebug UP-TO-DATE
> Task :feature:tools:processDebugJavaRes UP-TO-DATE
> Task :platform:notifications:bundleLibRuntimeToJarDebug UP-TO-DATE
> Task :platform:notifications:processDebugJavaRes NO-SOURCE
> Task :platform:shortcuts:bundleLibRuntimeToJarDebug UP-TO-DATE
> Task :platform:shortcuts:processDebugJavaRes NO-SOURCE
> Task :platform:translation:bundleLibRuntimeToJarDebug UP-TO-DATE
> Task :platform:translation:processDebugJavaRes NO-SOURCE
> Task :platform:widgets:bundleLibRuntimeToJarDebug UP-TO-DATE
> Task :platform:widgets:processDebugJavaRes NO-SOURCE
> Task :core:ble:preDebugUnitTestBuild UP-TO-DATE
> Task :core:testing:preBuild UP-TO-DATE
> Task :core:testing:preDebugBuild UP-TO-DATE
> Task :core:testing:writeDebugAarMetadata UP-TO-DATE
> Task :core:ble:checkDebugUnitTestAarMetadata UP-TO-DATE
> Task :core:ble:mapDebugUnitTestSourceSetPaths UP-TO-DATE
> Task :core:ble:generateDebugUnitTestResources UP-TO-DATE
> Task :core:testing:generateDebugResources UP-TO-DATE
> Task :core:testing:packageDebugResources UP-TO-DATE
> Task :core:ble:mergeDebugUnitTestResources UP-TO-DATE
> Task :core:testing:extractDeepLinksDebug UP-TO-DATE
> Task :core:testing:processDebugManifest UP-TO-DATE
> Task :core:ble:mergeDebugUnitTestManifest UP-TO-DATE
> Task :core:ble:processDebugUnitTestManifest UP-TO-DATE
> Task :core:testing:mapDebugSourceSetPaths UP-TO-DATE
> Task :core:testing:processDebugNavigationResources UP-TO-DATE
> Task :core:testing:compileDebugLibraryResources UP-TO-DATE
> Task :core:testing:parseDebugLocalResources UP-TO-DATE
> Task :core:testing:generateDebugRFile UP-TO-DATE
> Task :core:ble:processDebugUnitTestResources UP-TO-DATE
> Task :core:testing:compileDebugKotlin UP-TO-DATE
> Task :core:testing:javaPreCompileDebug UP-TO-DATE
> Task :core:testing:compileDebugJavaWithJavac NO-SOURCE
> Task :core:testing:bundleLibCompileToJarDebug UP-TO-DATE
> Task :core:ble:compileDebugUnitTestKotlin UP-TO-DATE
> Task :core:ble:javaPreCompileDebugUnitTest UP-TO-DATE
> Task :core:ble:compileDebugUnitTestJavaWithJavac NO-SOURCE
> Task :core:ble:generateDebugUnitTestAssets UP-TO-DATE
> Task :core:testing:generateDebugAssets UP-TO-DATE
> Task :core:testing:mergeDebugAssets UP-TO-DATE
> Task :core:ble:mergeDebugUnitTestAssets UP-TO-DATE
> Task :core:ble:packageDebugUnitTestForUnitTest UP-TO-DATE
> Task :core:ble:generateDebugUnitTestConfig UP-TO-DATE
> Task :core:ble:prepareTestSdks UP-TO-DATE
> Task :core:ble:processDebugUnitTestJavaRes UP-TO-DATE
> Task :core:testing:bundleLibRuntimeToJarDebug UP-TO-DATE
> Task :core:testing:processDebugJavaRes UP-TO-DATE
> Task :core:ble:testDebugUnitTest UP-TO-DATE
> Task :core:connectivity:preDebugUnitTestBuild UP-TO-DATE
> Task :core:connectivity:checkDebugUnitTestAarMetadata UP-TO-DATE
> Task :core:connectivity:mapDebugUnitTestSourceSetPaths UP-TO-DATE
> Task :core:connectivity:generateDebugUnitTestResources UP-TO-DATE
> Task :core:connectivity:mergeDebugUnitTestResources UP-TO-DATE
> Task :core:connectivity:mergeDebugUnitTestManifest UP-TO-DATE
> Task :core:connectivity:processDebugUnitTestManifest UP-TO-DATE
> Task :core:connectivity:processDebugUnitTestResources UP-TO-DATE
> Task :core:connectivity:compileDebugUnitTestKotlin UP-TO-DATE
> Task :core:connectivity:javaPreCompileDebugUnitTest UP-TO-DATE
> Task :core:connectivity:compileDebugUnitTestJavaWithJavac NO-SOURCE
> Task :core:connectivity:generateDebugUnitTestAssets UP-TO-DATE
> Task :core:connectivity:mergeDebugUnitTestAssets UP-TO-DATE
> Task :core:connectivity:packageDebugUnitTestForUnitTest UP-TO-DATE
> Task :core:connectivity:generateDebugUnitTestConfig UP-TO-DATE
> Task :core:connectivity:processDebugUnitTestJavaRes UP-TO-DATE
> Task :core:connectivity:testDebugUnitTest UP-TO-DATE
> Task :core:contracts:compileTestKotlin UP-TO-DATE
> Task :core:contracts:compileTestJava NO-SOURCE
> Task :core:contracts:processTestResources NO-SOURCE
> Task :core:contracts:testClasses UP-TO-DATE
> Task :core:contracts:test UP-TO-DATE
> Task :core:data:preDebugUnitTestBuild UP-TO-DATE
> Task :core:data:checkDebugUnitTestAarMetadata UP-TO-DATE
> Task :core:data:mapDebugUnitTestSourceSetPaths UP-TO-DATE
> Task :core:data:generateDebugUnitTestResources UP-TO-DATE
> Task :core:data:mergeDebugUnitTestResources UP-TO-DATE
> Task :core:data:mergeDebugUnitTestManifest UP-TO-DATE
> Task :core:data:processDebugUnitTestManifest UP-TO-DATE
> Task :core:data:processDebugUnitTestResources UP-TO-DATE
> Task :core:data:compileDebugUnitTestKotlin UP-TO-DATE
> Task :core:data:javaPreCompileDebugUnitTest UP-TO-DATE
> Task :core:data:compileDebugUnitTestJavaWithJavac NO-SOURCE
> Task :core:data:generateDebugUnitTestAssets UP-TO-DATE
> Task :core:data:mergeDebugUnitTestAssets UP-TO-DATE
> Task :core:data:packageDebugUnitTestForUnitTest UP-TO-DATE
> Task :core:data:generateDebugUnitTestConfig UP-TO-DATE
> Task :core:data:processDebugUnitTestJavaRes UP-TO-DATE
> Task :core:data:testDebugUnitTest UP-TO-DATE
> Task :app:compileDebugUnitTestKotlin

> Task :core:data:retainMessagingRoomRawEvidence
Raw failure/success inputs retained; no success validation performed

> Task :app:compileDebugUnitTestJavaWithJavac NO-SOURCE
> Task :app:processDebugUnitTestJavaRes UP-TO-DATE

> Task :app:testDebugUnitTest

NavigationComposeTest > twoHundredPercentFontRtlCjkAndShortRailKeepActionsAndTextAccessible[31] FAILED
    java.lang.AssertionError at NavigationComposeTest.kt:228

10-07 22:42:07.647 1036603 1036732 I HWUI    : Using FreeType backend (prop=Auto)

> Task :app:testDebugUnitTest

NavigationComposeTest > twoHundredPercentFontRtlCjkAndShortRailKeepActionsAndTextAccessible FAILED
    java.lang.AssertionError at NavigationComposeTest.kt:228

150 tests completed, 2 failed

> Task :app:testDebugUnitTest FAILED

> Task :core:data:retainDeviceSettingsRoomEvidence
{"raw_retained": "/home/cbattagler/meshcoreone-work/local-checks/run-6Zk6NMcJ/wp211-native/room-completion-1791430874229", "validated": false}

> Task :core:runtime:printRuntimeFailureDiagnostics
Actual failed/skipped JUnit nodes printed: 0; this is diagnostic output, not PASS.

[Incubating] Problems report is available at: file:///home/cbattagler/meshcoreone-work/local-checks/repos/ef5b4cfe42514537/android/build/reports/problems/problems-report.html

FAILURE: Build failed with an exception.

* What went wrong:
Execution failed for task ':app:testDebugUnitTest'.
> There were failing tests. See the report at: file:///home/cbattagler/meshcoreone-work/local-checks/repos/ef5b4cfe42514537/android/app/build/reports/tests/testDebugUnitTest/index.html

* Try:
> Run with --scan to get full insights from a Build Scan (powered by Develocity).

Deprecated Gradle features were used in this build, making it incompatible with Gradle 10.

You can use '--warning-mode all' to show the individual deprecation warnings and determine if they come from your own scripts or plugins.

For more on this, please refer to https://docs.gradle.org/9.8.0/userguide/command_line_interface.html#sec:command_line_warnings in the Gradle documentation.

BUILD FAILED in 1m 15s
438 actionable tasks: 14 executed, 424 up-to-date
Traceback (most recent call last):
  File "/mnt/c/Users/camer/AppData/Local/Temp/meshcore-local-mw2948y7/control/fast.py", line 113, in <module>
    main()
  File "/mnt/c/Users/camer/AppData/Local/Temp/meshcore-local-mw2948y7/control/fast.py", line 80, in main
    execute([str(args.repo / "android" / "gradlew"), "-p", str(project),
  File "/mnt/c/Users/camer/AppData/Local/Temp/meshcore-local-mw2948y7/control/fast.py", line 22, in execute
    raise subprocess.CalledProcessError(status, command)
subprocess.CalledProcessError: Command '['/home/cbattagler/meshcoreone-work/local-checks/repos/ef5b4cfe42514537/android/gradlew', '-p', '/home/cbattagler/meshcoreone-work/local-checks/repos/ef5b4cfe42514537/android', 'verifyScaffoldTests', 'verifyRoomSchema', 'validateModuleGraph', 'runtimeDependencyInventory', 'resolveScaffoldDependencies', '--console=plain', '--dependency-verification', 'strict', '--build-cache', '--no-parallel', '--max-workers=4', '-PscaffoldTestHeap=512m', '-Pwp301EvidenceDirectory=/home/cbattagler/meshcoreone-work/local-checks/run-6Zk6NMcJ/wp301-native', '-Pwp207EvidenceDirectory=/home/cbattagler/meshcoreone-work/local-checks/run-6Zk6NMcJ/wp207-native', '-PmeshCliEvidenceDirectory=/home/cbattagler/meshcoreone-work/local-checks/run-6Zk6NMcJ/wp109', '-PmeshCliInvocationFile=/home/cbattagler/meshcoreone-work/local-checks/run-6Zk6NMcJ/wp109-invocation.json', '-Pwp208LocalEvidenceDirectory=/home/cbattagler/meshcoreone-work/local-checks/run-6Zk6NMcJ/wp208-native', '-Pwp208LocalExpectedHead=f22299c1cac5b1d9b08a21cc23dcf70e4d105910']' returned non-zero exit status 1.
BLOCKED: Command '['C:\\Windows\\system32\\wsl.exe', '--distribution', 'Ubuntu-22.04', '--', 'bash', '/mnt/c/Users/camer/AppData/Local/Temp/meshcore-local-mw2948y7/control/run.sh', '/mnt/c/Users/camer/AppData/Local/Temp/meshcore-local-mw2948y7/candidate.bundle', 'f22299c1cac5b1d9b08a21cc23dcf70e4d105910', 'ef5b4cfe42514537', '/mnt/c/Users/camer/AppData/Local/Temp/meshcore-local-mw2948y7/control', 'python,preflight,verify,standalone,assemble,lint,inspect', '']' returned non-zero exit status 1.
