/usr/bin/git
/usr/bin/flock

=== Fast local check: cbattlegear-studious-train @ a19f571f95916c244b22fda8fe52e1d382811e43 ===
Waiting for shared local Gradle lane (other workstreams may be running)...
HEAD is now at a19f571f95 [WP-302] Admit the exact approved native navigation scope
Materialized 3898 tracked inputs from immutable HEAD blobs
Retained exact installed reservation bytes for relocated hook regressions
Local reports: /home/cbattagler/meshcoreone-work/local-checks/run-4ufkSaqp

===== FAST LOCAL: verify =====
Executing: /home/cbattagler/meshcoreone-work/local-checks/repos/ef5b4cfe42514537/android/gradlew -p /home/cbattagler/meshcoreone-work/local-checks/repos/ef5b4cfe42514537/android verifyScaffoldTests verifyRoomSchema validateModuleGraph runtimeDependencyInventory resolveScaffoldDependencies --console=plain --dependency-verification strict --build-cache --no-parallel --max-workers=4 -PscaffoldTestHeap=512m -Pwp301EvidenceDirectory=/home/cbattagler/meshcoreone-work/local-checks/run-4ufkSaqp/wp301-native -Pwp207EvidenceDirectory=/home/cbattagler/meshcoreone-work/local-checks/run-4ufkSaqp/wp207-native -PmeshCliEvidenceDirectory=/home/cbattagler/meshcoreone-work/local-checks/run-4ufkSaqp/wp109 -PmeshCliInvocationFile=/home/cbattagler/meshcoreone-work/local-checks/run-4ufkSaqp/wp109-invocation.json -Pwp208LocalEvidenceDirectory=/home/cbattagler/meshcoreone-work/local-checks/run-4ufkSaqp/wp208-native -Pwp208LocalExpectedHead=a19f571f95916c244b22fda8fe52e1d382811e43
> Task :build-logic:convention:checkKotlinGradlePluginConfigurationErrors SKIPPED
> Task :build-logic:convention:compileKotlin UP-TO-DATE
> Task :build-logic:convention:compileJava NO-SOURCE
> Task :build-logic:convention:pluginDescriptors UP-TO-DATE
> Task :build-logic:convention:processResources UP-TO-DATE
> Task :build-logic:convention:classes UP-TO-DATE
> Task :build-logic:convention:jar UP-TO-DATE
[=========                              ] 25%                                   
WARNING: platform-tools package is not installed.
Add android.sync.suppressAgpWarnings=MISSING_SDK_PACKAGE to the gradle.properties file to suppress this warning.
> Task :core:contracts:checkKotlinGradlePluginConfigurationErrors SKIPPED
> Task :core:model:checkKotlinGradlePluginConfigurationErrors SKIPPED
> Task :core:protocol:checkKotlinGradlePluginConfigurationErrors SKIPPED
> Task :core:protocol:compileKotlin UP-TO-DATE
> Task :core:protocol:compileJava NO-SOURCE
> Task :core:model:compileKotlin UP-TO-DATE
> Task :core:model:compileJava NO-SOURCE
> Task :core:contracts:compileKotlin UP-TO-DATE
> Task :core:contracts:compileJava NO-SOURCE
> Task :core:runtime:checkKotlinGradlePluginConfigurationErrors SKIPPED
> Task :core:runtime:compileKotlin UP-TO-DATE
> Task :core:runtime:compileJava NO-SOURCE
> Task :core:runtime:processResources NO-SOURCE
> Task :core:runtime:classes UP-TO-DATE
> Task :core:runtime:jar UP-TO-DATE
> Task :core:services:checkKotlinGradlePluginConfigurationErrors SKIPPED
> Task :core:services:compileKotlin UP-TO-DATE
> Task :core:services:compileJava NO-SOURCE
> Task :core:services:processResources NO-SOURCE
> Task :core:services:classes UP-TO-DATE
> Task :core:services:jar UP-TO-DATE
> Task :core:contracts:processResources NO-SOURCE
> Task :core:contracts:classes UP-TO-DATE
> Task :core:contracts:jar UP-TO-DATE
> Task :core:model:processResources NO-SOURCE
> Task :core:model:classes UP-TO-DATE
> Task :core:model:jar UP-TO-DATE
> Task :core:protocol:processResources NO-SOURCE
> Task :core:protocol:classes UP-TO-DATE
> Task :core:protocol:jar UP-TO-DATE
> Task :app:preBuild UP-TO-DATE
> Task :app:preDebugBuild UP-TO-DATE
> Task :app:generateDebugResources UP-TO-DATE
> Task :app:packageDebugResources UP-TO-DATE
> Task :core:ble:preBuild UP-TO-DATE
> Task :core:ble:preDebugBuild UP-TO-DATE
> Task :core:ble:processDebugNavigationResources UP-TO-DATE
> Task :core:connectivity:preBuild UP-TO-DATE
> Task :core:connectivity:preDebugBuild UP-TO-DATE
> Task :core:connectivity:processDebugNavigationResources UP-TO-DATE
> Task :core:data:preBuild UP-TO-DATE
> Task :core:data:preDebugBuild UP-TO-DATE
> Task :core:data:processDebugNavigationResources UP-TO-DATE
> Task :core:database:preBuild UP-TO-DATE
> Task :core:database:preDebugBuild UP-TO-DATE
> Task :core:database:processDebugNavigationResources UP-TO-DATE

> Task :core:datastore:verifyPreferenceNotices
{
  "result": "exact-notice-inputs-verified",
  "notices": 5,
  "normalized_windows_checkout_paths": [],
  "scope": "only exact source notice byte/hash preservation; not an APK, legal or hardware result"
}

> Task :core:datastore:preBuild
> Task :core:datastore:preDebugBuild
> Task :core:datastore:processDebugNavigationResources UP-TO-DATE
> Task :build-logic:convention:pluginUnderTestMetadata
> Task :build-logic:convention:processTestResources NO-SOURCE

> Task :core:designsystem:verifyThemeConversion
.....................
----------------------------------------------------------------------
Ran 21 tests in 3.578s

{"color_assets": 44, "converter_cases": {"discovered": 21, "errors": 0, "failed": 0, "passed": 21, "skipped": 0}, "generated_outputs": 23, "primary_inputs": 89, "recovery_locales": 12, "result": "passed", "themes": 10}
OK

> Task :core:designsystem:verifyThemeNotices
....
----------------------------------------------------------------------
Ran 4 tests in 0.013s

OK
{"notices": [{"bytes": 35149, "path": "assets/licenses/WP-301/GPL-3.0-app.txt", "sha256": "3972dc9744f6499f0f9b2dbf76696f2ae7ad8af9b23dde66d6af86c9dfb36986"}, {"bytes": 1067, "path": "assets/licenses/WP-301/Catppuccin-MIT.txt", "sha256": "814096d2c34cc216c624738a49356f32b7237733b4f7edb0685f4e50ef5074ba"}, {"bytes": 1100, "path": "assets/licenses/WP-301/Nord-MIT.txt", "sha256": "50651dcbffd506bb790bb026d1ba2cbb6fcdd74d0879680443b46c957120e39d"}, {"bytes": 1073, "path": "assets/licenses/WP-301/Solarized-MIT.txt", "sha256": "cf523d5258de35becb9d985b962057965921f94790a741daa1a74e0ead8cfc29"}], "result": "passed", "scope": "exact frozen notice bytes only"}

> Task :core:designsystem:preBuild
> Task :core:designsystem:preDebugBuild
> Task :core:designsystem:processDebugNavigationResources UP-TO-DATE

> Task :core:l10n:verifyL10nConversion
.......................................................
> Task :build-logic:convention:compileTestKotlin
> Task :build-logic:convention:compileTestJava NO-SOURCE
> Task :build-logic:convention:testClasses UP-TO-DATE
> Task :build-logic:convention:test FROM-CACHE

> Task :core:l10n:verifyL10nConversion
...................
----------------------------------------------------------------------
Ran 74 tests in 9.017s

OK
{
  "catalog_localized_records": 77,
  "english_fallback_counts": {
    "de": 0,
    "en": 0,
    "es": 0,
    "fr": 0,
    "it": 7,
    "ko": 0,
    "nl": 0,
    "pl": 0,
    "pt": 0,
    "ru": 0,
    "uk": 0,
    "zh-Hans": 0
  },
  "excluded_keys": 32,
  "generated_files": 63,
  "generated_keys": 2374,
  "input_records": 28903,
  "locales": 12,
  "localization_inputs": 169,
  "plural_keys": 11,
  "python_tests": 74,
  "source_format_adaptations": 1,
  "source_pin": "db14559b39d32322b06477c6ae676112f583db50",
  "string_keys": 2363,
  "subdivision_keys": 59,
  "unique_source_keys": 2406,
  "unsupported_inputs": []
}

> Task :core:l10n:preBuild
> Task :core:l10n:preDebugBuild
> Task :core:l10n:processDebugNavigationResources UP-TO-DATE
> Task :core:maps:preBuild UP-TO-DATE
> Task :core:maps:preDebugBuild UP-TO-DATE
> Task :core:maps:processDebugNavigationResources UP-TO-DATE

> Task :core:ui:verifySharedUiInputs
.......................................
----------------------------------------------------------------------
Ran 39 tests in 0.099s

OK
{"result": "static-accounted-not-executed-not-parity", "accounted_source_families": 130, "accounted_source_scenarios": 158, "declared_native_methods": 204, "pending_producer_families": 0}

> Task :core:ui:preBuild
> Task :core:ui:preDebugBuild
> Task :core:ui:processDebugNavigationResources UP-TO-DATE
> Task :feature:chats:preBuild UP-TO-DATE
> Task :feature:chats:preDebugBuild UP-TO-DATE
> Task :feature:chats:processDebugNavigationResources UP-TO-DATE
> Task :feature:map:preBuild UP-TO-DATE
> Task :feature:map:preDebugBuild UP-TO-DATE
> Task :feature:map:processDebugNavigationResources UP-TO-DATE
> Task :feature:nodes:preBuild UP-TO-DATE
> Task :feature:nodes:preDebugBuild UP-TO-DATE
> Task :feature:nodes:processDebugNavigationResources UP-TO-DATE
> Task :feature:onboarding:preBuild UP-TO-DATE
> Task :feature:onboarding:preDebugBuild UP-TO-DATE
> Task :feature:onboarding:processDebugNavigationResources UP-TO-DATE
> Task :feature:remotenodes:preBuild UP-TO-DATE
> Task :feature:remotenodes:preDebugBuild UP-TO-DATE
> Task :feature:remotenodes:processDebugNavigationResources UP-TO-DATE
> Task :feature:settings:preBuild UP-TO-DATE
> Task :feature:settings:preDebugBuild UP-TO-DATE
> Task :feature:settings:processDebugNavigationResources UP-TO-DATE
> Task :feature:tools:preBuild UP-TO-DATE
> Task :feature:tools:preDebugBuild UP-TO-DATE
> Task :feature:tools:processDebugNavigationResources UP-TO-DATE
> Task :platform:notifications:preBuild UP-TO-DATE
> Task :platform:notifications:preDebugBuild UP-TO-DATE
> Task :platform:notifications:processDebugNavigationResources UP-TO-DATE
> Task :platform:shortcuts:preBuild UP-TO-DATE
> Task :platform:shortcuts:preDebugBuild UP-TO-DATE
> Task :platform:shortcuts:processDebugNavigationResources UP-TO-DATE
> Task :platform:translation:preBuild UP-TO-DATE
> Task :platform:translation:preDebugBuild UP-TO-DATE
> Task :platform:translation:processDebugNavigationResources UP-TO-DATE
> Task :platform:widgets:preBuild UP-TO-DATE
> Task :platform:widgets:preDebugBuild UP-TO-DATE
> Task :platform:widgets:processDebugNavigationResources UP-TO-DATE
> Task :app:processDebugNavigationResources UP-TO-DATE
> Task :app:parseDebugLocalResources UP-TO-DATE
> Task :app:generateDebugRFile UP-TO-DATE
> Task :core:ble:generateDebugResources UP-TO-DATE
> Task :core:ble:packageDebugResources UP-TO-DATE
> Task :core:ble:parseDebugLocalResources UP-TO-DATE
> Task :core:ble:generateDebugRFile UP-TO-DATE
> Task :core:ble:compileDebugKotlin UP-TO-DATE
> Task :core:ble:javaPreCompileDebug UP-TO-DATE
> Task :core:ble:compileDebugJavaWithJavac NO-SOURCE
> Task :core:ble:bundleLibCompileToJarDebug UP-TO-DATE
> Task :core:connectivity:generateDebugResources UP-TO-DATE
> Task :core:connectivity:packageDebugResources UP-TO-DATE
> Task :core:connectivity:parseDebugLocalResources UP-TO-DATE
> Task :core:connectivity:generateDebugRFile UP-TO-DATE
> Task :core:connectivity:compileDebugKotlin UP-TO-DATE
> Task :core:connectivity:javaPreCompileDebug UP-TO-DATE
> Task :core:connectivity:compileDebugJavaWithJavac NO-SOURCE
> Task :core:connectivity:bundleLibCompileToJarDebug UP-TO-DATE
> Task :core:data:generateDebugResources UP-TO-DATE
> Task :core:data:packageDebugResources UP-TO-DATE
> Task :core:data:parseDebugLocalResources UP-TO-DATE
> Task :core:data:generateDebugRFile UP-TO-DATE
> Task :core:database:generateDebugResources UP-TO-DATE
> Task :core:database:packageDebugResources UP-TO-DATE
> Task :core:database:parseDebugLocalResources UP-TO-DATE
> Task :core:database:generateDebugRFile UP-TO-DATE
> Task :core:database:kspDebugKotlin UP-TO-DATE
> Task :core:database:compileDebugKotlin UP-TO-DATE
> Task :core:database:javaPreCompileDebug UP-TO-DATE
> Task :core:database:compileDebugJavaWithJavac NO-SOURCE
> Task :core:database:bundleLibCompileToJarDebug UP-TO-DATE
> Task :core:database:preDebugUnitTestBuild UP-TO-DATE
> Task :core:database:writeDebugAarMetadata UP-TO-DATE
> Task :core:database:checkDebugUnitTestAarMetadata
> Task :core:database:mapDebugSourceSetPaths UP-TO-DATE
> Task :core:database:compileDebugLibraryResources UP-TO-DATE
> Task :core:database:mapDebugUnitTestSourceSetPaths
> Task :core:database:generateDebugUnitTestResources FROM-CACHE
> Task :core:database:extractDeepLinksDebug UP-TO-DATE
> Task :core:database:processDebugManifest UP-TO-DATE
> Task :core:database:mergeDebugUnitTestManifest
> Task :core:database:mergeDebugUnitTestResources
> Task :core:database:processDebugUnitTestManifest
> Task :core:database:javaPreCompileDebugUnitTest FROM-CACHE
> Task :core:datastore:generateDebugResources UP-TO-DATE
> Task :core:datastore:packageDebugResources UP-TO-DATE
> Task :core:datastore:parseDebugLocalResources UP-TO-DATE
> Task :core:datastore:generateDebugRFile UP-TO-DATE
> Task :core:datastore:compileDebugKotlin UP-TO-DATE
> Task :core:datastore:javaPreCompileDebug UP-TO-DATE
> Task :core:datastore:compileDebugJavaWithJavac NO-SOURCE
> Task :core:datastore:bundleLibCompileToJarDebug UP-TO-DATE
> Task :core:data:compileDebugKotlin UP-TO-DATE
> Task :core:data:javaPreCompileDebug UP-TO-DATE
> Task :core:data:compileDebugJavaWithJavac NO-SOURCE
> Task :core:data:bundleLibCompileToJarDebug UP-TO-DATE
> Task :core:designsystem:generateDebugResources UP-TO-DATE
> Task :core:designsystem:packageDebugResources UP-TO-DATE
> Task :core:designsystem:parseDebugLocalResources UP-TO-DATE
> Task :core:designsystem:generateDebugRFile UP-TO-DATE
> Task :core:l10n:generateDebugResources UP-TO-DATE
> Task :core:l10n:packageDebugResources UP-TO-DATE
> Task :core:l10n:parseDebugLocalResources UP-TO-DATE
> Task :core:l10n:generateDebugRFile UP-TO-DATE
> Task :core:database:processDebugUnitTestResources
> Task :core:l10n:compileDebugKotlin UP-TO-DATE
> Task :core:database:kspDebugUnitTestKotlin
> Task :core:l10n:javaPreCompileDebug UP-TO-DATE
> Task :core:l10n:compileDebugJavaWithJavac NO-SOURCE
> Task :core:l10n:bundleLibCompileToJarDebug UP-TO-DATE
> Task :core:designsystem:compileDebugKotlin UP-TO-DATE
> Task :core:designsystem:javaPreCompileDebug UP-TO-DATE
> Task :core:designsystem:compileDebugJavaWithJavac NO-SOURCE
> Task :core:designsystem:bundleLibCompileToJarDebug UP-TO-DATE
> Task :core:maps:generateDebugResources UP-TO-DATE
> Task :core:maps:packageDebugResources UP-TO-DATE
> Task :core:maps:parseDebugLocalResources UP-TO-DATE
> Task :core:maps:generateDebugRFile UP-TO-DATE
> Task :core:ui:generateDebugResources UP-TO-DATE
> Task :core:ui:packageDebugResources UP-TO-DATE
> Task :core:ui:parseDebugLocalResources UP-TO-DATE
> Task :core:ui:generateDebugRFile UP-TO-DATE
> Task :core:ui:compileDebugKotlin UP-TO-DATE
> Task :core:ui:javaPreCompileDebug UP-TO-DATE
> Task :core:ui:compileDebugJavaWithJavac NO-SOURCE
> Task :core:ui:bundleLibCompileToJarDebug UP-TO-DATE
> Task :core:maps:compileDebugKotlin NO-SOURCE
> Task :core:maps:javaPreCompileDebug UP-TO-DATE
> Task :core:maps:compileDebugJavaWithJavac NO-SOURCE
> Task :core:maps:bundleLibCompileToJarDebug UP-TO-DATE
> Task :feature:chats:generateDebugResources UP-TO-DATE
> Task :feature:chats:packageDebugResources UP-TO-DATE
> Task :feature:chats:parseDebugLocalResources UP-TO-DATE
> Task :feature:chats:generateDebugRFile UP-TO-DATE
> Task :feature:chats:compileDebugKotlin UP-TO-DATE
> Task :feature:chats:javaPreCompileDebug UP-TO-DATE
> Task :feature:chats:compileDebugJavaWithJavac NO-SOURCE
> Task :feature:chats:bundleLibCompileToJarDebug UP-TO-DATE
> Task :feature:map:generateDebugResources UP-TO-DATE
> Task :feature:map:packageDebugResources UP-TO-DATE
> Task :feature:map:parseDebugLocalResources UP-TO-DATE
> Task :feature:map:generateDebugRFile UP-TO-DATE
> Task :feature:map:compileDebugKotlin UP-TO-DATE
> Task :feature:map:javaPreCompileDebug UP-TO-DATE
> Task :feature:map:compileDebugJavaWithJavac NO-SOURCE
> Task :feature:map:bundleLibCompileToJarDebug UP-TO-DATE
> Task :feature:nodes:generateDebugResources UP-TO-DATE
> Task :feature:nodes:packageDebugResources UP-TO-DATE
> Task :feature:nodes:parseDebugLocalResources UP-TO-DATE
> Task :feature:nodes:generateDebugRFile UP-TO-DATE
> Task :feature:nodes:compileDebugKotlin UP-TO-DATE
> Task :feature:nodes:javaPreCompileDebug UP-TO-DATE
> Task :feature:nodes:compileDebugJavaWithJavac NO-SOURCE
> Task :feature:nodes:bundleLibCompileToJarDebug UP-TO-DATE
> Task :feature:onboarding:generateDebugResources UP-TO-DATE
> Task :feature:onboarding:packageDebugResources UP-TO-DATE
> Task :feature:onboarding:parseDebugLocalResources UP-TO-DATE
> Task :feature:onboarding:generateDebugRFile UP-TO-DATE
> Task :feature:onboarding:compileDebugKotlin UP-TO-DATE
> Task :feature:onboarding:javaPreCompileDebug UP-TO-DATE
> Task :feature:onboarding:compileDebugJavaWithJavac NO-SOURCE
> Task :feature:onboarding:bundleLibCompileToJarDebug UP-TO-DATE
> Task :feature:remotenodes:generateDebugResources UP-TO-DATE
> Task :feature:remotenodes:packageDebugResources UP-TO-DATE
> Task :feature:remotenodes:parseDebugLocalResources UP-TO-DATE
> Task :feature:remotenodes:generateDebugRFile UP-TO-DATE
> Task :feature:remotenodes:compileDebugKotlin UP-TO-DATE
> Task :feature:remotenodes:javaPreCompileDebug UP-TO-DATE
> Task :feature:remotenodes:compileDebugJavaWithJavac NO-SOURCE
> Task :feature:remotenodes:bundleLibCompileToJarDebug UP-TO-DATE
> Task :feature:settings:generateDebugResources UP-TO-DATE
> Task :feature:settings:packageDebugResources UP-TO-DATE
> Task :feature:settings:parseDebugLocalResources UP-TO-DATE
> Task :feature:settings:generateDebugRFile UP-TO-DATE
> Task :feature:settings:compileDebugKotlin UP-TO-DATE
> Task :feature:settings:javaPreCompileDebug UP-TO-DATE
> Task :feature:settings:compileDebugJavaWithJavac NO-SOURCE
> Task :feature:settings:bundleLibCompileToJarDebug UP-TO-DATE
> Task :feature:tools:generateDebugResources UP-TO-DATE
> Task :feature:tools:packageDebugResources UP-TO-DATE
> Task :feature:tools:parseDebugLocalResources UP-TO-DATE
> Task :feature:tools:generateDebugRFile UP-TO-DATE
> Task :feature:tools:compileDebugKotlin UP-TO-DATE
> Task :feature:tools:javaPreCompileDebug UP-TO-DATE
> Task :feature:tools:compileDebugJavaWithJavac NO-SOURCE
> Task :feature:tools:bundleLibCompileToJarDebug UP-TO-DATE
> Task :platform:notifications:generateDebugResources UP-TO-DATE
> Task :platform:notifications:packageDebugResources UP-TO-DATE
> Task :platform:notifications:parseDebugLocalResources UP-TO-DATE
> Task :platform:notifications:generateDebugRFile UP-TO-DATE
> Task :platform:notifications:compileDebugKotlin NO-SOURCE
> Task :platform:notifications:javaPreCompileDebug UP-TO-DATE
> Task :platform:notifications:compileDebugJavaWithJavac NO-SOURCE
> Task :platform:notifications:bundleLibCompileToJarDebug UP-TO-DATE
> Task :platform:shortcuts:generateDebugResources UP-TO-DATE
> Task :platform:shortcuts:packageDebugResources UP-TO-DATE
> Task :platform:shortcuts:parseDebugLocalResources UP-TO-DATE
> Task :platform:shortcuts:generateDebugRFile UP-TO-DATE
> Task :platform:shortcuts:compileDebugKotlin NO-SOURCE
> Task :platform:shortcuts:javaPreCompileDebug UP-TO-DATE
> Task :platform:shortcuts:compileDebugJavaWithJavac NO-SOURCE
> Task :platform:shortcuts:bundleLibCompileToJarDebug UP-TO-DATE
> Task :platform:translation:generateDebugResources UP-TO-DATE
> Task :platform:translation:packageDebugResources UP-TO-DATE
> Task :platform:translation:parseDebugLocalResources UP-TO-DATE
> Task :platform:translation:generateDebugRFile UP-TO-DATE
> Task :platform:translation:compileDebugKotlin NO-SOURCE
> Task :platform:translation:javaPreCompileDebug UP-TO-DATE
> Task :platform:translation:compileDebugJavaWithJavac NO-SOURCE
> Task :platform:translation:bundleLibCompileToJarDebug UP-TO-DATE
> Task :platform:widgets:generateDebugResources UP-TO-DATE
> Task :platform:widgets:packageDebugResources UP-TO-DATE
> Task :platform:widgets:parseDebugLocalResources UP-TO-DATE
> Task :platform:widgets:generateDebugRFile UP-TO-DATE
> Task :platform:widgets:compileDebugKotlin NO-SOURCE
> Task :platform:widgets:javaPreCompileDebug UP-TO-DATE
> Task :platform:widgets:compileDebugJavaWithJavac NO-SOURCE
> Task :platform:widgets:bundleLibCompileToJarDebug UP-TO-DATE
> Task :app:compileDebugKotlin UP-TO-DATE
> Task :app:javaPreCompileDebug UP-TO-DATE
> Task :app:compileDebugJavaWithJavac NO-SOURCE
> Task :core:ble:writeDebugAarMetadata UP-TO-DATE
> Task :core:connectivity:writeDebugAarMetadata UP-TO-DATE
> Task :core:data:writeDebugAarMetadata UP-TO-DATE
> Task :core:datastore:writeDebugAarMetadata UP-TO-DATE
> Task :core:designsystem:writeDebugAarMetadata UP-TO-DATE
> Task :core:l10n:writeDebugAarMetadata UP-TO-DATE
> Task :core:maps:writeDebugAarMetadata UP-TO-DATE
> Task :core:ui:writeDebugAarMetadata UP-TO-DATE
> Task :feature:chats:writeDebugAarMetadata UP-TO-DATE
> Task :feature:map:writeDebugAarMetadata UP-TO-DATE
> Task :feature:nodes:writeDebugAarMetadata UP-TO-DATE
> Task :feature:onboarding:writeDebugAarMetadata UP-TO-DATE
> Task :feature:remotenodes:writeDebugAarMetadata UP-TO-DATE
> Task :feature:settings:writeDebugAarMetadata UP-TO-DATE
> Task :feature:tools:writeDebugAarMetadata UP-TO-DATE
> Task :platform:notifications:writeDebugAarMetadata UP-TO-DATE
> Task :platform:shortcuts:writeDebugAarMetadata UP-TO-DATE
> Task :platform:translation:writeDebugAarMetadata UP-TO-DATE
> Task :platform:widgets:writeDebugAarMetadata UP-TO-DATE
> Task :app:checkDebugAarMetadata UP-TO-DATE
> Task :app:mapDebugSourceSetPaths UP-TO-DATE
> Task :app:compileDebugNavigationResources UP-TO-DATE
> Task :app:mergeDebugResources UP-TO-DATE
> Task :app:createDebugCompatibleScreenManifests UP-TO-DATE
> Task :app:extractDeepLinksDebug UP-TO-DATE
> Task :core:ble:extractDeepLinksDebug UP-TO-DATE
> Task :core:ble:processDebugManifest UP-TO-DATE
> Task :core:connectivity:extractDeepLinksDebug UP-TO-DATE
> Task :core:connectivity:processDebugManifest UP-TO-DATE
> Task :core:data:extractDeepLinksDebug UP-TO-DATE
> Task :core:data:processDebugManifest UP-TO-DATE
> Task :core:datastore:extractDeepLinksDebug UP-TO-DATE
> Task :core:datastore:processDebugManifest UP-TO-DATE
> Task :core:designsystem:extractDeepLinksDebug UP-TO-DATE
> Task :core:designsystem:processDebugManifest UP-TO-DATE
> Task :core:l10n:extractDeepLinksDebug UP-TO-DATE
> Task :core:l10n:processDebugManifest UP-TO-DATE
> Task :core:maps:extractDeepLinksDebug UP-TO-DATE
> Task :core:maps:processDebugManifest UP-TO-DATE
> Task :core:ui:extractDeepLinksDebug UP-TO-DATE
> Task :core:ui:processDebugManifest UP-TO-DATE
> Task :feature:chats:extractDeepLinksDebug UP-TO-DATE
> Task :feature:chats:processDebugManifest UP-TO-DATE
> Task :feature:map:extractDeepLinksDebug UP-TO-DATE
> Task :feature:map:processDebugManifest UP-TO-DATE
> Task :feature:nodes:extractDeepLinksDebug UP-TO-DATE
> Task :feature:nodes:processDebugManifest UP-TO-DATE
> Task :feature:onboarding:extractDeepLinksDebug UP-TO-DATE
> Task :feature:onboarding:processDebugManifest UP-TO-DATE
> Task :feature:remotenodes:extractDeepLinksDebug UP-TO-DATE
> Task :feature:remotenodes:processDebugManifest UP-TO-DATE
> Task :feature:settings:extractDeepLinksDebug UP-TO-DATE
> Task :feature:settings:processDebugManifest UP-TO-DATE
> Task :feature:tools:extractDeepLinksDebug UP-TO-DATE
> Task :feature:tools:processDebugManifest UP-TO-DATE
> Task :platform:notifications:extractDeepLinksDebug UP-TO-DATE
> Task :platform:notifications:processDebugManifest UP-TO-DATE
> Task :platform:shortcuts:extractDeepLinksDebug UP-TO-DATE
> Task :platform:shortcuts:processDebugManifest UP-TO-DATE
> Task :platform:translation:extractDeepLinksDebug UP-TO-DATE
> Task :platform:translation:processDebugManifest UP-TO-DATE
> Task :platform:widgets:extractDeepLinksDebug UP-TO-DATE
> Task :platform:widgets:processDebugManifest UP-TO-DATE
> Task :app:processDebugMainManifest UP-TO-DATE
> Task :app:processDebugManifest UP-TO-DATE
> Task :app:processDebugManifestForPackage UP-TO-DATE
> Task :core:ble:mapDebugSourceSetPaths UP-TO-DATE
> Task :core:ble:compileDebugLibraryResources UP-TO-DATE
> Task :core:connectivity:mapDebugSourceSetPaths UP-TO-DATE
> Task :core:connectivity:compileDebugLibraryResources UP-TO-DATE
> Task :core:data:mapDebugSourceSetPaths UP-TO-DATE
> Task :core:data:compileDebugLibraryResources UP-TO-DATE
> Task :core:datastore:mapDebugSourceSetPaths UP-TO-DATE
> Task :core:datastore:compileDebugLibraryResources UP-TO-DATE
> Task :core:designsystem:mapDebugSourceSetPaths UP-TO-DATE
> Task :core:designsystem:compileDebugLibraryResources UP-TO-DATE
> Task :core:l10n:mapDebugSourceSetPaths UP-TO-DATE
> Task :core:l10n:compileDebugLibraryResources UP-TO-DATE
> Task :core:maps:mapDebugSourceSetPaths UP-TO-DATE
> Task :core:maps:compileDebugLibraryResources UP-TO-DATE
> Task :core:ui:mapDebugSourceSetPaths UP-TO-DATE
> Task :core:ui:compileDebugLibraryResources UP-TO-DATE
> Task :feature:chats:mapDebugSourceSetPaths UP-TO-DATE
> Task :feature:chats:compileDebugLibraryResources UP-TO-DATE
> Task :feature:map:mapDebugSourceSetPaths UP-TO-DATE
> Task :feature:map:compileDebugLibraryResources UP-TO-DATE
> Task :feature:nodes:mapDebugSourceSetPaths UP-TO-DATE
> Task :feature:nodes:compileDebugLibraryResources UP-TO-DATE
> Task :feature:onboarding:mapDebugSourceSetPaths UP-TO-DATE
> Task :feature:onboarding:compileDebugLibraryResources UP-TO-DATE
> Task :feature:remotenodes:mapDebugSourceSetPaths UP-TO-DATE
> Task :feature:remotenodes:compileDebugLibraryResources UP-TO-DATE
> Task :feature:settings:mapDebugSourceSetPaths UP-TO-DATE
> Task :feature:settings:compileDebugLibraryResources UP-TO-DATE
> Task :feature:tools:mapDebugSourceSetPaths UP-TO-DATE
> Task :feature:tools:compileDebugLibraryResources UP-TO-DATE
> Task :platform:notifications:mapDebugSourceSetPaths UP-TO-DATE
> Task :platform:notifications:compileDebugLibraryResources UP-TO-DATE
> Task :platform:shortcuts:mapDebugSourceSetPaths UP-TO-DATE
> Task :platform:shortcuts:compileDebugLibraryResources UP-TO-DATE
> Task :platform:translation:mapDebugSourceSetPaths UP-TO-DATE
> Task :platform:translation:compileDebugLibraryResources UP-TO-DATE
> Task :platform:widgets:mapDebugSourceSetPaths UP-TO-DATE
> Task :platform:widgets:compileDebugLibraryResources UP-TO-DATE
> Task :app:processDebugResources UP-TO-DATE
> Task :app:preDebugUnitTestBuild UP-TO-DATE
> Task :app:javaPreCompileDebugUnitTest FROM-CACHE
> Task :app:generateDebugAssets UP-TO-DATE
> Task :core:ble:generateDebugAssets UP-TO-DATE
> Task :core:ble:mergeDebugAssets UP-TO-DATE
> Task :core:connectivity:generateDebugAssets UP-TO-DATE
> Task :core:connectivity:mergeDebugAssets UP-TO-DATE
> Task :core:data:generateDebugAssets UP-TO-DATE
> Task :core:data:mergeDebugAssets UP-TO-DATE
> Task :core:database:generateDebugAssets UP-TO-DATE
> Task :core:database:mergeDebugAssets UP-TO-DATE
> Task :core:datastore:generateDebugAssets UP-TO-DATE
> Task :core:datastore:mergeDebugAssets UP-TO-DATE
> Task :core:designsystem:generateDebugAssets UP-TO-DATE
> Task :core:designsystem:mergeDebugAssets UP-TO-DATE
> Task :core:l10n:generateDebugAssets UP-TO-DATE
> Task :core:l10n:mergeDebugAssets UP-TO-DATE
> Task :core:maps:generateDebugAssets UP-TO-DATE
> Task :core:maps:mergeDebugAssets UP-TO-DATE
> Task :core:ui:generateDebugAssets UP-TO-DATE
> Task :core:ui:mergeDebugAssets UP-TO-DATE
> Task :feature:chats:generateDebugAssets UP-TO-DATE
> Task :feature:chats:mergeDebugAssets UP-TO-DATE
> Task :feature:map:generateDebugAssets UP-TO-DATE
> Task :app:bundleDebugClassesToCompileJar
> Task :app:bundleDebugClassesToRuntimeJar
> Task :feature:map:mergeDebugAssets UP-TO-DATE
> Task :feature:nodes:generateDebugAssets UP-TO-DATE
> Task :feature:nodes:mergeDebugAssets UP-TO-DATE
> Task :feature:onboarding:generateDebugAssets UP-TO-DATE
> Task :feature:onboarding:mergeDebugAssets UP-TO-DATE
> Task :feature:remotenodes:generateDebugAssets UP-TO-DATE
> Task :feature:remotenodes:mergeDebugAssets UP-TO-DATE
> Task :feature:settings:generateDebugAssets UP-TO-DATE
> Task :feature:settings:mergeDebugAssets UP-TO-DATE
> Task :feature:tools:generateDebugAssets UP-TO-DATE
> Task :feature:tools:mergeDebugAssets UP-TO-DATE
> Task :platform:notifications:generateDebugAssets UP-TO-DATE
> Task :platform:notifications:mergeDebugAssets UP-TO-DATE
> Task :platform:shortcuts:generateDebugAssets UP-TO-DATE
> Task :platform:shortcuts:mergeDebugAssets UP-TO-DATE
> Task :platform:translation:generateDebugAssets UP-TO-DATE
> Task :platform:translation:mergeDebugAssets UP-TO-DATE
> Task :platform:widgets:generateDebugAssets UP-TO-DATE
> Task :platform:widgets:mergeDebugAssets UP-TO-DATE
> Task :app:mergeDebugAssets UP-TO-DATE
> Task :app:packageDebugUnitTestForUnitTest
> Task :app:mergeDebugUnitTestManifest
> Task :app:processDebugUnitTestManifest
> Task :app:generateDebugUnitTestConfig

> Task :app:prepareWp302NavigationInputs
{"head": "a19f571f95916c244b22fda8fe52e1d382811e43", "nonce": "55693c09-24b9-4442-adaa-44e0ed1707a5", "result": "bound-not-executed"}

> Task :app:processDebugJavaRes UP-TO-DATE
> Task :core:ble:processDebugJavaRes UP-TO-DATE
> Task :core:ble:bundleLibRuntimeToJarDebug
> Task :core:connectivity:processDebugJavaRes UP-TO-DATE
> Task :core:connectivity:bundleLibRuntimeToJarDebug
> Task :core:data:processDebugJavaRes UP-TO-DATE
> Task :core:database:bundleLibRuntimeToJarDebug
> Task :core:database:processDebugJavaRes UP-TO-DATE
> Task :core:data:bundleLibRuntimeToJarDebug
> Task :core:datastore:processDebugJavaRes UP-TO-DATE
> Task :core:datastore:bundleLibRuntimeToJarDebug
> Task :core:designsystem:bundleLibRuntimeToJarDebug
> Task :core:designsystem:prepareThemePlatformSdks
> Task :core:designsystem:processDebugJavaRes UP-TO-DATE
> Task :core:l10n:processDebugJavaRes UP-TO-DATE
> Task :core:l10n:bundleLibRuntimeToJarDebug
> Task :core:maps:bundleLibRuntimeToJarDebug
> Task :core:maps:processDebugJavaRes NO-SOURCE
> Task :core:ui:processDebugJavaRes UP-TO-DATE
> Task :feature:chats:bundleLibRuntimeToJarDebug
> Task :feature:chats:processDebugJavaRes UP-TO-DATE
> Task :core:ui:bundleLibRuntimeToJarDebug
> Task :feature:map:bundleLibRuntimeToJarDebug
> Task :feature:map:processDebugJavaRes UP-TO-DATE
> Task :feature:nodes:bundleLibRuntimeToJarDebug
> Task :feature:nodes:processDebugJavaRes UP-TO-DATE
> Task :feature:onboarding:bundleLibRuntimeToJarDebug
> Task :feature:onboarding:processDebugJavaRes UP-TO-DATE
> Task :feature:remotenodes:bundleLibRuntimeToJarDebug
> Task :feature:remotenodes:processDebugJavaRes UP-TO-DATE
> Task :feature:settings:bundleLibRuntimeToJarDebug
> Task :feature:settings:processDebugJavaRes UP-TO-DATE
> Task :feature:tools:bundleLibRuntimeToJarDebug
> Task :feature:tools:processDebugJavaRes UP-TO-DATE
> Task :platform:notifications:bundleLibRuntimeToJarDebug
> Task :platform:notifications:processDebugJavaRes NO-SOURCE
> Task :platform:shortcuts:bundleLibRuntimeToJarDebug
> Task :platform:shortcuts:processDebugJavaRes NO-SOURCE
> Task :platform:translation:bundleLibRuntimeToJarDebug
> Task :platform:translation:processDebugJavaRes NO-SOURCE
> Task :platform:widgets:bundleLibRuntimeToJarDebug
> Task :platform:widgets:processDebugJavaRes NO-SOURCE
> Task :core:ble:preDebugUnitTestBuild UP-TO-DATE
> Task :core:testing:preBuild UP-TO-DATE
> Task :core:testing:preDebugBuild UP-TO-DATE
> Task :core:ble:mapDebugUnitTestSourceSetPaths
> Task :core:testing:writeDebugAarMetadata
> Task :core:ble:generateDebugUnitTestResources FROM-CACHE
> Task :core:ble:checkDebugUnitTestAarMetadata
> Task :core:testing:generateDebugResources FROM-CACHE
> Task :core:testing:packageDebugResources
> Task :core:testing:extractDeepLinksDebug FROM-CACHE
> Task :core:ble:mergeDebugUnitTestResources
> Task :core:testing:mapDebugSourceSetPaths
> Task :core:testing:processDebugNavigationResources FROM-CACHE
> Task :core:testing:compileDebugLibraryResources FROM-CACHE
> Task :core:testing:processDebugManifest
> Task :core:testing:parseDebugLocalResources FROM-CACHE
> Task :core:ble:mergeDebugUnitTestManifest
> Task :core:ble:processDebugUnitTestManifest
> Task :core:testing:javaPreCompileDebug FROM-CACHE
> Task :core:ble:javaPreCompileDebugUnitTest FROM-CACHE
> Task :core:ble:generateDebugUnitTestAssets UP-TO-DATE
> Task :core:testing:generateDebugAssets UP-TO-DATE
> Task :core:testing:mergeDebugAssets
> Task :core:testing:generateDebugRFile
> Task :core:ble:mergeDebugUnitTestAssets
> Task :core:ble:processDebugUnitTestResources
> Task :core:ble:packageDebugUnitTestForUnitTest
> Task :core:ble:generateDebugUnitTestConfig

> Task :app:compileDebugUnitTestKotlin
e: file:///home/cbattagler/meshcoreone-work/local-checks/repos/ef5b4cfe42514537/android/app/src/test/kotlin/com/meshcoreone/android/app/navigation/NavigationStateTest.kt:4:53 Unresolved reference 'NotificationFixture'.
e: file:///home/cbattagler/meshcoreone-work/local-checks/repos/ef5b4cfe42514537/android/app/src/test/kotlin/com/meshcoreone/android/app/navigation/NavigationStateTest.kt:220:9 Unresolved reference 'NotificationFixture'.
e: file:///home/cbattagler/meshcoreone-work/local-checks/repos/ef5b4cfe42514537/android/app/src/test/kotlin/com/meshcoreone/android/app/navigation/NavigationStateTest.kt:220:53 Cannot infer type for type parameter 'T'. Specify it explicitly.
e: file:///home/cbattagler/meshcoreone-work/local-checks/repos/ef5b4cfe42514537/android/app/src/test/kotlin/com/meshcoreone/android/app/navigation/NavigationStateTest.kt:220:53 Cannot infer type for type parameter 'R'. Specify it explicitly.
e: file:///home/cbattagler/meshcoreone-work/local-checks/repos/ef5b4cfe42514537/android/app/src/test/kotlin/com/meshcoreone/android/app/navigation/NavigationStateTest.kt:220:57 Cannot infer type for type parameter 'T'. Specify it explicitly.
e: file:///home/cbattagler/meshcoreone-work/local-checks/repos/ef5b4cfe42514537/android/app/src/test/kotlin/com/meshcoreone/android/app/navigation/NavigationStateTest.kt:221:13 Cannot infer type for type parameter 'T'. Specify it explicitly.
e: file:///home/cbattagler/meshcoreone-work/local-checks/repos/ef5b4cfe42514537/android/app/src/test/kotlin/com/meshcoreone/android/app/navigation/NavigationStateTest.kt:221:13 Cannot infer type for type parameter 'R'. Specify it explicitly.
e: file:///home/cbattagler/meshcoreone-work/local-checks/repos/ef5b4cfe42514537/android/app/src/test/kotlin/com/meshcoreone/android/app/navigation/NavigationStateTest.kt:221:31 Unresolved reference 'service'.
e: file:///home/cbattagler/meshcoreone-work/local-checks/repos/ef5b4cfe42514537/android/app/src/test/kotlin/com/meshcoreone/android/app/navigation/NavigationStateTest.kt:222:102 Unresolved reference 'outcomes'.
e: file:///home/cbattagler/meshcoreone-work/local-checks/repos/ef5b4cfe42514537/android/app/src/test/kotlin/com/meshcoreone/android/app/navigation/NavigationStateTest.kt:233:13 Unresolved reference 'NotificationFixture'.
e: file:///home/cbattagler/meshcoreone-work/local-checks/repos/ef5b4cfe42514537/android/app/src/test/kotlin/com/meshcoreone/android/app/navigation/NavigationStateTest.kt:233:71 Cannot infer type for type parameter 'T'. Specify it explicitly.
e: file:///home/cbattagler/meshcoreone-work/local-checks/repos/ef5b4cfe42514537/android/app/src/test/kotlin/com/meshcoreone/android/app/navigation/NavigationStateTest.kt:233:71 Cannot infer type for type parameter 'R'. Specify it explicitly.
e: file:///home/cbattagler/meshcoreone-work/local-checks/repos/ef5b4cfe42514537/android/app/src/test/kotlin/com/meshcoreone/android/app/navigation/NavigationStateTest.kt:233:75 Cannot infer type for type parameter 'T'. Specify it explicitly.
e: file:///home/cbattagler/meshcoreone-work/local-checks/repos/ef5b4cfe42514537/android/app/src/test/kotlin/com/meshcoreone/android/app/navigation/NavigationStateTest.kt:234:17 Cannot infer type for type parameter 'T'. Specify it explicitly.
e: file:///home/cbattagler/meshcoreone-work/local-checks/repos/ef5b4cfe42514537/android/app/src/test/kotlin/com/meshcoreone/android/app/navigation/NavigationStateTest.kt:234:17 Cannot infer type for type parameter 'R'. Specify it explicitly.
e: file:///home/cbattagler/meshcoreone-work/local-checks/repos/ef5b4cfe42514537/android/app/src/test/kotlin/com/meshcoreone/android/app/navigation/NavigationStateTest.kt:234:35 Unresolved reference 'service'.
e: file:///home/cbattagler/meshcoreone-work/local-checks/repos/ef5b4cfe42514537/android/app/src/test/kotlin/com/meshcoreone/android/app/navigation/NavigationStateTest.kt:235:70 Unresolved reference 'outcomes'.
e: file:///home/cbattagler/meshcoreone-work/local-checks/repos/ef5b4cfe42514537/android/app/src/test/kotlin/com/meshcoreone/android/app/navigation/NavigationStateTest.kt:258:9 Unresolved reference 'NotificationFixture'.
e: file:///home/cbattagler/meshcoreone-work/local-checks/repos/ef5b4cfe42514537/android/app/src/test/kotlin/com/meshcoreone/android/app/navigation/NavigationStateTest.kt:258:60 Cannot infer type for type parameter 'T'. Specify it explicitly.
e: file:///home/cbattagler/meshcoreone-work/local-checks/repos/ef5b4cfe42514537/android/app/src/test/kotlin/com/meshcoreone/android/app/navigation/NavigationStateTest.kt:258:60 Cannot infer type for type parameter 'R'. Specify it explicitly.
e: file:///home/cbattagler/meshcoreone-work/local-checks/repos/ef5b4cfe42514537/android/app/src/test/kotlin/com/meshcoreone/android/app/navigation/NavigationStateTest.kt:258:64 Cannot infer type for type parameter 'T'. Specify it explicitly.
e: file:///home/cbattagler/meshcoreone-work/local-checks/repos/ef5b4cfe42514537/android/app/src/test/kotlin/com/meshcoreone/android/app/navigation/NavigationStateTest.kt:259:13 Cannot infer type for type parameter 'T'. Specify it explicitly.
e: file:///home/cbattagler/meshcoreone-work/local-checks/repos/ef5b4cfe42514537/android/app/src/test/kotlin/com/meshcoreone/android/app/navigation/NavigationStateTest.kt:259:13 Cannot infer type for type parameter 'R'. Specify it explicitly.
e: file:///home/cbattagler/meshcoreone-work/local-checks/repos/ef5b4cfe42514537/android/app/src/test/kotlin/com/meshcoreone/android/app/navigation/NavigationStateTest.kt:259:31 Unresolved reference 'service'.
e: file:///home/cbattagler/meshcoreone-work/local-checks/repos/ef5b4cfe42514537/android/app/src/test/kotlin/com/meshcoreone/android/app/navigation/NavigationStateTest.kt:259:99 Too many arguments for 'fun <T, R> DeepRecursiveFunction<T, R>.invoke(value: T): R'.
e: file:///home/cbattagler/meshcoreone-work/local-checks/repos/ef5b4cfe42514537/android/app/src/test/kotlin/com/meshcoreone/android/app/navigation/NavigationStateTest.kt:259:114 Too many arguments for 'fun <T, R> DeepRecursiveFunction<T, R>.invoke(value: T): R'.
e: file:///home/cbattagler/meshcoreone-work/local-checks/repos/ef5b4cfe42514537/android/app/src/test/kotlin/com/meshcoreone/android/app/navigation/NavigationStateTest.kt:259:121 Too many arguments for 'fun <T, R> DeepRecursiveFunction<T, R>.invoke(value: T): R'.
e: file:///home/cbattagler/meshcoreone-work/local-checks/repos/ef5b4cfe42514537/android/app/src/test/kotlin/com/meshcoreone/android/app/navigation/NavigationStateTest.kt:260:102 Unresolved reference 'outcomes'.
e: file:///home/cbattagler/meshcoreone-work/local-checks/repos/ef5b4cfe42514537/android/app/src/test/kotlin/com/meshcoreone/android/app/navigation/NavigationStateTest.kt:272:23 Unresolved reference 'NotificationFixture'.
e: file:///home/cbattagler/meshcoreone-work/local-checks/repos/ef5b4cfe42514537/android/app/src/test/kotlin/com/meshcoreone/android/app/navigation/NavigationStateTest.kt:273:21 Cannot infer type for type parameter 'T'. Specify it explicitly.
e: file:///home/cbattagler/meshcoreone-work/local-checks/repos/ef5b4cfe42514537/android/app/src/test/kotlin/com/meshcoreone/android/app/navigation/NavigationStateTest.kt:281:37 Unresolved reference 'stale'.
e: file:///home/cbattagler/meshcoreone-work/local-checks/repos/ef5b4cfe42514537/android/app/src/test/kotlin/com/meshcoreone/android/app/navigation/OriginalNavigationTest.kt:23:32 Unresolved reference 'OriginalNavigationCases'.
e: file:///home/cbattagler/meshcoreone-work/local-checks/repos/ef5b4cfe42514537/android/app/src/test/kotlin/com/meshcoreone/android/app/navigation/OriginalNavigationTest.kt:25:39 Unresolved reference 'NavigationPersistenceFixture'.
e: file:///home/cbattagler/meshcoreone-work/local-checks/repos/ef5b4cfe42514537/android/app/src/test/kotlin/com/meshcoreone/android/app/navigation/OriginalNavigationTest.kt:28:23 Unresolved reference 'NavigationPersistenceFixture'.
e: file:///home/cbattagler/meshcoreone-work/local-checks/repos/ef5b4cfe42514537/android/app/src/test/kotlin/com/meshcoreone/android/app/navigation/OriginalNavigationTest.kt:28:72 Cannot infer type for type parameter 'T'. Specify it explicitly.
e: file:///home/cbattagler/meshcoreone-work/local-checks/repos/ef5b4cfe42514537/android/app/src/test/kotlin/com/meshcoreone/android/app/navigation/OriginalNavigationTest.kt:30:50 Unresolved reference 'close'.
e: file:///home/cbattagler/meshcoreone-work/local-checks/repos/ef5b4cfe42514537/android/app/src/test/kotlin/com/meshcoreone/android/app/navigation/OriginalNavigationTest.kt:32:21 Unresolved reference 'seeded'.

> Task :app:compileDebugUnitTestKotlin FAILED
> Task :core:ble:prepareTestSdks
> Task :core:database:copyRoomSchemas NO-SOURCE
> Task :core:testing:compileDebugKotlin
> Task :core:database:compileDebugUnitTestKotlin

[Incubating] Problems report is available at: file:///home/cbattagler/meshcoreone-work/local-checks/repos/ef5b4cfe42514537/android/build/reports/problems/problems-report.html

FAILURE: Build failed with an exception.

* What went wrong:
Execution failed for task ':app:compileDebugUnitTestKotlin' (registered by plugin 'com.android.internal.application').
> A failure occurred while executing org.jetbrains.kotlin.compilerRunner.btapi.BuildToolsApiCompilationWork
   > Compilation error. See log for more details

* Try:
> Run with --stacktrace option to get the stack trace.
> Run with --info or --debug option to get more log output.
> Run with --scan to get full insights from a Build Scan (powered by Develocity).
> Get more help at https://help.gradle.org.

Deprecated Gradle features were used in this build, making it incompatible with Gradle 10.

You can use '--warning-mode all' to show the individual deprecation warnings and determine if they come from your own scripts or plugins.

For more on this, please refer to https://docs.gradle.org/9.8.0/userguide/command_line_interface.html#sec:command_line_warnings in the Gradle documentation.

BUILD FAILED in 40s
397 actionable tasks: 61 executed, 12 from cache, 324 up-to-date
Traceback (most recent call last):
  File "/mnt/c/Users/camer/AppData/Local/Temp/meshcore-local-lcbzr4i1/control/fast.py", line 113, in <module>
    main()
  File "/mnt/c/Users/camer/AppData/Local/Temp/meshcore-local-lcbzr4i1/control/fast.py", line 80, in main
    execute([str(args.repo / "android" / "gradlew"), "-p", str(project),
  File "/mnt/c/Users/camer/AppData/Local/Temp/meshcore-local-lcbzr4i1/control/fast.py", line 22, in execute
    raise subprocess.CalledProcessError(status, command)
subprocess.CalledProcessError: Command '['/home/cbattagler/meshcoreone-work/local-checks/repos/ef5b4cfe42514537/android/gradlew', '-p', '/home/cbattagler/meshcoreone-work/local-checks/repos/ef5b4cfe42514537/android', 'verifyScaffoldTests', 'verifyRoomSchema', 'validateModuleGraph', 'runtimeDependencyInventory', 'resolveScaffoldDependencies', '--console=plain', '--dependency-verification', 'strict', '--build-cache', '--no-parallel', '--max-workers=4', '-PscaffoldTestHeap=512m', '-Pwp301EvidenceDirectory=/home/cbattagler/meshcoreone-work/local-checks/run-4ufkSaqp/wp301-native', '-Pwp207EvidenceDirectory=/home/cbattagler/meshcoreone-work/local-checks/run-4ufkSaqp/wp207-native', '-PmeshCliEvidenceDirectory=/home/cbattagler/meshcoreone-work/local-checks/run-4ufkSaqp/wp109', '-PmeshCliInvocationFile=/home/cbattagler/meshcoreone-work/local-checks/run-4ufkSaqp/wp109-invocation.json', '-Pwp208LocalEvidenceDirectory=/home/cbattagler/meshcoreone-work/local-checks/run-4ufkSaqp/wp208-native', '-Pwp208LocalExpectedHead=a19f571f95916c244b22fda8fe52e1d382811e43']' returned non-zero exit status 1.
BLOCKED: Command '['C:\\Windows\\system32\\wsl.exe', '--distribution', 'Ubuntu-22.04', '--', 'bash', '/mnt/c/Users/camer/AppData/Local/Temp/meshcore-local-lcbzr4i1/control/run.sh', '/mnt/c/Users/camer/AppData/Local/Temp/meshcore-local-lcbzr4i1/candidate.bundle', 'a19f571f95916c244b22fda8fe52e1d382811e43', 'ef5b4cfe42514537', '/mnt/c/Users/camer/AppData/Local/Temp/meshcore-local-lcbzr4i1/control', 'verify', '']' returned non-zero exit status 1.
