test_actual_static_inventory_maps_all_fifty_but_is_not_execution (test_evidence_reader.ReaderTest.test_actual_static_inventory_maps_all_fifty_but_is_not_execution) ... ok
test_changed_compiled_input_binding_fails (test_evidence_reader.ReaderTest.test_changed_compiled_input_binding_fails) ... ok
test_declared_count_disagrees_with_actual_nodes (test_evidence_reader.ReaderTest.test_declared_count_disagrees_with_actual_nodes) ... ok
test_duplicate_execution_fails (test_evidence_reader.ReaderTest.test_duplicate_execution_fails) ... ok
test_malformed_png_with_a_matching_hash_fails_before_screen_inventory (test_evidence_reader.ReaderTest.test_malformed_png_with_a_matching_hash_fails_before_screen_inventory) ... ok
test_malformed_render_bytes_fail (test_evidence_reader.ReaderTest.test_malformed_render_bytes_fail) ... ok
test_malformed_xml_fails (test_evidence_reader.ReaderTest.test_malformed_xml_fails) ... ok
test_method_name_normalization_preserves_original_family_identity (test_evidence_reader.ReaderTest.test_method_name_normalization_preserves_original_family_identity) ... ok
test_missing_binding_fields_are_not_success_shaped (test_evidence_reader.ReaderTest.test_missing_binding_fields_are_not_success_shaped) ... ok
test_missing_directory_fails (test_evidence_reader.ReaderTest.test_missing_directory_fails) ... ok
test_missing_execution_binding_fails (test_evidence_reader.ReaderTest.test_missing_execution_binding_fails) ... ok
test_missing_native_screens_fails_even_with_valid_bound_node (test_evidence_reader.ReaderTest.test_missing_native_screens_fails_even_with_valid_bound_node) ... ok
test_png_header_alone_crc_truncation_and_wrong_pixels_fail_at_the_decoder (test_evidence_reader.ReaderTest.test_png_header_alone_crc_truncation_and_wrong_pixels_fail_at_the_decoder) ... ok
test_shared_png_decoder_accepts_valid_pixels_without_granting_native_execution (test_evidence_reader.ReaderTest.test_shared_png_decoder_accepts_valid_pixels_without_granting_native_execution) ... ok
test_skipped_mandatory_node_fails (test_evidence_reader.ReaderTest.test_skipped_mandatory_node_fails) ... ok
test_stale_nonce_fails (test_evidence_reader.ReaderTest.test_stale_nonce_fails) ... ok
test_valid_pixels_do_not_replace_the_missing_native_screen_matrix (test_evidence_reader.ReaderTest.test_valid_pixels_do_not_replace_the_missing_native_screen_matrix) ... ok
test_wrong_or_unknown_sdk_fails (test_evidence_reader.ReaderTest.test_wrong_or_unknown_sdk_fails) ... ok
test_zero_tests_fails (test_evidence_reader.ReaderTest.test_zero_tests_fails) ... ok

----------------------------------------------------------------------
Ran 19 tests in 1.236s

OK
{"declared_native_nodes": 140, "original_families": 50, "result": "static-only-not-execution"}
