/usr/bin/git
/usr/bin/flock

=== Fast local check: cbattlegear-studious-train @ 67857474ef3d3012ab73c19a4943ec1334c20676 ===
Waiting for shared local Gradle lane (other workstreams may be running)...
Cloning into '/home/cbattagler/meshcoreone-work/local-checks/repos/ef5b4cfe42514537'...
HEAD is now at 67857474 Merge pull request #33 from cbattlegear/cbattlegear-refactored-spoon
Local reports: /home/cbattagler/meshcoreone-work/local-checks/run-Hn3j2KUJ

===== FAST LOCAL: preflight =====
Executing /home/cbattagler/meshcoreone-work/venv312/bin/python /home/cbattagler/meshcoreone-work/local-checks/repos/ef5b4cfe42514537/android/scaffold/check_environment.py
===== PASS: preflight =====
{
  "commit": "67857474ef3d3012ab73c19a4943ec1334c20676",
  "tree": "784ac936ef8a2d6a669167ea4e1fd89ff9c61ceb",
  "stages": [
    "preflight"
  ],
  "elapsed_seconds": 0.56,
  "scope": "Local pre-push check; not hosted/cold-cache, hardware, signing or human-gate evidence"
}
FAST LOCAL CHECK PASSED. No second cold local run is required.
